<?xml version="1.0" encoding="ISO-8859-1" ?>
<link_info>
   <banner>MSP430 Linker PC v21.6.0.LTS</banner>
   <copyright>Copyright (c) 2003-2018 Texas Instruments Incorporated</copyright>
   <link_time>0x6261d778</link_time>
   <link_errors>0x0</link_errors>
   <output_file>Final_Project.out</output_file>
   <entry_point>
      <name>_c_int00_noargs</name>
      <address>0x79fc</address>
   </entry_point>
   <input_file_list>
      <input_file id="fl-2">
         <path>.\</path>
         <kind>object</kind>
         <file>FinalProject.obj</file>
         <name>FinalProject.obj</name>
      </input_file>
      <input_file id="fl-7">
         <kind>object</kind>
         <file>&lt;internal&gt;</file>
         <name>&lt;internal&gt;</name>
      </input_file>
      <input_file id="fl-1d">
         <path>C:\ti\ccs1110\ccs\tools\compiler\ti-cgt-msp430_21.6.0.LTS\lib\</path>
         <kind>archive</kind>
         <file>rts430_eabi.lib</file>
         <name>s_atan.c.obj</name>
      </input_file>
      <input_file id="fl-1e">
         <path>C:\ti\ccs1110\ccs\tools\compiler\ti-cgt-msp430_21.6.0.LTS\lib\</path>
         <kind>archive</kind>
         <file>rts430_eabi.lib</file>
         <name>s_round.c.obj</name>
      </input_file>
      <input_file id="fl-1f">
         <path>C:\ti\ccs1110\ccs\tools\compiler\ti-cgt-msp430_21.6.0.LTS\lib\</path>
         <kind>archive</kind>
         <file>rts430_eabi.lib</file>
         <name>sprintf.c.obj</name>
      </input_file>
      <input_file id="fl-20">
         <path>C:\ti\ccs1110\ccs\tools\compiler\ti-cgt-msp430_21.6.0.LTS\lib\</path>
         <kind>archive</kind>
         <file>rts430_eabi.lib</file>
         <name>epilog.asm.obj</name>
      </input_file>
      <input_file id="fl-21">
         <path>C:\ti\ccs1110\ccs\tools\compiler\ti-cgt-msp430_21.6.0.LTS\lib\</path>
         <kind>archive</kind>
         <file>rts430_eabi.lib</file>
         <name>fs_cmp.asm.obj</name>
      </input_file>
      <input_file id="fl-22">
         <path>C:\ti\ccs1110\ccs\tools\compiler\ti-cgt-msp430_21.6.0.LTS\lib\</path>
         <kind>archive</kind>
         <file>rts430_eabi.lib</file>
         <name>fs_div.asm.obj</name>
      </input_file>
      <input_file id="fl-23">
         <path>C:\ti\ccs1110\ccs\tools\compiler\ti-cgt-msp430_21.6.0.LTS\lib\</path>
         <kind>archive</kind>
         <file>rts430_eabi.lib</file>
         <name>int14.asm.obj</name>
      </input_file>
      <input_file id="fl-24">
         <path>C:\ti\ccs1110\ccs\tools\compiler\ti-cgt-msp430_21.6.0.LTS\lib\</path>
         <kind>archive</kind>
         <file>rts430_eabi.lib</file>
         <name>int15.asm.obj</name>
      </input_file>
      <input_file id="fl-25">
         <path>C:\ti\ccs1110\ccs\tools\compiler\ti-cgt-msp430_21.6.0.LTS\lib\</path>
         <kind>archive</kind>
         <file>rts430_eabi.lib</file>
         <name>int16.asm.obj</name>
      </input_file>
      <input_file id="fl-26">
         <path>C:\ti\ccs1110\ccs\tools\compiler\ti-cgt-msp430_21.6.0.LTS\lib\</path>
         <kind>archive</kind>
         <file>rts430_eabi.lib</file>
         <name>int17.asm.obj</name>
      </input_file>
      <input_file id="fl-27">
         <path>C:\ti\ccs1110\ccs\tools\compiler\ti-cgt-msp430_21.6.0.LTS\lib\</path>
         <kind>archive</kind>
         <file>rts430_eabi.lib</file>
         <name>int18.asm.obj</name>
      </input_file>
      <input_file id="fl-28">
         <path>C:\ti\ccs1110\ccs\tools\compiler\ti-cgt-msp430_21.6.0.LTS\lib\</path>
         <kind>archive</kind>
         <file>rts430_eabi.lib</file>
         <name>int19.asm.obj</name>
      </input_file>
      <input_file id="fl-29">
         <path>C:\ti\ccs1110\ccs\tools\compiler\ti-cgt-msp430_21.6.0.LTS\lib\</path>
         <kind>archive</kind>
         <file>rts430_eabi.lib</file>
         <name>int20.asm.obj</name>
      </input_file>
      <input_file id="fl-2a">
         <path>C:\ti\ccs1110\ccs\tools\compiler\ti-cgt-msp430_21.6.0.LTS\lib\</path>
         <kind>archive</kind>
         <file>rts430_eabi.lib</file>
         <name>int21.asm.obj</name>
      </input_file>
      <input_file id="fl-2b">
         <path>C:\ti\ccs1110\ccs\tools\compiler\ti-cgt-msp430_21.6.0.LTS\lib\</path>
         <kind>archive</kind>
         <file>rts430_eabi.lib</file>
         <name>int22.asm.obj</name>
      </input_file>
      <input_file id="fl-2c">
         <path>C:\ti\ccs1110\ccs\tools\compiler\ti-cgt-msp430_21.6.0.LTS\lib\</path>
         <kind>archive</kind>
         <file>rts430_eabi.lib</file>
         <name>int24.asm.obj</name>
      </input_file>
      <input_file id="fl-2d">
         <path>C:\ti\ccs1110\ccs\tools\compiler\ti-cgt-msp430_21.6.0.LTS\lib\</path>
         <kind>archive</kind>
         <file>rts430_eabi.lib</file>
         <name>int25.asm.obj</name>
      </input_file>
      <input_file id="fl-2e">
         <path>C:\ti\ccs1110\ccs\tools\compiler\ti-cgt-msp430_21.6.0.LTS\lib\</path>
         <kind>archive</kind>
         <file>rts430_eabi.lib</file>
         <name>int27.asm.obj</name>
      </input_file>
      <input_file id="fl-2f">
         <path>C:\ti\ccs1110\ccs\tools\compiler\ti-cgt-msp430_21.6.0.LTS\lib\</path>
         <kind>archive</kind>
         <file>rts430_eabi.lib</file>
         <name>int28.asm.obj</name>
      </input_file>
      <input_file id="fl-30">
         <path>C:\ti\ccs1110\ccs\tools\compiler\ti-cgt-msp430_21.6.0.LTS\lib\</path>
         <kind>archive</kind>
         <file>rts430_eabi.lib</file>
         <name>int29.asm.obj</name>
      </input_file>
      <input_file id="fl-31">
         <path>C:\ti\ccs1110\ccs\tools\compiler\ti-cgt-msp430_21.6.0.LTS\lib\</path>
         <kind>archive</kind>
         <file>rts430_eabi.lib</file>
         <name>int30.asm.obj</name>
      </input_file>
      <input_file id="fl-32">
         <path>C:\ti\ccs1110\ccs\tools\compiler\ti-cgt-msp430_21.6.0.LTS\lib\</path>
         <kind>archive</kind>
         <file>rts430_eabi.lib</file>
         <name>isr_trap.asm.obj</name>
      </input_file>
      <input_file id="fl-33">
         <path>C:\ti\ccs1110\ccs\tools\compiler\ti-cgt-msp430_21.6.0.LTS\lib\</path>
         <kind>archive</kind>
         <file>rts430_eabi.lib</file>
         <name>lsr16.asm.obj</name>
      </input_file>
      <input_file id="fl-34">
         <path>C:\ti\ccs1110\ccs\tools\compiler\ti-cgt-msp430_21.6.0.LTS\lib\</path>
         <kind>archive</kind>
         <file>rts430_eabi.lib</file>
         <name>mult16_hw.asm.obj</name>
      </input_file>
      <input_file id="fl-35">
         <path>C:\ti\ccs1110\ccs\tools\compiler\ti-cgt-msp430_21.6.0.LTS\lib\</path>
         <kind>archive</kind>
         <file>rts430_eabi.lib</file>
         <name>mult1632_hw.asm.obj</name>
      </input_file>
      <input_file id="fl-36">
         <path>C:\ti\ccs1110\ccs\tools\compiler\ti-cgt-msp430_21.6.0.LTS\lib\</path>
         <kind>archive</kind>
         <file>rts430_eabi.lib</file>
         <name>mult32_hw.asm.obj</name>
      </input_file>
      <input_file id="fl-37">
         <path>C:\ti\ccs1110\ccs\tools\compiler\ti-cgt-msp430_21.6.0.LTS\lib\</path>
         <kind>archive</kind>
         <file>rts430_eabi.lib</file>
         <name>mult3264_hw.asm.obj</name>
      </input_file>
      <input_file id="fl-38">
         <path>C:\ti\ccs1110\ccs\tools\compiler\ti-cgt-msp430_21.6.0.LTS\lib\</path>
         <kind>archive</kind>
         <file>rts430_eabi.lib</file>
         <name>mult64_hw.asm.obj</name>
      </input_file>
      <input_file id="fl-39">
         <path>C:\ti\ccs1110\ccs\tools\compiler\ti-cgt-msp430_21.6.0.LTS\lib\</path>
         <kind>archive</kind>
         <file>rts430_eabi.lib</file>
         <name>boot.c.obj</name>
      </input_file>
      <input_file id="fl-3a">
         <path>C:\ti\ccs1110\ccs\tools\compiler\ti-cgt-msp430_21.6.0.LTS\lib\</path>
         <kind>archive</kind>
         <file>rts430_eabi.lib</file>
         <name>autoinit.c.obj</name>
      </input_file>
      <input_file id="fl-3b">
         <path>C:\ti\ccs1110\ccs\tools\compiler\ti-cgt-msp430_21.6.0.LTS\lib\</path>
         <kind>archive</kind>
         <file>rts430_eabi.lib</file>
         <name>copy_zero_init.c.obj</name>
      </input_file>
      <input_file id="fl-3c">
         <path>C:\ti\ccs1110\ccs\tools\compiler\ti-cgt-msp430_21.6.0.LTS\lib\</path>
         <kind>archive</kind>
         <file>rts430_eabi.lib</file>
         <name>cpy_tbl.c.obj</name>
      </input_file>
      <input_file id="fl-3d">
         <path>C:\ti\ccs1110\ccs\tools\compiler\ti-cgt-msp430_21.6.0.LTS\lib\</path>
         <kind>archive</kind>
         <file>rts430_eabi.lib</file>
         <name>mpu_init.c.obj</name>
      </input_file>
      <input_file id="fl-3e">
         <path>C:\ti\ccs1110\ccs\tools\compiler\ti-cgt-msp430_21.6.0.LTS\lib\</path>
         <kind>archive</kind>
         <file>rts430_eabi.lib</file>
         <name>lsr64.c.obj</name>
      </input_file>
      <input_file id="fl-3f">
         <path>C:\ti\ccs1110\ccs\tools\compiler\ti-cgt-msp430_21.6.0.LTS\lib\</path>
         <kind>archive</kind>
         <file>rts430_eabi.lib</file>
         <name>pre_init.c.obj</name>
      </input_file>
      <input_file id="fl-40">
         <path>C:\ti\ccs1110\ccs\tools\compiler\ti-cgt-msp430_21.6.0.LTS\lib\</path>
         <kind>archive</kind>
         <file>rts430_eabi.lib</file>
         <name>startup.c.obj</name>
      </input_file>
      <input_file id="fl-41">
         <path>C:\ti\ccs1110\ccs\tools\compiler\ti-cgt-msp430_21.6.0.LTS\lib\</path>
         <kind>archive</kind>
         <file>rts430_eabi.lib</file>
         <name>copy_decompress_none.c.obj</name>
      </input_file>
      <input_file id="fl-42">
         <path>C:\ti\ccs1110\ccs\tools\compiler\ti-cgt-msp430_21.6.0.LTS\lib\</path>
         <kind>archive</kind>
         <file>rts430_eabi.lib</file>
         <name>copy_decompress_lzss.c.obj</name>
      </input_file>
      <input_file id="fl-43">
         <path>C:\ti\ccs1110\ccs\tools\compiler\ti-cgt-msp430_21.6.0.LTS\lib\</path>
         <kind>archive</kind>
         <file>rts430_eabi.lib</file>
         <name>addd.c.obj</name>
      </input_file>
      <input_file id="fl-44">
         <path>C:\ti\ccs1110\ccs\tools\compiler\ti-cgt-msp430_21.6.0.LTS\lib\</path>
         <kind>archive</kind>
         <file>rts430_eabi.lib</file>
         <name>cmpd.c.obj</name>
      </input_file>
      <input_file id="fl-45">
         <path>C:\ti\ccs1110\ccs\tools\compiler\ti-cgt-msp430_21.6.0.LTS\lib\</path>
         <kind>archive</kind>
         <file>rts430_eabi.lib</file>
         <name>cvtfd.c.obj</name>
      </input_file>
      <input_file id="fl-46">
         <path>C:\ti\ccs1110\ccs\tools\compiler\ti-cgt-msp430_21.6.0.LTS\lib\</path>
         <kind>archive</kind>
         <file>rts430_eabi.lib</file>
         <name>divd.c.obj</name>
      </input_file>
      <input_file id="fl-47">
         <path>C:\ti\ccs1110\ccs\tools\compiler\ti-cgt-msp430_21.6.0.LTS\lib\</path>
         <kind>archive</kind>
         <file>rts430_eabi.lib</file>
         <name>fltlid.c.obj</name>
      </input_file>
      <input_file id="fl-48">
         <path>C:\ti\ccs1110\ccs\tools\compiler\ti-cgt-msp430_21.6.0.LTS\lib\</path>
         <kind>archive</kind>
         <file>rts430_eabi.lib</file>
         <name>frcdivd.c.obj</name>
      </input_file>
      <input_file id="fl-49">
         <path>C:\ti\ccs1110\ccs\tools\compiler\ti-cgt-msp430_21.6.0.LTS\lib\</path>
         <kind>archive</kind>
         <file>rts430_eabi.lib</file>
         <name>mpyd.c.obj</name>
      </input_file>
      <input_file id="fl-4a">
         <path>C:\ti\ccs1110\ccs\tools\compiler\ti-cgt-msp430_21.6.0.LTS\lib\</path>
         <kind>archive</kind>
         <file>rts430_eabi.lib</file>
         <name>negd.c.obj</name>
      </input_file>
      <input_file id="fl-4b">
         <path>C:\ti\ccs1110\ccs\tools\compiler\ti-cgt-msp430_21.6.0.LTS\lib\</path>
         <kind>archive</kind>
         <file>rts430_eabi.lib</file>
         <name>subd.c.obj</name>
      </input_file>
      <input_file id="fl-4c">
         <path>C:\ti\ccs1110\ccs\tools\compiler\ti-cgt-msp430_21.6.0.LTS\lib\</path>
         <kind>archive</kind>
         <file>rts430_eabi.lib</file>
         <name>cvtdf.c.obj</name>
      </input_file>
      <input_file id="fl-4d">
         <path>C:\ti\ccs1110\ccs\tools\compiler\ti-cgt-msp430_21.6.0.LTS\lib\</path>
         <kind>archive</kind>
         <file>rts430_eabi.lib</file>
         <name>exit.c.obj</name>
      </input_file>
      <input_file id="fl-4e">
         <path>C:\ti\ccs1110\ccs\tools\compiler\ti-cgt-msp430_21.6.0.LTS\lib\</path>
         <kind>archive</kind>
         <file>rts430_eabi.lib</file>
         <name>_lock.c.obj</name>
      </input_file>
      <input_file id="fl-4f">
         <path>C:\ti\ccs1110\ccs\tools\compiler\ti-cgt-msp430_21.6.0.LTS\lib\</path>
         <kind>archive</kind>
         <file>rts430_eabi.lib</file>
         <name>args_main.c.obj</name>
      </input_file>
      <input_file id="fl-50">
         <path>C:\ti\ccs1110\ccs\tools\compiler\ti-cgt-msp430_21.6.0.LTS\lib\</path>
         <kind>archive</kind>
         <file>rts430_eabi.lib</file>
         <name>memcpy.c.obj</name>
      </input_file>
      <input_file id="fl-51">
         <path>C:\ti\ccs1110\ccs\tools\compiler\ti-cgt-msp430_21.6.0.LTS\lib\</path>
         <kind>archive</kind>
         <file>rts430_eabi.lib</file>
         <name>s_floor.c.obj</name>
      </input_file>
      <input_file id="fl-52">
         <path>C:\ti\ccs1110\ccs\tools\compiler\ti-cgt-msp430_21.6.0.LTS\lib\</path>
         <kind>archive</kind>
         <file>rts430_eabi.lib</file>
         <name>_printfi.c.obj</name>
      </input_file>
      <input_file id="fl-53">
         <path>C:\ti\ccs1110\ccs\tools\compiler\ti-cgt-msp430_21.6.0.LTS\lib\</path>
         <kind>archive</kind>
         <file>rts430_eabi.lib</file>
         <name>asr16.asm.obj</name>
      </input_file>
      <input_file id="fl-54">
         <path>C:\ti\ccs1110\ccs\tools\compiler\ti-cgt-msp430_21.6.0.LTS\lib\</path>
         <kind>archive</kind>
         <file>rts430_eabi.lib</file>
         <name>asr32.asm.obj</name>
      </input_file>
      <input_file id="fl-55">
         <path>C:\ti\ccs1110\ccs\tools\compiler\ti-cgt-msp430_21.6.0.LTS\lib\</path>
         <kind>archive</kind>
         <file>rts430_eabi.lib</file>
         <name>div16u.asm.obj</name>
      </input_file>
      <input_file id="fl-56">
         <path>C:\ti\ccs1110\ccs\tools\compiler\ti-cgt-msp430_21.6.0.LTS\lib\</path>
         <kind>archive</kind>
         <file>rts430_eabi.lib</file>
         <name>div32u.asm.obj</name>
      </input_file>
      <input_file id="fl-57">
         <path>C:\ti\ccs1110\ccs\tools\compiler\ti-cgt-msp430_21.6.0.LTS\lib\</path>
         <kind>archive</kind>
         <file>rts430_eabi.lib</file>
         <name>lsl16.asm.obj</name>
      </input_file>
      <input_file id="fl-58">
         <path>C:\ti\ccs1110\ccs\tools\compiler\ti-cgt-msp430_21.6.0.LTS\lib\</path>
         <kind>archive</kind>
         <file>rts430_eabi.lib</file>
         <name>lsl32.asm.obj</name>
      </input_file>
      <input_file id="fl-59">
         <path>C:\ti\ccs1110\ccs\tools\compiler\ti-cgt-msp430_21.6.0.LTS\lib\</path>
         <kind>archive</kind>
         <file>rts430_eabi.lib</file>
         <name>lsr32.asm.obj</name>
      </input_file>
      <input_file id="fl-5a">
         <path>C:\ti\ccs1110\ccs\tools\compiler\ti-cgt-msp430_21.6.0.LTS\lib\</path>
         <kind>archive</kind>
         <file>rts430_eabi.lib</file>
         <name>mult16.asm.obj</name>
      </input_file>
      <input_file id="fl-5b">
         <path>C:\ti\ccs1110\ccs\tools\compiler\ti-cgt-msp430_21.6.0.LTS\lib\</path>
         <kind>archive</kind>
         <file>rts430_eabi.lib</file>
         <name>mult32.asm.obj</name>
      </input_file>
      <input_file id="fl-5c">
         <path>C:\ti\ccs1110\ccs\tools\compiler\ti-cgt-msp430_21.6.0.LTS\lib\</path>
         <kind>archive</kind>
         <file>rts430_eabi.lib</file>
         <name>exit_gvars.c.obj</name>
      </input_file>
      <input_file id="fl-5d">
         <path>C:\ti\ccs1110\ccs\tools\compiler\ti-cgt-msp430_21.6.0.LTS\lib\</path>
         <kind>archive</kind>
         <file>rts430_eabi.lib</file>
         <name>asr64.c.obj</name>
      </input_file>
      <input_file id="fl-5e">
         <path>C:\ti\ccs1110\ccs\tools\compiler\ti-cgt-msp430_21.6.0.LTS\lib\</path>
         <kind>archive</kind>
         <file>rts430_eabi.lib</file>
         <name>lsl64.c.obj</name>
      </input_file>
      <input_file id="fl-5f">
         <path>C:\ti\ccs1110\ccs\tools\compiler\ti-cgt-msp430_21.6.0.LTS\lib\</path>
         <kind>archive</kind>
         <file>rts430_eabi.lib</file>
         <name>div64u.c.obj</name>
      </input_file>
      <input_file id="fl-60">
         <path>C:\ti\ccs1110\ccs\tools\compiler\ti-cgt-msp430_21.6.0.LTS\lib\</path>
         <kind>archive</kind>
         <file>rts430_eabi.lib</file>
         <name>fixdi.c.obj</name>
      </input_file>
      <input_file id="fl-61">
         <path>C:\ti\ccs1110\ccs\tools\compiler\ti-cgt-msp430_21.6.0.LTS\lib\</path>
         <kind>archive</kind>
         <file>rts430_eabi.lib</file>
         <name>fixdli.c.obj</name>
      </input_file>
      <input_file id="fl-62">
         <path>C:\ti\ccs1110\ccs\tools\compiler\ti-cgt-msp430_21.6.0.LTS\lib\</path>
         <kind>archive</kind>
         <file>rts430_eabi.lib</file>
         <name>fltid.c.obj</name>
      </input_file>
      <input_file id="fl-63">
         <path>C:\ti\ccs1110\ccs\tools\compiler\ti-cgt-msp430_21.6.0.LTS\lib\</path>
         <kind>archive</kind>
         <file>rts430_eabi.lib</file>
         <name>frcmpyd.c.obj</name>
      </input_file>
      <input_file id="fl-64">
         <path>C:\ti\ccs1110\ccs\tools\compiler\ti-cgt-msp430_21.6.0.LTS\lib\</path>
         <kind>archive</kind>
         <file>rts430_eabi.lib</file>
         <name>_ltoa.c.obj</name>
      </input_file>
      <input_file id="fl-65">
         <path>C:\ti\ccs1110\ccs\tools\compiler\ti-cgt-msp430_21.6.0.LTS\lib\</path>
         <kind>archive</kind>
         <file>rts430_eabi.lib</file>
         <name>atoi.c.obj</name>
      </input_file>
      <input_file id="fl-66">
         <path>C:\ti\ccs1110\ccs\tools\compiler\ti-cgt-msp430_21.6.0.LTS\lib\</path>
         <kind>archive</kind>
         <file>rts430_eabi.lib</file>
         <name>ctype.c.obj</name>
      </input_file>
      <input_file id="fl-67">
         <path>C:\ti\ccs1110\ccs\tools\compiler\ti-cgt-msp430_21.6.0.LTS\lib\</path>
         <kind>archive</kind>
         <file>rts430_eabi.lib</file>
         <name>memccpy.c.obj</name>
      </input_file>
      <input_file id="fl-68">
         <path>C:\ti\ccs1110\ccs\tools\compiler\ti-cgt-msp430_21.6.0.LTS\lib\</path>
         <kind>archive</kind>
         <file>rts430_eabi.lib</file>
         <name>memset.c.obj</name>
      </input_file>
      <input_file id="fl-69">
         <path>C:\ti\ccs1110\ccs\tools\compiler\ti-cgt-msp430_21.6.0.LTS\lib\</path>
         <kind>archive</kind>
         <file>rts430_eabi.lib</file>
         <name>strchr.c.obj</name>
      </input_file>
      <input_file id="fl-6a">
         <path>C:\ti\ccs1110\ccs\tools\compiler\ti-cgt-msp430_21.6.0.LTS\lib\</path>
         <kind>archive</kind>
         <file>rts430_eabi.lib</file>
         <name>strlen.c.obj</name>
      </input_file>
      <input_file id="fl-6b">
         <path>C:\ti\ccs1110\ccs\tools\compiler\ti-cgt-msp430_21.6.0.LTS\lib\</path>
         <kind>archive</kind>
         <file>rts430_eabi.lib</file>
         <name>toupper.c.obj</name>
      </input_file>
      <input_file id="fl-6c">
         <path>C:\ti\ccs1110\ccs\tools\compiler\ti-cgt-msp430_21.6.0.LTS\lib\</path>
         <kind>archive</kind>
         <file>rts430_eabi.lib</file>
         <name>errno.c.obj</name>
      </input_file>
      <input_file id="fl-6d">
         <path>C:\ti\ccs1110\ccs\tools\compiler\ti-cgt-msp430_21.6.0.LTS\lib\</path>
         <kind>archive</kind>
         <file>rts430_eabi.lib</file>
         <name>abs.c.obj</name>
      </input_file>
      <input_file id="fl-6e">
         <path>C:\ti\ccs1110\ccs\tools\compiler\ti-cgt-msp430_21.6.0.LTS\lib\</path>
         <kind>archive</kind>
         <file>rts430_eabi.lib</file>
         <name>wcslen.c.obj</name>
      </input_file>
      <input_file id="fl-6f">
         <path>C:\ti\ccs1110\ccs\tools\compiler\ti-cgt-msp430_21.6.0.LTS\lib\</path>
         <kind>archive</kind>
         <file>rts430_eabi.lib</file>
         <name>s_frexp.c.obj</name>
      </input_file>
      <input_file id="fl-70">
         <path>C:\ti\ccs1110\ccs\tools\compiler\ti-cgt-msp430_21.6.0.LTS\lib\</path>
         <kind>archive</kind>
         <file>rts430_eabi.lib</file>
         <name>s_scalbn.c.obj</name>
      </input_file>
      <input_file id="fl-71">
         <path>C:\ti\ccs1110\ccs\tools\compiler\ti-cgt-msp430_21.6.0.LTS\lib\</path>
         <kind>archive</kind>
         <file>rts430_eabi.lib</file>
         <name>div32s.asm.obj</name>
      </input_file>
      <input_file id="fl-72">
         <path>C:\ti\ccs1110\ccs\tools\compiler\ti-cgt-msp430_21.6.0.LTS\lib\</path>
         <kind>archive</kind>
         <file>rts430_eabi.lib</file>
         <name>mult3264.asm.obj</name>
      </input_file>
      <input_file id="fl-73">
         <path>C:\ti\ccs1110\ccs\tools\compiler\ti-cgt-msp430_21.6.0.LTS\lib\</path>
         <kind>archive</kind>
         <file>rts430_eabi.lib</file>
         <name>mult64.asm.obj</name>
      </input_file>
      <input_file id="fl-74">
         <path>C:\ti\ccs1110\ccs\tools\compiler\ti-cgt-msp430_21.6.0.LTS\lib\</path>
         <kind>archive</kind>
         <file>rts430_eabi.lib</file>
         <name>s_copysign.c.obj</name>
      </input_file>
      <input_file id="fl-75">
         <path>C:\ti\ccs1110\ccs\tools\compiler\ti-cgt-msp430_21.6.0.LTS\lib\</path>
         <kind>archive</kind>
         <file>rts430_eabi.lib</file>
         <name>mult1632.asm.obj</name>
      </input_file>
   </input_file_list>
   <object_component_list>
      <object_component id="oc-216">
         <name>.common:dvAngle</name>
         <uninitialized>true</uninitialized>
         <run_address>0x1182</run_address>
         <size>0xa</size>
      </object_component>
      <object_component id="oc-1ee">
         <name>.common:ADCXval</name>
         <uninitialized>true</uninitialized>
         <run_address>0x118c</run_address>
         <size>0x4</size>
      </object_component>
      <object_component id="oc-1f1">
         <name>.common:ADCYval</name>
         <uninitialized>true</uninitialized>
         <run_address>0x1190</run_address>
         <size>0x4</size>
      </object_component>
      <object_component id="oc-1f2">
         <name>.common:ADCZval</name>
         <uninitialized>true</uninitialized>
         <run_address>0x1194</run_address>
         <size>0x4</size>
      </object_component>
      <object_component id="oc-284">
         <name>.common:Xper</name>
         <uninitialized>true</uninitialized>
         <run_address>0x1198</run_address>
         <size>0x4</size>
      </object_component>
      <object_component id="oc-285">
         <name>.common:Yper</name>
         <uninitialized>true</uninitialized>
         <run_address>0x119c</run_address>
         <size>0x4</size>
      </object_component>
      <object_component id="oc-286">
         <name>.common:Zper</name>
         <uninitialized>true</uninitialized>
         <run_address>0x11a0</run_address>
         <size>0x4</size>
      </object_component>
      <object_component id="oc-203">
         <name>.common:aDev</name>
         <uninitialized>true</uninitialized>
         <run_address>0x11a4</run_address>
         <size>0x4</size>
      </object_component>
      <object_component id="oc-1fa">
         <name>.data:openMSG</name>
         <load_address>0x1100</load_address>
         <run_address>0x1100</run_address>
         <size>0x28</size>
         <input_file_ref idref="fl-2"/>
      </object_component>
      <object_component id="oc-223">
         <name>.data:steady</name>
         <load_address>0x1166</load_address>
         <run_address>0x1166</run_address>
         <size>0x19</size>
         <input_file_ref idref="fl-2"/>
      </object_component>
      <object_component id="oc-21d">
         <name>.data:highdisp</name>
         <load_address>0x1128</load_address>
         <run_address>0x1128</run_address>
         <size>0x1f</size>
         <input_file_ref idref="fl-2"/>
      </object_component>
      <object_component id="oc-220">
         <name>.data:lowdisp</name>
         <load_address>0x1148</load_address>
         <run_address>0x1148</run_address>
         <size>0x1e</size>
         <input_file_ref idref="fl-2"/>
      </object_component>
      <object_component id="oc-4c0">
         <name>.data</name>
         <load_address>0x1180</load_address>
         <run_address>0x1180</run_address>
         <size>0x2</size>
         <input_file_ref idref="fl-6c"/>
      </object_component>
      <object_component id="oc-15c">
         <name>.stack</name>
         <uninitialized>true</uninitialized>
         <run_address>0x3060</run_address>
         <size>0x2</size>
         <input_file_ref idref="fl-39"/>
      </object_component>
      <object_component id="oc-64a">
         <name>.stack</name>
         <uninitialized>true</uninitialized>
         <run_address>0x3060</run_address>
         <size>0x0</size>
      </object_component>
      <object_component id="oc-2ae">
         <name>.text:__mspabi_addd</name>
         <load_address>0x3100</load_address>
         <run_address>0x3100</run_address>
         <size>0x736</size>
         <input_file_ref idref="fl-43"/>
      </object_component>
      <object_component id="oc-28c">
         <name>.text:atan</name>
         <load_address>0x3836</load_address>
         <run_address>0x3836</run_address>
         <size>0x4b8</size>
         <input_file_ref idref="fl-1d"/>
      </object_component>
      <object_component id="oc-34a">
         <name>.text:__TI_frcdivd</name>
         <load_address>0x3cee</load_address>
         <run_address>0x3cee</run_address>
         <size>0x478</size>
         <input_file_ref idref="fl-48"/>
      </object_component>
      <object_component id="oc-548">
         <name>.text:__mspabi_divull</name>
         <load_address>0x4166</load_address>
         <run_address>0x4166</run_address>
         <size>0x360</size>
         <input_file_ref idref="fl-5f"/>
      </object_component>
      <object_component id="oc-26c">
         <name>.text:__mspabi_mpyd</name>
         <load_address>0x44c6</load_address>
         <run_address>0x44c6</run_address>
         <size>0x2c0</size>
         <input_file_ref idref="fl-49"/>
      </object_component>
      <object_component id="oc-396">
         <name>.text:__TI_printfi:__TI_printfi</name>
         <load_address>0x4786</load_address>
         <run_address>0x4786</run_address>
         <size>0x288</size>
         <input_file_ref idref="fl-52"/>
      </object_component>
      <object_component id="oc-1f4">
         <name>.text:sendData</name>
         <load_address>0x4a0e</load_address>
         <run_address>0x4a0e</run_address>
         <size>0x276</size>
         <input_file_ref idref="fl-2"/>
      </object_component>
      <object_component id="oc-4cb">
         <name>.text:_pproc_fgea</name>
         <load_address>0x4c84</load_address>
         <run_address>0x4c84</run_address>
         <size>0x26e</size>
         <input_file_ref idref="fl-52"/>
      </object_component>
      <object_component id="oc-445">
         <name>.text:__TI_printfi:_setfield___TI_printfi</name>
         <load_address>0x4ef2</load_address>
         <run_address>0x4ef2</run_address>
         <size>0x252</size>
         <input_file_ref idref="fl-52"/>
      </object_component>
      <object_component id="oc-586">
         <name>.text:acvt</name>
         <load_address>0x5144</load_address>
         <run_address>0x5144</run_address>
         <size>0x244</size>
         <input_file_ref idref="fl-52"/>
      </object_component>
      <object_component id="oc-272">
         <name>.text:__mspabi_divd</name>
         <load_address>0x5388</load_address>
         <run_address>0x5388</run_address>
         <size>0x238</size>
         <input_file_ref idref="fl-46"/>
      </object_component>
      <object_component id="oc-50c">
         <name>.text:__TI_printfi:_getarg_diouxp___TI_printfi</name>
         <load_address>0x55c0</load_address>
         <run_address>0x55c0</run_address>
         <size>0x1ec</size>
         <input_file_ref idref="fl-52"/>
      </object_component>
      <object_component id="oc-55f">
         <name>.text:ecvt</name>
         <load_address>0x57ac</load_address>
         <run_address>0x57ac</run_address>
         <size>0x1de</size>
         <input_file_ref idref="fl-52"/>
      </object_component>
      <object_component id="oc-2c0">
         <name>.text:floor</name>
         <load_address>0x598a</load_address>
         <run_address>0x598a</run_address>
         <size>0x1d0</size>
         <input_file_ref idref="fl-51"/>
      </object_component>
      <object_component id="oc-572">
         <name>.text:fcvt</name>
         <load_address>0x5b5a</load_address>
         <run_address>0x5b5a</run_address>
         <size>0x1c4</size>
         <input_file_ref idref="fl-52"/>
      </object_component>
      <object_component id="oc-52b">
         <name>.text:_pconv_e</name>
         <load_address>0x5d1e</load_address>
         <run_address>0x5d1e</run_address>
         <size>0x1a6</size>
         <input_file_ref idref="fl-52"/>
      </object_component>
      <object_component id="oc-192">
         <name>.text:watchdog_timer</name>
         <load_address>0x5ec4</load_address>
         <run_address>0x5ec4</run_address>
         <size>0x18a</size>
         <input_file_ref idref="fl-2"/>
      </object_component>
      <object_component id="oc-531">
         <name>.text:_pconv_a</name>
         <load_address>0x604e</load_address>
         <run_address>0x604e</run_address>
         <size>0x174</size>
         <input_file_ref idref="fl-52"/>
      </object_component>
      <object_component id="oc-342">
         <name>.text:__TI_frcmpyd</name>
         <load_address>0x61c2</load_address>
         <run_address>0x61c2</run_address>
         <size>0x172</size>
         <input_file_ref idref="fl-63"/>
      </object_component>
      <object_component id="oc-5bd">
         <name>.text:scalbn</name>
         <load_address>0x6334</load_address>
         <run_address>0x6334</run_address>
         <size>0x16a</size>
         <input_file_ref idref="fl-70"/>
      </object_component>
      <object_component id="oc-4c5">
         <name>.text:__TI_printfi:_pproc_diouxp___TI_printfi</name>
         <load_address>0x649e</load_address>
         <run_address>0x649e</run_address>
         <size>0x14c</size>
         <input_file_ref idref="fl-52"/>
      </object_component>
      <object_component id="oc-512">
         <name>.text:__TI_printfi:_ltostr___TI_printfi</name>
         <load_address>0x65ea</load_address>
         <run_address>0x65ea</run_address>
         <size>0x12e</size>
         <input_file_ref idref="fl-52"/>
      </object_component>
      <object_component id="oc-20f">
         <name>.text:round</name>
         <load_address>0x6718</load_address>
         <run_address>0x6718</run_address>
         <size>0x10e</size>
         <input_file_ref idref="fl-1e"/>
      </object_component>
      <object_component id="oc-51f">
         <name>.text:_pconv_g</name>
         <load_address>0x6826</load_address>
         <run_address>0x6826</run_address>
         <size>0xf8</size>
         <input_file_ref idref="fl-52"/>
      </object_component>
      <object_component id="oc-43f">
         <name>.text:__TI_printfi:_pproc_fwp___TI_printfi</name>
         <load_address>0x691e</load_address>
         <run_address>0x691e</run_address>
         <size>0xe0</size>
         <input_file_ref idref="fl-52"/>
      </object_component>
      <object_component id="oc-2b4">
         <name>.text:__mspabi_cmpd</name>
         <load_address>0x69fe</load_address>
         <run_address>0x69fe</run_address>
         <size>0xdc</size>
         <input_file_ref idref="fl-44"/>
      </object_component>
      <object_component id="oc-451">
         <name>.text:__TI_printfi:_pproc_wstr___TI_printfi</name>
         <load_address>0x6ada</load_address>
         <run_address>0x6ada</run_address>
         <size>0xc4</size>
         <input_file_ref idref="fl-52"/>
      </object_component>
      <object_component id="oc-27e">
         <name>.text:__mspabi_cvtdf</name>
         <load_address>0x6b9e</load_address>
         <run_address>0x6b9e</run_address>
         <size>0xb4</size>
         <input_file_ref idref="fl-4c"/>
      </object_component>
      <object_component id="oc-580">
         <name>.text:frexp</name>
         <load_address>0x6c52</load_address>
         <run_address>0x6c52</run_address>
         <size>0xb0</size>
         <input_file_ref idref="fl-6f"/>
      </object_component>
      <object_component id="oc-44b">
         <name>.text:__TI_printfi:_pproc_str___TI_printfi</name>
         <load_address>0x6d02</load_address>
         <run_address>0x6d02</run_address>
         <size>0xac</size>
         <input_file_ref idref="fl-52"/>
      </object_component>
      <object_component id="oc-266">
         <name>.text:__mspabi_fltlid</name>
         <load_address>0x6dae</load_address>
         <run_address>0x6dae</run_address>
         <size>0xac</size>
         <input_file_ref idref="fl-47"/>
      </object_component>
      <object_component id="oc-287">
         <name>.text</name>
         <load_address>0x6e5a</load_address>
         <run_address>0x6e5a</run_address>
         <size>0x9c</size>
         <input_file_ref idref="fl-22"/>
      </object_component>
      <object_component id="oc-3dc">
         <name>.text:__mpyll</name>
         <load_address>0x6ef6</load_address>
         <run_address>0x6ef6</run_address>
         <size>0x96</size>
         <input_file_ref idref="fl-38"/>
      </object_component>
      <object_component id="oc-56b">
         <name>.text:_mcpy</name>
         <load_address>0x6f8c</load_address>
         <run_address>0x6f8c</run_address>
         <size>0x92</size>
         <input_file_ref idref="fl-52"/>
      </object_component>
      <object_component id="oc-565">
         <name>.text:_ecpy</name>
         <load_address>0x701e</load_address>
         <run_address>0x701e</run_address>
         <size>0x8e</size>
         <input_file_ref idref="fl-52"/>
      </object_component>
      <object_component id="oc-59f">
         <name>.text:__TI_ltoa</name>
         <load_address>0x70ac</load_address>
         <run_address>0x70ac</run_address>
         <size>0x84</size>
         <input_file_ref idref="fl-64"/>
      </object_component>
      <object_component id="oc-47">
         <name>.text:decompress:lzss:__TI_decompress_lzss</name>
         <load_address>0x7130</load_address>
         <run_address>0x7130</run_address>
         <size>0x7c</size>
         <input_file_ref idref="fl-42"/>
      </object_component>
      <object_component id="oc-525">
         <name>.text:_pconv_f</name>
         <load_address>0x71ac</load_address>
         <run_address>0x71ac</run_address>
         <size>0x7a</size>
         <input_file_ref idref="fl-52"/>
      </object_component>
      <object_component id="oc-599">
         <name>.text:__mspabi_fixdli</name>
         <load_address>0x7226</load_address>
         <run_address>0x7226</run_address>
         <size>0x72</size>
         <input_file_ref idref="fl-61"/>
      </object_component>
      <object_component id="oc-209">
         <name>.text:__mspabi_cvtfd</name>
         <load_address>0x7298</load_address>
         <run_address>0x7298</run_address>
         <size>0x70</size>
         <input_file_ref idref="fl-45"/>
      </object_component>
      <object_component id="oc-336">
         <name>.text:l_lsr_const</name>
         <load_address>0x7308</load_address>
         <run_address>0x7308</run_address>
         <size>0x5c</size>
         <input_file_ref idref="fl-59"/>
      </object_component>
      <object_component id="oc-311">
         <name>.text:__TI_auto_init_nobinit_nopinit_hold_wdt:__TI_auto_init_nobinit_nopinit_hold_wdt</name>
         <load_address>0x7364</load_address>
         <run_address>0x7364</run_address>
         <size>0x58</size>
         <input_file_ref idref="fl-3a"/>
      </object_component>
      <object_component id="oc-54e">
         <name>.text</name>
         <load_address>0x73bc</load_address>
         <run_address>0x73bc</run_address>
         <size>0x58</size>
         <input_file_ref idref="fl-56"/>
      </object_component>
      <object_component id="oc-235">
         <name>.text:main</name>
         <load_address>0x7414</load_address>
         <run_address>0x7414</run_address>
         <size>0x56</size>
         <input_file_ref idref="fl-2"/>
      </object_component>
      <object_component id="oc-2e0">
         <name>.text:ADC_setup</name>
         <load_address>0x746a</load_address>
         <run_address>0x746a</run_address>
         <size>0x54</size>
         <input_file_ref idref="fl-2"/>
      </object_component>
      <object_component id="oc-1fd">
         <name>.text:UART_send_String</name>
         <load_address>0x74be</load_address>
         <run_address>0x74be</run_address>
         <size>0x52</size>
         <input_file_ref idref="fl-2"/>
      </object_component>
      <object_component id="oc-4ab">
         <name>.text:atoi</name>
         <load_address>0x7510</load_address>
         <run_address>0x7510</run_address>
         <size>0x52</size>
         <input_file_ref idref="fl-65"/>
      </object_component>
      <object_component id="oc-578">
         <name>.text:_fcpy</name>
         <load_address>0x7562</load_address>
         <run_address>0x7562</run_address>
         <size>0x4e</size>
         <input_file_ref idref="fl-52"/>
      </object_component>
      <object_component id="oc-165">
         <name>.text</name>
         <load_address>0x75b0</load_address>
         <run_address>0x75b0</run_address>
         <size>0x4c</size>
         <input_file_ref idref="fl-33"/>
      </object_component>
      <object_component id="oc-3e1">
         <name>.text:__mpyull</name>
         <load_address>0x75fc</load_address>
         <run_address>0x75fc</run_address>
         <size>0x4a</size>
         <input_file_ref idref="fl-37"/>
      </object_component>
      <object_component id="oc-36a">
         <name>.text:__mspabi_srall</name>
         <load_address>0x7646</load_address>
         <run_address>0x7646</run_address>
         <size>0x4a</size>
         <input_file_ref idref="fl-5d"/>
      </object_component>
      <object_component id="oc-204">
         <name>.text</name>
         <load_address>0x7690</load_address>
         <run_address>0x7690</run_address>
         <size>0x4a</size>
         <input_file_ref idref="fl-21"/>
      </object_component>
      <object_component id="oc-3e6">
         <name>.text:__mspabi_srlll</name>
         <load_address>0x76da</load_address>
         <run_address>0x76da</run_address>
         <size>0x46</size>
         <input_file_ref idref="fl-3e"/>
      </object_component>
      <object_component id="oc-370">
         <name>.text:__mspabi_sllll</name>
         <load_address>0x7720</load_address>
         <run_address>0x7720</run_address>
         <size>0x44</size>
         <input_file_ref idref="fl-5e"/>
      </object_component>
      <object_component id="oc-5d3">
         <name>.text</name>
         <load_address>0x7764</load_address>
         <run_address>0x7764</run_address>
         <size>0x40</size>
         <input_file_ref idref="fl-71"/>
      </object_component>
      <object_component id="oc-2a2">
         <name>.text:l_asr_const</name>
         <load_address>0x77a4</load_address>
         <run_address>0x77a4</run_address>
         <size>0x3e</size>
         <input_file_ref idref="fl-54"/>
      </object_component>
      <object_component id="oc-331">
         <name>.text:l_lsl_const</name>
         <load_address>0x77e2</load_address>
         <run_address>0x77e2</run_address>
         <size>0x3e</size>
         <input_file_ref idref="fl-58"/>
      </object_component>
      <object_component id="oc-217">
         <name>.text:sprintf</name>
         <load_address>0x7820</load_address>
         <run_address>0x7820</run_address>
         <size>0x38</size>
         <input_file_ref idref="fl-1f"/>
      </object_component>
      <object_component id="oc-278">
         <name>.text:__mspabi_subd</name>
         <load_address>0x7858</load_address>
         <run_address>0x7858</run_address>
         <size>0x2e</size>
         <input_file_ref idref="fl-4b"/>
      </object_component>
      <object_component id="oc-5e3">
         <name>.text:copysign</name>
         <load_address>0x7886</load_address>
         <run_address>0x7886</run_address>
         <size>0x2e</size>
         <input_file_ref idref="fl-74"/>
      </object_component>
      <object_component id="oc-3ef">
         <name>.text</name>
         <load_address>0x78b4</load_address>
         <run_address>0x78b4</run_address>
         <size>0x2e</size>
         <input_file_ref idref="fl-36"/>
      </object_component>
      <object_component id="oc-29d">
         <name>.text</name>
         <load_address>0x78e2</load_address>
         <run_address>0x78e2</run_address>
         <size>0x2c</size>
         <input_file_ref idref="fl-53"/>
      </object_component>
      <object_component id="oc-160">
         <name>.text</name>
         <load_address>0x790e</load_address>
         <run_address>0x790e</run_address>
         <size>0x2c</size>
         <input_file_ref idref="fl-57"/>
      </object_component>
      <object_component id="oc-2ba">
         <name>.text:__mspabi_negd</name>
         <load_address>0x793a</load_address>
         <run_address>0x793a</run_address>
         <size>0x2a</size>
         <input_file_ref idref="fl-4a"/>
      </object_component>
      <object_component id="oc-2e6">
         <name>.text:UART_setup</name>
         <load_address>0x7964</load_address>
         <run_address>0x7964</run_address>
         <size>0x28</size>
         <input_file_ref idref="fl-2"/>
      </object_component>
      <object_component id="oc-5a5">
         <name>.text:__mspabi_fixdi</name>
         <load_address>0x798c</load_address>
         <run_address>0x798c</run_address>
         <size>0x28</size>
         <input_file_ref idref="fl-60"/>
      </object_component>
      <object_component id="oc-18c">
         <name>.text:ADC12ISR</name>
         <load_address>0x79b4</load_address>
         <run_address>0x79b4</run_address>
         <size>0x26</size>
         <input_file_ref idref="fl-2"/>
      </object_component>
      <object_component id="oc-498">
         <name>.text:memccpy</name>
         <load_address>0x79da</load_address>
         <run_address>0x79da</run_address>
         <size>0x22</size>
         <input_file_ref idref="fl-67"/>
      </object_component>
      <object_component id="oc-1aa">
         <name>.text:_c_int00_noargs</name>
         <load_address>0x79fc</load_address>
         <run_address>0x79fc</run_address>
         <size>0x1c</size>
         <input_file_ref idref="fl-39"/>
      </object_component>
      <object_component id="oc-2c8">
         <name>.text:_outs</name>
         <load_address>0x7a18</load_address>
         <run_address>0x7a18</run_address>
         <size>0x1a</size>
         <input_file_ref idref="fl-1f"/>
      </object_component>
      <object_component id="oc-5c3">
         <name>.text:strchr</name>
         <load_address>0x7a32</load_address>
         <run_address>0x7a32</run_address>
         <size>0x1a</size>
         <input_file_ref idref="fl-69"/>
      </object_component>
      <object_component id="oc-4e4">
         <name>.text</name>
         <load_address>0x7a4c</load_address>
         <run_address>0x7a4c</run_address>
         <size>0x16</size>
         <input_file_ref idref="fl-55"/>
      </object_component>
      <object_component id="oc-292">
         <name>.text:UART_Send_Character</name>
         <load_address>0x7a62</load_address>
         <run_address>0x7a62</run_address>
         <size>0x14</size>
         <input_file_ref idref="fl-2"/>
      </object_component>
      <object_component id="oc-198">
         <name>.text:decompress:ZI:__TI_zero_init_nomemset:__TI_zero_init_nomemset</name>
         <load_address>0x7a76</load_address>
         <run_address>0x7a76</run_address>
         <size>0x14</size>
         <input_file_ref idref="fl-3b"/>
      </object_component>
      <object_component id="oc-48b">
         <name>.text:memset</name>
         <load_address>0x7a8a</load_address>
         <run_address>0x7a8a</run_address>
         <size>0x14</size>
         <input_file_ref idref="fl-68"/>
      </object_component>
      <object_component id="oc-3f4">
         <name>.text</name>
         <load_address>0x7a9e</load_address>
         <run_address>0x7a9e</run_address>
         <size>0x14</size>
         <input_file_ref idref="fl-34"/>
      </object_component>
      <object_component id="oc-4ba">
         <name>.text:wcslen</name>
         <load_address>0x7ab2</load_address>
         <run_address>0x7ab2</run_address>
         <size>0x14</size>
         <input_file_ref idref="fl-6e"/>
      </object_component>
      <object_component id="oc-2ce">
         <name>.text:_outc</name>
         <load_address>0x7ac6</load_address>
         <run_address>0x7ac6</run_address>
         <size>0x12</size>
         <input_file_ref idref="fl-1f"/>
      </object_component>
      <object_component id="oc-4d">
         <name>.text:decompress:none:__TI_decompress_none</name>
         <load_address>0x7ad8</load_address>
         <run_address>0x7ad8</run_address>
         <size>0x12</size>
         <input_file_ref idref="fl-41"/>
      </object_component>
      <object_component id="oc-37a">
         <name>.text:l_lsr</name>
         <load_address>0x7aea</load_address>
         <run_address>0x7aea</run_address>
         <size>0x12</size>
         <input_file_ref idref="fl-59"/>
      </object_component>
      <object_component id="oc-17a">
         <name>.text:memcpy</name>
         <load_address>0x7afc</load_address>
         <run_address>0x7afc</run_address>
         <size>0x12</size>
         <input_file_ref idref="fl-50"/>
      </object_component>
      <object_component id="oc-37f">
         <name>.text:l_asr</name>
         <load_address>0x7b0e</load_address>
         <run_address>0x7b0e</run_address>
         <size>0x10</size>
         <input_file_ref idref="fl-54"/>
      </object_component>
      <object_component id="oc-16a">
         <name>.text</name>
         <load_address>0x7b1e</load_address>
         <run_address>0x7b1e</run_address>
         <size>0x10</size>
         <input_file_ref idref="fl-20"/>
      </object_component>
      <object_component id="oc-413">
         <name>.text:strlen</name>
         <load_address>0x7b2e</load_address>
         <run_address>0x7b2e</run_address>
         <size>0xe</size>
         <input_file_ref idref="fl-6a"/>
      </object_component>
      <object_component id="oc-5c9">
         <name>.text:__mspabi_fltid</name>
         <load_address>0x7b3c</load_address>
         <run_address>0x7b3c</run_address>
         <size>0xc</size>
         <input_file_ref idref="fl-62"/>
      </object_component>
      <object_component id="oc-519">
         <name>.text:toupper</name>
         <load_address>0x7b48</load_address>
         <run_address>0x7b48</run_address>
         <size>0xc</size>
         <input_file_ref idref="fl-6b"/>
      </object_component>
      <object_component id="oc-5ac">
         <name>.text:abs</name>
         <load_address>0x7b54</load_address>
         <run_address>0x7b54</run_address>
         <size>0xa</size>
         <input_file_ref idref="fl-6d"/>
      </object_component>
      <object_component id="oc-2ed">
         <name>.text:abort</name>
         <load_address>0x7b5e</load_address>
         <run_address>0x7b5e</run_address>
         <size>0x6</size>
         <input_file_ref idref="fl-4d"/>
      </object_component>
      <object_component id="oc-22f">
         <name>.text:_system_pre_init</name>
         <load_address>0x7b64</load_address>
         <run_address>0x7b64</run_address>
         <size>0x4</size>
         <input_file_ref idref="fl-3f"/>
      </object_component>
      <object_component id="oc-3b7">
         <name>.text:_system_post_cinit</name>
         <load_address>0x7b68</load_address>
         <run_address>0x7b68</run_address>
         <size>0x2</size>
         <input_file_ref idref="fl-40"/>
      </object_component>
      <object_component id="oc-187">
         <name>.text:_isr:__TI_ISR_TRAP</name>
         <load_address>0x7d32</load_address>
         <run_address>0x7d32</run_address>
         <size>0x8</size>
         <input_file_ref idref="fl-32"/>
      </object_component>
      <object_component id="oc-649">
         <name>.cinit..data.load</name>
         <load_address>0x7d3a</load_address>
         <run_address>0x7d3a</run_address>
         <size>0x70</size>
      </object_component>
      <object_component id="oc-646">
         <name>__TI_handler_table</name>
         <load_address>0x7daa</load_address>
         <run_address>0x7daa</run_address>
         <size>0x6</size>
      </object_component>
      <object_component id="oc-648">
         <name>.cinit..bss.load</name>
         <load_address>0x7db0</load_address>
         <run_address>0x7db0</run_address>
         <size>0x4</size>
      </object_component>
      <object_component id="oc-647">
         <name>__TI_cinit_table</name>
         <load_address>0x7db4</load_address>
         <run_address>0x7db4</run_address>
         <size>0x8</size>
      </object_component>
      <object_component id="oc-4f1">
         <name>.const:.string:_ctypes_</name>
         <load_address>0x7b6a</load_address>
         <run_address>0x7b6a</run_address>
         <size>0x101</size>
         <input_file_ref idref="fl-66"/>
      </object_component>
      <object_component id="oc-35c">
         <name>.const:aT</name>
         <load_address>0x7c6c</load_address>
         <run_address>0x7c6c</run_address>
         <size>0x58</size>
         <input_file_ref idref="fl-1d"/>
      </object_component>
      <object_component id="oc-491">
         <name>.const:.string</name>
         <load_address>0x7cc4</load_address>
         <run_address>0x7cc4</run_address>
         <size>0x26</size>
         <input_file_ref idref="fl-52"/>
      </object_component>
      <object_component id="oc-356">
         <name>.const:atanhi</name>
         <load_address>0x7cea</load_address>
         <run_address>0x7cea</run_address>
         <size>0x20</size>
         <input_file_ref idref="fl-1d"/>
      </object_component>
      <object_component id="oc-359">
         <name>.const:atanlo</name>
         <load_address>0x7d0a</load_address>
         <run_address>0x7d0a</run_address>
         <size>0x20</size>
         <input_file_ref idref="fl-1d"/>
      </object_component>
      <object_component id="oc-215">
         <name>.const:.string</name>
         <load_address>0x7d2a</load_address>
         <run_address>0x7d2a</run_address>
         <size>0x8</size>
         <input_file_ref idref="fl-2"/>
      </object_component>
      <object_component id="oc-5f7">
         <name>.binit</name>
         <load_address>0x3100</load_address>
         <run_address>0x3100</run_address>
         <size>0x0</size>
      </object_component>
      <object_component id="oc-53">
         <name>.int14</name>
         <load_address>0xffdc</load_address>
         <run_address>0xffdc</run_address>
         <size>0x2</size>
         <input_file_ref idref="fl-23"/>
      </object_component>
      <object_component id="oc-54">
         <name>.int15</name>
         <load_address>0xffde</load_address>
         <run_address>0xffde</run_address>
         <size>0x2</size>
         <input_file_ref idref="fl-24"/>
      </object_component>
      <object_component id="oc-55">
         <name>.int16</name>
         <load_address>0xffe0</load_address>
         <run_address>0xffe0</run_address>
         <size>0x2</size>
         <input_file_ref idref="fl-25"/>
      </object_component>
      <object_component id="oc-56">
         <name>.int17</name>
         <load_address>0xffe2</load_address>
         <run_address>0xffe2</run_address>
         <size>0x2</size>
         <input_file_ref idref="fl-26"/>
      </object_component>
      <object_component id="oc-57">
         <name>.int18</name>
         <load_address>0xffe4</load_address>
         <run_address>0xffe4</run_address>
         <size>0x2</size>
         <input_file_ref idref="fl-27"/>
      </object_component>
      <object_component id="oc-58">
         <name>.int19</name>
         <load_address>0xffe6</load_address>
         <run_address>0xffe6</run_address>
         <size>0x2</size>
         <input_file_ref idref="fl-28"/>
      </object_component>
      <object_component id="oc-59">
         <name>.int20</name>
         <load_address>0xffe8</load_address>
         <run_address>0xffe8</run_address>
         <size>0x2</size>
         <input_file_ref idref="fl-29"/>
      </object_component>
      <object_component id="oc-5a">
         <name>.int21</name>
         <load_address>0xffea</load_address>
         <run_address>0xffea</run_address>
         <size>0x2</size>
         <input_file_ref idref="fl-2a"/>
      </object_component>
      <object_component id="oc-5b">
         <name>.int22</name>
         <load_address>0xffec</load_address>
         <run_address>0xffec</run_address>
         <size>0x2</size>
         <input_file_ref idref="fl-2b"/>
      </object_component>
      <object_component id="oc-5c">
         <name>.int23</name>
         <load_address>0xffee</load_address>
         <run_address>0xffee</run_address>
         <size>0x2</size>
         <input_file_ref idref="fl-2"/>
      </object_component>
      <object_component id="oc-5d">
         <name>.int24</name>
         <load_address>0xfff0</load_address>
         <run_address>0xfff0</run_address>
         <size>0x2</size>
         <input_file_ref idref="fl-2c"/>
      </object_component>
      <object_component id="oc-5e">
         <name>.int25</name>
         <load_address>0xfff2</load_address>
         <run_address>0xfff2</run_address>
         <size>0x2</size>
         <input_file_ref idref="fl-2d"/>
      </object_component>
      <object_component id="oc-5f">
         <name>.int26</name>
         <load_address>0xfff4</load_address>
         <run_address>0xfff4</run_address>
         <size>0x2</size>
         <input_file_ref idref="fl-2"/>
      </object_component>
      <object_component id="oc-60">
         <name>.int27</name>
         <load_address>0xfff6</load_address>
         <run_address>0xfff6</run_address>
         <size>0x2</size>
         <input_file_ref idref="fl-2e"/>
      </object_component>
      <object_component id="oc-61">
         <name>.int28</name>
         <load_address>0xfff8</load_address>
         <run_address>0xfff8</run_address>
         <size>0x2</size>
         <input_file_ref idref="fl-2f"/>
      </object_component>
      <object_component id="oc-62">
         <name>.int29</name>
         <load_address>0xfffa</load_address>
         <run_address>0xfffa</run_address>
         <size>0x2</size>
         <input_file_ref idref="fl-30"/>
      </object_component>
      <object_component id="oc-63">
         <name>.int30</name>
         <load_address>0xfffc</load_address>
         <run_address>0xfffc</run_address>
         <size>0x2</size>
         <input_file_ref idref="fl-31"/>
      </object_component>
      <object_component id="oc-15f">
         <name>.reset</name>
         <load_address>0xfffe</load_address>
         <run_address>0xfffe</run_address>
         <size>0x2</size>
         <input_file_ref idref="fl-39"/>
      </object_component>
      <object_component id="oc-1ef">
         <name>.debug_info</name>
         <load_address>0x0</load_address>
         <run_address>0x0</run_address>
         <size>0x60f</size>
         <input_file_ref idref="fl-2"/>
      </object_component>
      <object_component id="oc-1fb">
         <name>.debug_info</name>
         <load_address>0x60f</load_address>
         <run_address>0x60f</run_address>
         <size>0xd7</size>
         <input_file_ref idref="fl-2"/>
      </object_component>
      <object_component id="oc-224">
         <name>.debug_info</name>
         <load_address>0x6e6</load_address>
         <run_address>0x6e6</run_address>
         <size>0xd5</size>
         <input_file_ref idref="fl-2"/>
      </object_component>
      <object_component id="oc-21e">
         <name>.debug_info</name>
         <load_address>0x7bb</load_address>
         <run_address>0x7bb</run_address>
         <size>0xd9</size>
         <input_file_ref idref="fl-2"/>
      </object_component>
      <object_component id="oc-221">
         <name>.debug_info</name>
         <load_address>0x894</load_address>
         <run_address>0x894</run_address>
         <size>0xd7</size>
         <input_file_ref idref="fl-2"/>
      </object_component>
      <object_component id="oc-236">
         <name>.debug_info</name>
         <load_address>0x96b</load_address>
         <run_address>0x96b</run_address>
         <size>0x12a</size>
         <input_file_ref idref="fl-2"/>
      </object_component>
      <object_component id="oc-2e7">
         <name>.debug_info</name>
         <load_address>0xa95</load_address>
         <run_address>0xa95</run_address>
         <size>0x117</size>
         <input_file_ref idref="fl-2"/>
      </object_component>
      <object_component id="oc-1f5">
         <name>.debug_info</name>
         <load_address>0xbac</load_address>
         <run_address>0xbac</run_address>
         <size>0x3ed</size>
         <input_file_ref idref="fl-2"/>
      </object_component>
      <object_component id="oc-293">
         <name>.debug_info</name>
         <load_address>0xf99</load_address>
         <run_address>0xf99</run_address>
         <size>0x158</size>
         <input_file_ref idref="fl-2"/>
      </object_component>
      <object_component id="oc-1fe">
         <name>.debug_info</name>
         <load_address>0x10f1</load_address>
         <run_address>0x10f1</run_address>
         <size>0x1d3</size>
         <input_file_ref idref="fl-2"/>
      </object_component>
      <object_component id="oc-2e1">
         <name>.debug_info</name>
         <load_address>0x12c4</load_address>
         <run_address>0x12c4</run_address>
         <size>0x121</size>
         <input_file_ref idref="fl-2"/>
      </object_component>
      <object_component id="oc-18d">
         <name>.debug_info</name>
         <load_address>0x13e5</load_address>
         <run_address>0x13e5</run_address>
         <size>0x114</size>
         <input_file_ref idref="fl-2"/>
      </object_component>
      <object_component id="oc-193">
         <name>.debug_info</name>
         <load_address>0x14f9</load_address>
         <run_address>0x14f9</run_address>
         <size>0x2ad</size>
         <input_file_ref idref="fl-2"/>
      </object_component>
      <object_component id="oc-25c">
         <name>.debug_info</name>
         <load_address>0x17a6</load_address>
         <run_address>0x17a6</run_address>
         <size>0x26b</size>
         <input_file_ref idref="fl-2"/>
      </object_component>
      <object_component id="oc-175">
         <name>.debug_info</name>
         <load_address>0x1a11</load_address>
         <run_address>0x1a11</run_address>
         <size>0x84</size>
         <input_file_ref idref="fl-2"/>
      </object_component>
      <object_component id="oc-32c">
         <name>.debug_info</name>
         <load_address>0x1a95</load_address>
         <run_address>0x1a95</run_address>
         <size>0x282</size>
         <input_file_ref idref="fl-2"/>
      </object_component>
      <object_component id="oc-39e">
         <name>.debug_info</name>
         <load_address>0x1d17</load_address>
         <run_address>0x1d17</run_address>
         <size>0x2c</size>
         <input_file_ref idref="fl-2"/>
      </object_component>
      <object_component id="oc-261">
         <name>.debug_info</name>
         <load_address>0x1d43</load_address>
         <run_address>0x1d43</run_address>
         <size>0x35</size>
         <input_file_ref idref="fl-2"/>
      </object_component>
      <object_component id="oc-401">
         <name>.debug_info</name>
         <load_address>0x1d78</load_address>
         <run_address>0x1d78</run_address>
         <size>0x182</size>
         <input_file_ref idref="fl-1d"/>
      </object_component>
      <object_component id="oc-357">
         <name>.debug_info</name>
         <load_address>0x1efa</load_address>
         <run_address>0x1efa</run_address>
         <size>0x101</size>
         <input_file_ref idref="fl-1d"/>
      </object_component>
      <object_component id="oc-35a">
         <name>.debug_info</name>
         <load_address>0x1ffb</load_address>
         <run_address>0x1ffb</run_address>
         <size>0x101</size>
         <input_file_ref idref="fl-1d"/>
      </object_component>
      <object_component id="oc-35d">
         <name>.debug_info</name>
         <load_address>0x20fc</load_address>
         <run_address>0x20fc</run_address>
         <size>0xf9</size>
         <input_file_ref idref="fl-1d"/>
      </object_component>
      <object_component id="oc-28e">
         <name>.debug_info</name>
         <load_address>0x21f5</load_address>
         <run_address>0x21f5</run_address>
         <size>0x5e4</size>
         <input_file_ref idref="fl-1d"/>
      </object_component>
      <object_component id="oc-406">
         <name>.debug_info</name>
         <load_address>0x27d9</load_address>
         <run_address>0x27d9</run_address>
         <size>0x39</size>
         <input_file_ref idref="fl-1d"/>
      </object_component>
      <object_component id="oc-360">
         <name>.debug_info</name>
         <load_address>0x2812</load_address>
         <run_address>0x2812</run_address>
         <size>0x39</size>
         <input_file_ref idref="fl-1d"/>
      </object_component>
      <object_component id="oc-2c7">
         <name>.debug_info</name>
         <load_address>0x284b</load_address>
         <run_address>0x284b</run_address>
         <size>0x188</size>
         <input_file_ref idref="fl-1e"/>
      </object_component>
      <object_component id="oc-213">
         <name>.debug_info</name>
         <load_address>0x29d3</load_address>
         <run_address>0x29d3</run_address>
         <size>0x255</size>
         <input_file_ref idref="fl-1e"/>
      </object_component>
      <object_component id="oc-2d6">
         <name>.debug_info</name>
         <load_address>0x2c28</load_address>
         <run_address>0x2c28</run_address>
         <size>0x20b</size>
         <input_file_ref idref="fl-1f"/>
      </object_component>
      <object_component id="oc-21b">
         <name>.debug_info</name>
         <load_address>0x2e33</load_address>
         <run_address>0x2e33</run_address>
         <size>0x1c2</size>
         <input_file_ref idref="fl-1f"/>
      </object_component>
      <object_component id="oc-2cb">
         <name>.debug_info</name>
         <load_address>0x2ff5</load_address>
         <run_address>0x2ff5</run_address>
         <size>0x198</size>
         <input_file_ref idref="fl-1f"/>
      </object_component>
      <object_component id="oc-2d1">
         <name>.debug_info</name>
         <load_address>0x318d</load_address>
         <run_address>0x318d</run_address>
         <size>0x16d</size>
         <input_file_ref idref="fl-1f"/>
      </object_component>
      <object_component id="oc-4a1">
         <name>.debug_info</name>
         <load_address>0x32fa</load_address>
         <run_address>0x32fa</run_address>
         <size>0x2c</size>
         <input_file_ref idref="fl-1f"/>
      </object_component>
      <object_component id="oc-16b">
         <name>.debug_info</name>
         <load_address>0x3326</load_address>
         <run_address>0x3326</run_address>
         <size>0x12e</size>
         <input_file_ref idref="fl-20"/>
      </object_component>
      <object_component id="oc-205">
         <name>.debug_info</name>
         <load_address>0x3454</load_address>
         <run_address>0x3454</run_address>
         <size>0x12d</size>
         <input_file_ref idref="fl-21"/>
      </object_component>
      <object_component id="oc-28a">
         <name>.debug_info</name>
         <load_address>0x3581</load_address>
         <run_address>0x3581</run_address>
         <size>0x121</size>
         <input_file_ref idref="fl-22"/>
      </object_component>
      <object_component id="oc-189">
         <name>.debug_info</name>
         <load_address>0x36a2</load_address>
         <run_address>0x36a2</run_address>
         <size>0x10f</size>
         <input_file_ref idref="fl-32"/>
      </object_component>
      <object_component id="oc-167">
         <name>.debug_info</name>
         <load_address>0x37b1</load_address>
         <run_address>0x37b1</run_address>
         <size>0x120</size>
         <input_file_ref idref="fl-33"/>
      </object_component>
      <object_component id="oc-3f5">
         <name>.debug_info</name>
         <load_address>0x38d1</load_address>
         <run_address>0x38d1</run_address>
         <size>0x11f</size>
         <input_file_ref idref="fl-34"/>
      </object_component>
      <object_component id="oc-3f0">
         <name>.debug_info</name>
         <load_address>0x39f0</load_address>
         <run_address>0x39f0</run_address>
         <size>0x11f</size>
         <input_file_ref idref="fl-36"/>
      </object_component>
      <object_component id="oc-3e3">
         <name>.debug_info</name>
         <load_address>0x3b0f</load_address>
         <run_address>0x3b0f</run_address>
         <size>0x125</size>
         <input_file_ref idref="fl-37"/>
      </object_component>
      <object_component id="oc-3de">
         <name>.debug_info</name>
         <load_address>0x3c34</load_address>
         <run_address>0x3c34</run_address>
         <size>0x121</size>
         <input_file_ref idref="fl-38"/>
      </object_component>
      <object_component id="oc-15d">
         <name>.debug_info</name>
         <load_address>0x3d55</load_address>
         <run_address>0x3d55</run_address>
         <size>0x100</size>
         <input_file_ref idref="fl-39"/>
      </object_component>
      <object_component id="oc-1ae">
         <name>.debug_info</name>
         <load_address>0x3e55</load_address>
         <run_address>0x3e55</run_address>
         <size>0x17a</size>
         <input_file_ref idref="fl-39"/>
      </object_component>
      <object_component id="oc-3be">
         <name>.debug_info</name>
         <load_address>0x3fcf</load_address>
         <run_address>0x3fcf</run_address>
         <size>0x3de</size>
         <input_file_ref idref="fl-3a"/>
      </object_component>
      <object_component id="oc-312">
         <name>.debug_info</name>
         <load_address>0x43ad</load_address>
         <run_address>0x43ad</run_address>
         <size>0x211</size>
         <input_file_ref idref="fl-3a"/>
      </object_component>
      <object_component id="oc-46f">
         <name>.debug_info</name>
         <load_address>0x45be</load_address>
         <run_address>0x45be</run_address>
         <size>0x39</size>
         <input_file_ref idref="fl-3a"/>
      </object_component>
      <object_component id="oc-47b">
         <name>.debug_info</name>
         <load_address>0x45f7</load_address>
         <run_address>0x45f7</run_address>
         <size>0x2c</size>
         <input_file_ref idref="fl-3a"/>
      </object_component>
      <object_component id="oc-3c9">
         <name>.debug_info</name>
         <load_address>0x4623</load_address>
         <run_address>0x4623</run_address>
         <size>0x2c</size>
         <input_file_ref idref="fl-3a"/>
      </object_component>
      <object_component id="oc-474">
         <name>.debug_info</name>
         <load_address>0x464f</load_address>
         <run_address>0x464f</run_address>
         <size>0xcd</size>
         <input_file_ref idref="fl-3a"/>
      </object_component>
      <object_component id="oc-22d">
         <name>.debug_info</name>
         <load_address>0x471c</load_address>
         <run_address>0x471c</run_address>
         <size>0x175</size>
         <input_file_ref idref="fl-3b"/>
      </object_component>
      <object_component id="oc-199">
         <name>.debug_info</name>
         <load_address>0x4891</load_address>
         <run_address>0x4891</run_address>
         <size>0x1d2</size>
         <input_file_ref idref="fl-3b"/>
      </object_component>
      <object_component id="oc-228">
         <name>.debug_info</name>
         <load_address>0x4a63</load_address>
         <run_address>0x4a63</run_address>
         <size>0x46</size>
         <input_file_ref idref="fl-3b"/>
      </object_component>
      <object_component id="oc-1e1">
         <name>.debug_info</name>
         <load_address>0x4aa9</load_address>
         <run_address>0x4aa9</run_address>
         <size>0x2c</size>
         <input_file_ref idref="fl-3b"/>
      </object_component>
      <object_component id="oc-3e8">
         <name>.debug_info</name>
         <load_address>0x4ad5</load_address>
         <run_address>0x4ad5</run_address>
         <size>0x193</size>
         <input_file_ref idref="fl-3e"/>
      </object_component>
      <object_component id="oc-233">
         <name>.debug_info</name>
         <load_address>0x4c68</load_address>
         <run_address>0x4c68</run_address>
         <size>0x153</size>
         <input_file_ref idref="fl-3f"/>
      </object_component>
      <object_component id="oc-3b8">
         <name>.debug_info</name>
         <load_address>0x4dbb</load_address>
         <run_address>0x4dbb</run_address>
         <size>0x150</size>
         <input_file_ref idref="fl-40"/>
      </object_component>
      <object_component id="oc-186">
         <name>.debug_info</name>
         <load_address>0x4f0b</load_address>
         <run_address>0x4f0b</run_address>
         <size>0x180</size>
         <input_file_ref idref="fl-41"/>
      </object_component>
      <object_component id="oc-4e">
         <name>.debug_info</name>
         <load_address>0x508b</load_address>
         <run_address>0x508b</run_address>
         <size>0x1ea</size>
         <input_file_ref idref="fl-41"/>
      </object_component>
      <object_component id="oc-181">
         <name>.debug_info</name>
         <load_address>0x5275</load_address>
         <run_address>0x5275</run_address>
         <size>0x46</size>
         <input_file_ref idref="fl-41"/>
      </object_component>
      <object_component id="oc-1e6">
         <name>.debug_info</name>
         <load_address>0x52bb</load_address>
         <run_address>0x52bb</run_address>
         <size>0x2c</size>
         <input_file_ref idref="fl-41"/>
      </object_component>
      <object_component id="oc-1de">
         <name>.debug_info</name>
         <load_address>0x52e7</load_address>
         <run_address>0x52e7</run_address>
         <size>0x176</size>
         <input_file_ref idref="fl-42"/>
      </object_component>
      <object_component id="oc-4b">
         <name>.debug_info</name>
         <load_address>0x545d</load_address>
         <run_address>0x545d</run_address>
         <size>0x292</size>
         <input_file_ref idref="fl-42"/>
      </object_component>
      <object_component id="oc-170">
         <name>.debug_info</name>
         <load_address>0x56ef</load_address>
         <run_address>0x56ef</run_address>
         <size>0x60</size>
         <input_file_ref idref="fl-42"/>
      </object_component>
      <object_component id="oc-251">
         <name>.debug_info</name>
         <load_address>0x574f</load_address>
         <run_address>0x574f</run_address>
         <size>0x46</size>
         <input_file_ref idref="fl-42"/>
      </object_component>
      <object_component id="oc-1d9">
         <name>.debug_info</name>
         <load_address>0x5795</load_address>
         <run_address>0x5795</run_address>
         <size>0x39</size>
         <input_file_ref idref="fl-42"/>
      </object_component>
      <object_component id="oc-377">
         <name>.debug_info</name>
         <load_address>0x57ce</load_address>
         <run_address>0x57ce</run_address>
         <size>0x164</size>
         <input_file_ref idref="fl-43"/>
      </object_component>
      <object_component id="oc-2af">
         <name>.debug_info</name>
         <load_address>0x5932</load_address>
         <run_address>0x5932</run_address>
         <size>0x35e</size>
         <input_file_ref idref="fl-43"/>
      </object_component>
      <object_component id="oc-2b6">
         <name>.debug_info</name>
         <load_address>0x5c90</load_address>
         <run_address>0x5c90</run_address>
         <size>0x1af</size>
         <input_file_ref idref="fl-44"/>
      </object_component>
      <object_component id="oc-33d">
         <name>.debug_info</name>
         <load_address>0x5e3f</load_address>
         <run_address>0x5e3f</run_address>
         <size>0x94</size>
         <input_file_ref idref="fl-44"/>
      </object_component>
      <object_component id="oc-2a8">
         <name>.debug_info</name>
         <load_address>0x5ed3</load_address>
         <run_address>0x5ed3</run_address>
         <size>0x165</size>
         <input_file_ref idref="fl-45"/>
      </object_component>
      <object_component id="oc-20b">
         <name>.debug_info</name>
         <load_address>0x6038</load_address>
         <run_address>0x6038</run_address>
         <size>0x1d4</size>
         <input_file_ref idref="fl-45"/>
      </object_component>
      <object_component id="oc-2a9">
         <name>.debug_info</name>
         <load_address>0x620c</load_address>
         <run_address>0x620c</run_address>
         <size>0xdb</size>
         <input_file_ref idref="fl-45"/>
      </object_component>
      <object_component id="oc-351">
         <name>.debug_info</name>
         <load_address>0x62e7</load_address>
         <run_address>0x62e7</run_address>
         <size>0x1a2</size>
         <input_file_ref idref="fl-46"/>
      </object_component>
      <object_component id="oc-273">
         <name>.debug_info</name>
         <load_address>0x6489</load_address>
         <run_address>0x6489</run_address>
         <size>0x28a</size>
         <input_file_ref idref="fl-46"/>
      </object_component>
      <object_component id="oc-33c">
         <name>.debug_info</name>
         <load_address>0x6713</load_address>
         <run_address>0x6713</run_address>
         <size>0x16b</size>
         <input_file_ref idref="fl-47"/>
      </object_component>
      <object_component id="oc-26a">
         <name>.debug_info</name>
         <load_address>0x687e</load_address>
         <run_address>0x687e</run_address>
         <size>0x21b</size>
         <input_file_ref idref="fl-47"/>
      </object_component>
      <object_component id="oc-3fa">
         <name>.debug_info</name>
         <load_address>0x6a99</load_address>
         <run_address>0x6a99</run_address>
         <size>0x172</size>
         <input_file_ref idref="fl-48"/>
      </object_component>
      <object_component id="oc-34c">
         <name>.debug_info</name>
         <load_address>0x6c0b</load_address>
         <run_address>0x6c0b</run_address>
         <size>0x5cf</size>
         <input_file_ref idref="fl-48"/>
      </object_component>
      <object_component id="oc-349">
         <name>.debug_info</name>
         <load_address>0x71da</load_address>
         <run_address>0x71da</run_address>
         <size>0x197</size>
         <input_file_ref idref="fl-49"/>
      </object_component>
      <object_component id="oc-26e">
         <name>.debug_info</name>
         <load_address>0x7371</load_address>
         <run_address>0x7371</run_address>
         <size>0x2d2</size>
         <input_file_ref idref="fl-49"/>
      </object_component>
      <object_component id="oc-2bb">
         <name>.debug_info</name>
         <load_address>0x7643</load_address>
         <run_address>0x7643</run_address>
         <size>0x158</size>
         <input_file_ref idref="fl-4a"/>
      </object_component>
      <object_component id="oc-279">
         <name>.debug_info</name>
         <load_address>0x779b</load_address>
         <run_address>0x779b</run_address>
         <size>0x18d</size>
         <input_file_ref idref="fl-4b"/>
      </object_component>
      <object_component id="oc-354">
         <name>.debug_info</name>
         <load_address>0x7928</load_address>
         <run_address>0x7928</run_address>
         <size>0x165</size>
         <input_file_ref idref="fl-4c"/>
      </object_component>
      <object_component id="oc-27f">
         <name>.debug_info</name>
         <load_address>0x7a8d</load_address>
         <run_address>0x7a8d</run_address>
         <size>0x208</size>
         <input_file_ref idref="fl-4c"/>
      </object_component>
      <object_component id="oc-2ee">
         <name>.debug_info</name>
         <load_address>0x7c95</load_address>
         <run_address>0x7c95</run_address>
         <size>0x122</size>
         <input_file_ref idref="fl-4d"/>
      </object_component>
      <object_component id="oc-1e0">
         <name>.debug_info</name>
         <load_address>0x7db7</load_address>
         <run_address>0x7db7</run_address>
         <size>0x181</size>
         <input_file_ref idref="fl-50"/>
      </object_component>
      <object_component id="oc-17d">
         <name>.debug_info</name>
         <load_address>0x7f38</load_address>
         <run_address>0x7f38</run_address>
         <size>0x17a</size>
         <input_file_ref idref="fl-50"/>
      </object_component>
      <object_component id="oc-385">
         <name>.debug_info</name>
         <load_address>0x80b2</load_address>
         <run_address>0x80b2</run_address>
         <size>0x167</size>
         <input_file_ref idref="fl-51"/>
      </object_component>
      <object_component id="oc-2c1">
         <name>.debug_info</name>
         <load_address>0x8219</load_address>
         <run_address>0x8219</run_address>
         <size>0x265</size>
         <input_file_ref idref="fl-51"/>
      </object_component>
      <object_component id="oc-5de">
         <name>.debug_info</name>
         <load_address>0x847e</load_address>
         <run_address>0x847e</run_address>
         <size>0x46</size>
         <input_file_ref idref="fl-51"/>
      </object_component>
      <object_component id="oc-420">
         <name>.debug_info</name>
         <load_address>0x84c4</load_address>
         <run_address>0x84c4</run_address>
         <size>0x439</size>
         <input_file_ref idref="fl-52"/>
      </object_component>
      <object_component id="oc-440">
         <name>.debug_info</name>
         <load_address>0x88fd</load_address>
         <run_address>0x88fd</run_address>
         <size>0x25a</size>
         <input_file_ref idref="fl-52"/>
      </object_component>
      <object_component id="oc-50d">
         <name>.debug_info</name>
         <load_address>0x8b57</load_address>
         <run_address>0x8b57</run_address>
         <size>0x1df</size>
         <input_file_ref idref="fl-52"/>
      </object_component>
      <object_component id="oc-513">
         <name>.debug_info</name>
         <load_address>0x8d36</load_address>
         <run_address>0x8d36</run_address>
[...]
         <name>__mspabi_cmpd</name>
         <value>0x69fe</value>
         <object_component_ref idref="oc-2b4"/>
      </symbol>
      <symbol id="sm-405">
         <name>__mspabi_cvtfd</name>
         <value>0x7298</value>
         <object_component_ref idref="oc-209"/>
      </symbol>
      <symbol id="sm-426">
         <name>__mspabi_divd</name>
         <value>0x5388</value>
         <object_component_ref idref="oc-272"/>
      </symbol>
      <symbol id="sm-43d">
         <name>__mspabi_fltlid</name>
         <value>0x6dae</value>
         <object_component_ref idref="oc-266"/>
      </symbol>
      <symbol id="sm-458">
         <name>__TI_frcdivd</name>
         <value>0x3cee</value>
         <object_component_ref idref="oc-34a"/>
      </symbol>
      <symbol id="sm-47e">
         <name>__mspabi_mpyd</name>
         <value>0x44c6</value>
         <object_component_ref idref="oc-26c"/>
      </symbol>
      <symbol id="sm-487">
         <name>__mspabi_negd</name>
         <value>0x793a</value>
         <object_component_ref idref="oc-2ba"/>
      </symbol>
      <symbol id="sm-490">
         <name>__mspabi_subd</name>
         <value>0x7858</value>
         <object_component_ref idref="oc-278"/>
      </symbol>
      <symbol id="sm-4a5">
         <name>__mspabi_cvtdf</name>
         <value>0x6b9e</value>
         <object_component_ref idref="oc-27e"/>
      </symbol>
      <symbol id="sm-4af">
         <name>C$$EXIT</name>
         <value>0x7b5e</value>
         <object_component_ref idref="oc-2ed"/>
      </symbol>
      <symbol id="sm-4b0">
         <name>abort</name>
         <value>0x7b5e</value>
         <object_component_ref idref="oc-2ed"/>
      </symbol>
      <symbol id="sm-4c0">
         <name>memcpy</name>
         <value>0x7afc</value>
         <object_component_ref idref="oc-17a"/>
      </symbol>
      <symbol id="sm-4e5">
         <name>floorl</name>
         <value>0x598a</value>
         <object_component_ref idref="oc-2c0"/>
      </symbol>
      <symbol id="sm-4e6">
         <name>floor</name>
         <value>0x598a</value>
         <object_component_ref idref="oc-2c0"/>
      </symbol>
      <symbol id="sm-6b7">
         <name>__TI_printfi</name>
         <value>0x4786</value>
         <object_component_ref idref="oc-396"/>
      </symbol>
      <symbol id="sm-6bf">
         <name>__mspabi_srai</name>
         <value>0x78e2</value>
         <object_component_ref idref="oc-29d"/>
      </symbol>
      <symbol id="sm-6c0">
         <name>__mspabi_srai_8</name>
         <value>0x78fc</value>
         <object_component_ref idref="oc-29d"/>
      </symbol>
      <symbol id="sm-6c1">
         <name>__mspabi_srai_9</name>
         <value>0x78fa</value>
         <object_component_ref idref="oc-29d"/>
      </symbol>
      <symbol id="sm-6c2">
         <name>__mspabi_srai_6</name>
         <value>0x7900</value>
         <object_component_ref idref="oc-29d"/>
      </symbol>
      <symbol id="sm-6c3">
         <name>__mspabi_srai_7</name>
         <value>0x78fe</value>
         <object_component_ref idref="oc-29d"/>
      </symbol>
      <symbol id="sm-6c4">
         <name>__mspabi_srai_4</name>
         <value>0x7904</value>
         <object_component_ref idref="oc-29d"/>
      </symbol>
      <symbol id="sm-6c5">
         <name>__mspabi_srai_5</name>
         <value>0x7902</value>
         <object_component_ref idref="oc-29d"/>
      </symbol>
      <symbol id="sm-6c6">
         <name>__mspabi_srai_2</name>
         <value>0x7908</value>
         <object_component_ref idref="oc-29d"/>
      </symbol>
      <symbol id="sm-6c7">
         <name>__mspabi_srai_3</name>
         <value>0x7906</value>
         <object_component_ref idref="oc-29d"/>
      </symbol>
      <symbol id="sm-6c8">
         <name>__mspabi_srai_1</name>
         <value>0x790a</value>
         <object_component_ref idref="oc-29d"/>
      </symbol>
      <symbol id="sm-6c9">
         <name>__mspabi_srai_15</name>
         <value>0x78ee</value>
         <object_component_ref idref="oc-29d"/>
      </symbol>
      <symbol id="sm-6ca">
         <name>__mspabi_srai_14</name>
         <value>0x78f0</value>
         <object_component_ref idref="oc-29d"/>
      </symbol>
      <symbol id="sm-6cb">
         <name>__mspabi_srai_13</name>
         <value>0x78f2</value>
         <object_component_ref idref="oc-29d"/>
      </symbol>
      <symbol id="sm-6cc">
         <name>__mspabi_srai_12</name>
         <value>0x78f4</value>
         <object_component_ref idref="oc-29d"/>
      </symbol>
      <symbol id="sm-6cd">
         <name>__mspabi_srai_11</name>
         <value>0x78f6</value>
         <object_component_ref idref="oc-29d"/>
      </symbol>
      <symbol id="sm-6ce">
         <name>__mspabi_srai_10</name>
         <value>0x78f8</value>
         <object_component_ref idref="oc-29d"/>
      </symbol>
      <symbol id="sm-6de">
         <name>__mspabi_sral</name>
         <value>0x7b0e</value>
         <object_component_ref idref="oc-37f"/>
      </symbol>
      <symbol id="sm-6df">
         <name>__mspabi_sral_15</name>
         <value>0x77a4</value>
         <object_component_ref idref="oc-2a2"/>
      </symbol>
      <symbol id="sm-6e0">
         <name>__mspabi_sral_14</name>
         <value>0x77a8</value>
         <object_component_ref idref="oc-2a2"/>
      </symbol>
      <symbol id="sm-6e1">
         <name>__mspabi_sral_13</name>
         <value>0x77ac</value>
         <object_component_ref idref="oc-2a2"/>
      </symbol>
      <symbol id="sm-6e2">
         <name>__mspabi_sral_12</name>
         <value>0x77b0</value>
         <object_component_ref idref="oc-2a2"/>
      </symbol>
      <symbol id="sm-6e3">
         <name>__mspabi_sral_11</name>
         <value>0x77b4</value>
         <object_component_ref idref="oc-2a2"/>
      </symbol>
      <symbol id="sm-6e4">
         <name>__mspabi_sral_10</name>
         <value>0x77b8</value>
         <object_component_ref idref="oc-2a2"/>
      </symbol>
      <symbol id="sm-6e5">
         <name>__mspabi_sral_8</name>
         <value>0x77c0</value>
         <object_component_ref idref="oc-2a2"/>
      </symbol>
      <symbol id="sm-6e6">
         <name>__mspabi_sral_9</name>
         <value>0x77bc</value>
         <object_component_ref idref="oc-2a2"/>
      </symbol>
      <symbol id="sm-6e7">
         <name>__mspabi_sral_6</name>
         <value>0x77c8</value>
         <object_component_ref idref="oc-2a2"/>
      </symbol>
      <symbol id="sm-6e8">
         <name>__mspabi_sral_7</name>
         <value>0x77c4</value>
         <object_component_ref idref="oc-2a2"/>
      </symbol>
      <symbol id="sm-6e9">
         <name>__mspabi_sral_4</name>
         <value>0x77d0</value>
         <object_component_ref idref="oc-2a2"/>
      </symbol>
      <symbol id="sm-6ea">
         <name>__mspabi_sral_5</name>
         <value>0x77cc</value>
         <object_component_ref idref="oc-2a2"/>
      </symbol>
      <symbol id="sm-6eb">
         <name>__mspabi_sral_2</name>
         <value>0x77d8</value>
         <object_component_ref idref="oc-2a2"/>
      </symbol>
      <symbol id="sm-6ec">
         <name>__mspabi_sral_3</name>
         <value>0x77d4</value>
         <object_component_ref idref="oc-2a2"/>
      </symbol>
      <symbol id="sm-6ed">
         <name>__mspabi_sral_1</name>
         <value>0x77dc</value>
         <object_component_ref idref="oc-2a2"/>
      </symbol>
      <symbol id="sm-6f7">
         <name>__mspabi_remu</name>
         <value>0x7a4c</value>
         <object_component_ref idref="oc-4e4"/>
      </symbol>
      <symbol id="sm-6f8">
         <name>__mspabi_divu</name>
         <value>0x7a4c</value>
         <object_component_ref idref="oc-4e4"/>
      </symbol>
      <symbol id="sm-706">
         <name>__mspabi_remul</name>
         <value>0x73bc</value>
         <object_component_ref idref="oc-54e"/>
      </symbol>
      <symbol id="sm-707">
         <name>__mspabi_divul</name>
         <value>0x73bc</value>
         <object_component_ref idref="oc-54e"/>
      </symbol>
      <symbol id="sm-70f">
         <name>__mspabi_slli</name>
         <value>0x790e</value>
         <object_component_ref idref="oc-160"/>
      </symbol>
      <symbol id="sm-710">
         <name>__mspabi_slli_9</name>
         <value>0x7926</value>
         <object_component_ref idref="oc-160"/>
      </symbol>
      <symbol id="sm-711">
         <name>__mspabi_slli_8</name>
         <value>0x7928</value>
         <object_component_ref idref="oc-160"/>
      </symbol>
      <symbol id="sm-712">
         <name>__mspabi_slli_7</name>
         <value>0x792a</value>
         <object_component_ref idref="oc-160"/>
      </symbol>
      <symbol id="sm-713">
         <name>__mspabi_slli_6</name>
         <value>0x792c</value>
         <object_component_ref idref="oc-160"/>
      </symbol>
      <symbol id="sm-714">
         <name>__mspabi_slli_5</name>
         <value>0x792e</value>
         <object_component_ref idref="oc-160"/>
      </symbol>
      <symbol id="sm-715">
         <name>__mspabi_slli_4</name>
         <value>0x7930</value>
         <object_component_ref idref="oc-160"/>
      </symbol>
      <symbol id="sm-716">
         <name>__mspabi_slli_3</name>
         <value>0x7932</value>
         <object_component_ref idref="oc-160"/>
      </symbol>
      <symbol id="sm-717">
         <name>__mspabi_slli_2</name>
         <value>0x7934</value>
         <object_component_ref idref="oc-160"/>
      </symbol>
      <symbol id="sm-718">
         <name>__mspabi_slli_1</name>
         <value>0x7936</value>
         <object_component_ref idref="oc-160"/>
      </symbol>
      <symbol id="sm-719">
         <name>__mspabi_slli_15</name>
         <value>0x791a</value>
         <object_component_ref idref="oc-160"/>
      </symbol>
      <symbol id="sm-71a">
         <name>__mspabi_slli_14</name>
         <value>0x791c</value>
         <object_component_ref idref="oc-160"/>
      </symbol>
      <symbol id="sm-71b">
         <name>__mspabi_slli_13</name>
         <value>0x791e</value>
         <object_component_ref idref="oc-160"/>
      </symbol>
      <symbol id="sm-71c">
         <name>__mspabi_slli_12</name>
         <value>0x7920</value>
         <object_component_ref idref="oc-160"/>
      </symbol>
      <symbol id="sm-71d">
         <name>__mspabi_slli_11</name>
         <value>0x7922</value>
         <object_component_ref idref="oc-160"/>
      </symbol>
      <symbol id="sm-71e">
         <name>__mspabi_slli_10</name>
         <value>0x7924</value>
         <object_component_ref idref="oc-160"/>
      </symbol>
      <symbol id="sm-726">
         <name>__mspabi_slll_9</name>
         <value>0x77fa</value>
         <object_component_ref idref="oc-331"/>
      </symbol>
      <symbol id="sm-727">
         <name>__mspabi_slll_8</name>
         <value>0x77fe</value>
         <object_component_ref idref="oc-331"/>
      </symbol>
      <symbol id="sm-728">
         <name>__mspabi_slll_7</name>
         <value>0x7802</value>
         <object_component_ref idref="oc-331"/>
      </symbol>
      <symbol id="sm-729">
         <name>__mspabi_slll_6</name>
         <value>0x7806</value>
         <object_component_ref idref="oc-331"/>
      </symbol>
      <symbol id="sm-72a">
         <name>__mspabi_slll_5</name>
         <value>0x780a</value>
         <object_component_ref idref="oc-331"/>
      </symbol>
      <symbol id="sm-72b">
         <name>__mspabi_slll_4</name>
         <value>0x780e</value>
         <object_component_ref idref="oc-331"/>
      </symbol>
      <symbol id="sm-72c">
         <name>__mspabi_slll_3</name>
         <value>0x7812</value>
         <object_component_ref idref="oc-331"/>
      </symbol>
      <symbol id="sm-72d">
         <name>__mspabi_slll_2</name>
         <value>0x7816</value>
         <object_component_ref idref="oc-331"/>
      </symbol>
      <symbol id="sm-72e">
         <name>__mspabi_slll_1</name>
         <value>0x781a</value>
         <object_component_ref idref="oc-331"/>
      </symbol>
      <symbol id="sm-72f">
         <name>__mspabi_slll_15</name>
         <value>0x77e2</value>
         <object_component_ref idref="oc-331"/>
      </symbol>
      <symbol id="sm-730">
         <name>__mspabi_slll_14</name>
         <value>0x77e6</value>
         <object_component_ref idref="oc-331"/>
      </symbol>
      <symbol id="sm-731">
         <name>__mspabi_slll_13</name>
         <value>0x77ea</value>
         <object_component_ref idref="oc-331"/>
      </symbol>
      <symbol id="sm-732">
         <name>__mspabi_slll_12</name>
         <value>0x77ee</value>
         <object_component_ref idref="oc-331"/>
      </symbol>
      <symbol id="sm-733">
         <name>__mspabi_slll_11</name>
         <value>0x77f2</value>
         <object_component_ref idref="oc-331"/>
      </symbol>
      <symbol id="sm-734">
         <name>__mspabi_slll_10</name>
         <value>0x77f6</value>
         <object_component_ref idref="oc-331"/>
      </symbol>
      <symbol id="sm-744">
         <name>__mspabi_srll_8</name>
         <value>0x7332</value>
         <object_component_ref idref="oc-336"/>
      </symbol>
      <symbol id="sm-745">
         <name>__mspabi_srll_9</name>
         <value>0x732c</value>
         <object_component_ref idref="oc-336"/>
      </symbol>
      <symbol id="sm-746">
         <name>__mspabi_srll_6</name>
         <value>0x733e</value>
         <object_component_ref idref="oc-336"/>
      </symbol>
      <symbol id="sm-747">
         <name>__mspabi_srll_7</name>
         <value>0x7338</value>
         <object_component_ref idref="oc-336"/>
      </symbol>
      <symbol id="sm-748">
         <name>__mspabi_srll_4</name>
         <value>0x734a</value>
         <object_component_ref idref="oc-336"/>
      </symbol>
      <symbol id="sm-749">
         <name>__mspabi_srll_5</name>
         <value>0x7344</value>
         <object_component_ref idref="oc-336"/>
      </symbol>
      <symbol id="sm-74a">
         <name>__mspabi_srll_2</name>
         <value>0x7356</value>
         <object_component_ref idref="oc-336"/>
      </symbol>
      <symbol id="sm-74b">
         <name>__mspabi_srll_3</name>
         <value>0x7350</value>
         <object_component_ref idref="oc-336"/>
      </symbol>
      <symbol id="sm-74c">
         <name>__mspabi_srll_1</name>
         <value>0x735c</value>
         <object_component_ref idref="oc-336"/>
      </symbol>
      <symbol id="sm-74d">
         <name>__mspabi_srll_15</name>
         <value>0x7308</value>
         <object_component_ref idref="oc-336"/>
      </symbol>
      <symbol id="sm-74e">
         <name>__mspabi_srll_14</name>
         <value>0x730e</value>
         <object_component_ref idref="oc-336"/>
      </symbol>
      <symbol id="sm-74f">
         <name>__mspabi_srll_13</name>
         <value>0x7314</value>
         <object_component_ref idref="oc-336"/>
      </symbol>
      <symbol id="sm-750">
         <name>__mspabi_srll_12</name>
         <value>0x731a</value>
         <object_component_ref idref="oc-336"/>
      </symbol>
      <symbol id="sm-751">
         <name>__mspabi_srll_11</name>
         <value>0x7320</value>
         <object_component_ref idref="oc-336"/>
      </symbol>
      <symbol id="sm-752">
         <name>__mspabi_srll_10</name>
         <value>0x7326</value>
         <object_component_ref idref="oc-336"/>
      </symbol>
      <symbol id="sm-753">
         <name>__mspabi_srll</name>
         <value>0x7aea</value>
         <object_component_ref idref="oc-37a"/>
      </symbol>
      <symbol id="sm-763">
         <name>__mspabi_srall</name>
         <value>0x7646</value>
         <object_component_ref idref="oc-36a"/>
      </symbol>
      <symbol id="sm-770">
         <name>__mspabi_sllll</name>
         <value>0x7720</value>
         <object_component_ref idref="oc-370"/>
      </symbol>
      <symbol id="sm-7a3">
         <name>__mspabi_divull</name>
         <value>0x4166</value>
         <object_component_ref idref="oc-548"/>
      </symbol>
      <symbol id="sm-7b0">
         <name>__mspabi_fixdi</name>
         <value>0x798c</value>
         <object_component_ref idref="oc-5a5"/>
      </symbol>
      <symbol id="sm-7bf">
         <name>__mspabi_fixdli</name>
         <value>0x7226</value>
         <object_component_ref idref="oc-599"/>
      </symbol>
      <symbol id="sm-7c8">
         <name>__mspabi_fltid</name>
         <value>0x7b3c</value>
         <object_component_ref idref="oc-5c9"/>
      </symbol>
      <symbol id="sm-7d3">
         <name>__TI_frcmpyd</name>
         <value>0x61c2</value>
         <object_component_ref idref="oc-342"/>
      </symbol>
      <symbol id="sm-7e2">
         <name>__TI_ltoa</name>
         <value>0x70ac</value>
         <object_component_ref idref="oc-59f"/>
      </symbol>
      <symbol id="sm-7f5">
         <name>atoi</name>
         <value>0x7510</value>
         <object_component_ref idref="oc-4ab"/>
      </symbol>
      <symbol id="sm-7ff">
         <name>_ctypes_</name>
         <value>0x7b6a</value>
         <object_component_ref idref="oc-4f1"/>
      </symbol>
      <symbol id="sm-80e">
         <name>memccpy</name>
         <value>0x79da</value>
         <object_component_ref idref="oc-498"/>
      </symbol>
      <symbol id="sm-81c">
         <name>memset</name>
         <value>0x7a8a</value>
         <object_component_ref idref="oc-48b"/>
      </symbol>
      <symbol id="sm-82b">
         <name>strchr</name>
         <value>0x7a32</value>
         <object_component_ref idref="oc-5c3"/>
      </symbol>
      <symbol id="sm-838">
         <name>strlen</name>
         <value>0x7b2e</value>
         <object_component_ref idref="oc-413"/>
      </symbol>
      <symbol id="sm-845">
         <name>toupper</name>
         <value>0x7b48</value>
         <object_component_ref idref="oc-519"/>
      </symbol>
      <symbol id="sm-84c">
         <name>errno</name>
         <value>0x1180</value>
         <object_component_ref idref="oc-4c0"/>
      </symbol>
      <symbol id="sm-856">
         <name>abs</name>
         <value>0x7b54</value>
         <object_component_ref idref="oc-5ac"/>
      </symbol>
      <symbol id="sm-86e">
         <name>wcslen</name>
         <value>0x7ab2</value>
         <object_component_ref idref="oc-4ba"/>
      </symbol>
      <symbol id="sm-885">
         <name>frexpl</name>
         <value>0x6c52</value>
         <object_component_ref idref="oc-580"/>
      </symbol>
      <symbol id="sm-886">
         <name>frexp</name>
         <value>0x6c52</value>
         <object_component_ref idref="oc-580"/>
      </symbol>
      <symbol id="sm-89e">
         <name>scalbn</name>
         <value>0x6334</value>
         <object_component_ref idref="oc-5bd"/>
      </symbol>
      <symbol id="sm-89f">
         <name>scalbnl</name>
         <value>0x6334</value>
         <object_component_ref idref="oc-5bd"/>
      </symbol>
      <symbol id="sm-8a0">
         <name>ldexpl</name>
         <value>0x6334</value>
         <object_component_ref idref="oc-5bd"/>
      </symbol>
      <symbol id="sm-8a1">
         <name>ldexp</name>
         <value>0x6334</value>
         <object_component_ref idref="oc-5bd"/>
      </symbol>
      <symbol id="sm-8ad">
         <name>__mspabi_remli</name>
         <value>0x7764</value>
         <object_component_ref idref="oc-5d3"/>
      </symbol>
      <symbol id="sm-8ae">
         <name>__mspabi_divli</name>
         <value>0x7764</value>
         <object_component_ref idref="oc-5d3"/>
      </symbol>
      <symbol id="sm-8b9">
         <name>copysign</name>
         <value>0x7886</value>
         <object_component_ref idref="oc-5e3"/>
      </symbol>
      <symbol id="sm-8ba">
         <name>copysignl</name>
         <value>0x7886</value>
         <object_component_ref idref="oc-5e3"/>
      </symbol>
   </symbol_table>
   <title>Link successful</title>
</link_info>
