******************************************************************************
                  MSP430 Linker PC v21.6.0                     
******************************************************************************
>> Linked Thu Apr 21 17:15:20 2022

OUTPUT FILE NAME:   <Final_Project.out>
ENTRY POINT SYMBOL: "_c_int00_noargs"  address: 000079fc


MEMORY CONFIGURATION

         name            origin    length      used     unused   attr    fill
----------------------  --------  ---------  --------  --------  ----  --------
  SFR                   00000000   00000010  00000000  00000010  RWIX
  PERIPHERALS_8BIT      00000010   000000f0  00000000  000000f0  RWIX
  PERIPHERALS_16BIT     00000100   00000100  00000000  00000100  RWIX
  INFOB                 00001000   00000080  00000000  00000080  RWIX
  INFOA                 00001080   00000080  00000000  00000080  RWIX
  RAM                   00001100   00002000  00000148  00001eb8  RWIX
  FLASH                 00003100   0000cebe  00004cbc  00008202  RWIX
  BSLSIGNATURE          0000ffbe   00000002  00000002  00000000  RWIX  ffff 
  INT00                 0000ffc0   00000002  00000000  00000002  RWIX
  INT01                 0000ffc2   00000002  00000000  00000002  RWIX
  INT02                 0000ffc4   00000002  00000000  00000002  RWIX
  INT03                 0000ffc6   00000002  00000000  00000002  RWIX
  INT04                 0000ffc8   00000002  00000000  00000002  RWIX
  INT05                 0000ffca   00000002  00000000  00000002  RWIX
  INT06                 0000ffcc   00000002  00000000  00000002  RWIX
  INT07                 0000ffce   00000002  00000000  00000002  RWIX
  INT08                 0000ffd0   00000002  00000000  00000002  RWIX
  INT09                 0000ffd2   00000002  00000000  00000002  RWIX
  INT10                 0000ffd4   00000002  00000000  00000002  RWIX
  INT11                 0000ffd6   00000002  00000000  00000002  RWIX
  INT12                 0000ffd8   00000002  00000000  00000002  RWIX
  INT13                 0000ffda   00000002  00000000  00000002  RWIX
  INT14                 0000ffdc   00000002  00000002  00000000  RWIX
  INT15                 0000ffde   00000002  00000002  00000000  RWIX
  INT16                 0000ffe0   00000002  00000002  00000000  RWIX
  INT17                 0000ffe2   00000002  00000002  00000000  RWIX
  INT18                 0000ffe4   00000002  00000002  00000000  RWIX
  INT19                 0000ffe6   00000002  00000002  00000000  RWIX
  INT20                 0000ffe8   00000002  00000002  00000000  RWIX
  INT21                 0000ffea   00000002  00000002  00000000  RWIX
  INT22                 0000ffec   00000002  00000002  00000000  RWIX
  INT23                 0000ffee   00000002  00000002  00000000  RWIX
  INT24                 0000fff0   00000002  00000002  00000000  RWIX
  INT25                 0000fff2   00000002  00000002  00000000  RWIX
  INT26                 0000fff4   00000002  00000002  00000000  RWIX
  INT27                 0000fff6   00000002  00000002  00000000  RWIX
  INT28                 0000fff8   00000002  00000002  00000000  RWIX
  INT29                 0000fffa   00000002  00000002  00000000  RWIX
  INT30                 0000fffc   00000002  00000002  00000000  RWIX
  RESET                 0000fffe   00000002  00000002  00000000  RWIX
  FLASH2                00010000   00010000  00000000  00010000  RWIX


SECTION ALLOCATION MAP

 output                                  attributes/
section   page    origin      length       input sections
--------  ----  ----------  ----------   ----------------
.data      0    00001100    00000082     UNINITIALIZED
                  00001100    00000028     FinalProject.obj (.data:openMSG)
                  00001128    0000001f     FinalProject.obj (.data:highdisp)
                  00001147    00000001     --HOLE--
                  00001148    0000001e     FinalProject.obj (.data:lowdisp)
                  00001166    00000019     FinalProject.obj (.data:steady)
                  0000117f    00000001     --HOLE--
                  00001180    00000002     rts430_eabi.lib : errno.c.obj (.data)

.bss       0    00001182    00000026     UNINITIALIZED
                  00001182    0000000a     (.common:dvAngle)
                  0000118c    00000004     (.common:ADCXval)
                  00001190    00000004     (.common:ADCYval)
                  00001194    00000004     (.common:ADCZval)
                  00001198    00000004     (.common:Xper)
                  0000119c    00000004     (.common:Yper)
                  000011a0    00000004     (.common:Zper)
                  000011a4    00000004     (.common:aDev)

.stack     0    00003060    000000a0     UNINITIALIZED
                  00003060    00000002     rts430_eabi.lib : boot.c.obj (.stack)
                  00003062    0000009e     --HOLE--

.text      0    00003100    00004a6a     
                  00003100    00000736     rts430_eabi.lib : addd.c.obj (.text:__mspabi_addd)
                  00003836    000004b8                     : s_atan.c.obj (.text:atan)
                  00003cee    00000478                     : frcdivd.c.obj (.text:__TI_frcdivd)
                  00004166    00000360                     : div64u.c.obj (.text:__mspabi_divull)
                  000044c6    000002c0                     : mpyd.c.obj (.text:__mspabi_mpyd)
                  00004786    00000288                     : _printfi.c.obj (.text:__TI_printfi:__TI_printfi)
                  00004a0e    00000276     FinalProject.obj (.text:sendData)
                  00004c84    0000026e     rts430_eabi.lib : _printfi.c.obj (.text:_pproc_fgea)
                  00004ef2    00000252                     : _printfi.c.obj (.text:__TI_printfi:_setfield___TI_printfi)
                  00005144    00000244                     : _printfi.c.obj (.text:acvt)
                  00005388    00000238                     : divd.c.obj (.text:__mspabi_divd)
                  000055c0    000001ec                     : _printfi.c.obj (.text:__TI_printfi:_getarg_diouxp___TI_printfi)
                  000057ac    000001de                     : _printfi.c.obj (.text:ecvt)
                  0000598a    000001d0                     : s_floor.c.obj (.text:floor)
                  00005b5a    000001c4                     : _printfi.c.obj (.text:fcvt)
                  00005d1e    000001a6                     : _printfi.c.obj (.text:_pconv_e)
                  00005ec4    0000018a     FinalProject.obj (.text:watchdog_timer)
                  0000604e    00000174     rts430_eabi.lib : _printfi.c.obj (.text:_pconv_a)
                  000061c2    00000172                     : frcmpyd.c.obj (.text:__TI_frcmpyd)
                  00006334    0000016a                     : s_scalbn.c.obj (.text:scalbn)
                  0000649e    0000014c                     : _printfi.c.obj (.text:__TI_printfi:_pproc_diouxp___TI_printfi)
                  000065ea    0000012e                     : _printfi.c.obj (.text:__TI_printfi:_ltostr___TI_printfi)
                  00006718    0000010e                     : s_round.c.obj (.text:round)
                  00006826    000000f8                     : _printfi.c.obj (.text:_pconv_g)
                  0000691e    000000e0                     : _printfi.c.obj (.text:__TI_printfi:_pproc_fwp___TI_printfi)
                  000069fe    000000dc                     : cmpd.c.obj (.text:__mspabi_cmpd)
                  00006ada    000000c4                     : _printfi.c.obj (.text:__TI_printfi:_pproc_wstr___TI_printfi)
                  00006b9e    000000b4                     : cvtdf.c.obj (.text:__mspabi_cvtdf)
                  00006c52    000000b0                     : s_frexp.c.obj (.text:frexp)
                  00006d02    000000ac                     : _printfi.c.obj (.text:__TI_printfi:_pproc_str___TI_printfi)
                  00006dae    000000ac                     : fltlid.c.obj (.text:__mspabi_fltlid)
                  00006e5a    0000009c                     : fs_div.asm.obj (.text)
                  00006ef6    00000096                     : mult64_hw.asm.obj (.text:__mpyll)
                  00006f8c    00000092                     : _printfi.c.obj (.text:_mcpy)
                  0000701e    0000008e                     : _printfi.c.obj (.text:_ecpy)
                  000070ac    00000084                     : _ltoa.c.obj (.text:__TI_ltoa)
                  00007130    0000007c                     : copy_decompress_lzss.c.obj (.text:decompress:lzss:__TI_decompress_lzss)
                  000071ac    0000007a                     : _printfi.c.obj (.text:_pconv_f)
                  00007226    00000072                     : fixdli.c.obj (.text:__mspabi_fixdli)
                  00007298    00000070                     : cvtfd.c.obj (.text:__mspabi_cvtfd)
                  00007308    0000005c                     : lsr32.asm.obj (.text:l_lsr_const)
                  00007364    00000058                     : autoinit.c.obj (.text:__TI_auto_init_nobinit_nopinit_hold_wdt:__TI_auto_init_nobinit_nopinit_hold_wdt)
                  000073bc    00000058                     : div32u.asm.obj (.text)
                  00007414    00000056     FinalProject.obj (.text:main)
                  0000746a    00000054     FinalProject.obj (.text:ADC_setup)
                  000074be    00000052     FinalProject.obj (.text:UART_send_String)
                  00007510    00000052     rts430_eabi.lib : atoi.c.obj (.text:atoi)
                  00007562    0000004e                     : _printfi.c.obj (.text:_fcpy)
                  000075b0    0000004c                     : lsr16.asm.obj (.text)
                  000075fc    0000004a                     : mult3264_hw.asm.obj (.text:__mpyull)
                  00007646    0000004a                     : asr64.c.obj (.text:__mspabi_srall)
                  00007690    0000004a                     : fs_cmp.asm.obj (.text)
                  000076da    00000046                     : lsr64.c.obj (.text:__mspabi_srlll)
                  00007720    00000044                     : lsl64.c.obj (.text:__mspabi_sllll)
                  00007764    00000040                     : div32s.asm.obj (.text)
                  000077a4    0000003e                     : asr32.asm.obj (.text:l_asr_const)
                  000077e2    0000003e                     : lsl32.asm.obj (.text:l_lsl_const)
                  00007820    00000038                     : sprintf.c.obj (.text:sprintf)
                  00007858    0000002e                     : subd.c.obj (.text:__mspabi_subd)
                  00007886    0000002e                     : s_copysign.c.obj (.text:copysign)
                  000078b4    0000002e                     : mult32_hw.asm.obj (.text)
                  000078e2    0000002c                     : asr16.asm.obj (.text)
                  0000790e    0000002c                     : lsl16.asm.obj (.text)
                  0000793a    0000002a                     : negd.c.obj (.text:__mspabi_negd)
                  00007964    00000028     FinalProject.obj (.text:UART_setup)
                  0000798c    00000028     rts430_eabi.lib : fixdi.c.obj (.text:__mspabi_fixdi)
                  000079b4    00000026     FinalProject.obj (.text:ADC12ISR)
                  000079da    00000022     rts430_eabi.lib : memccpy.c.obj (.text:memccpy)
                  000079fc    0000001c                     : boot.c.obj (.text:_c_int00_noargs)
                  00007a18    0000001a                     : sprintf.c.obj (.text:_outs)
                  00007a32    0000001a                     : strchr.c.obj (.text:strchr)
                  00007a4c    00000016                     : div16u.asm.obj (.text)
                  00007a62    00000014     FinalProject.obj (.text:UART_Send_Character)
                  00007a76    00000014     rts430_eabi.lib : copy_zero_init.c.obj (.text:decompress:ZI:__TI_zero_init_nomemset:__TI_zero_init_nomemset)
                  00007a8a    00000014                     : memset.c.obj (.text:memset)
                  00007a9e    00000014                     : mult16_hw.asm.obj (.text)
                  00007ab2    00000014                     : wcslen.c.obj (.text:wcslen)
                  00007ac6    00000012                     : sprintf.c.obj (.text:_outc)
                  00007ad8    00000012                     : copy_decompress_none.c.obj (.text:decompress:none:__TI_decompress_none)
                  00007aea    00000012                     : lsr32.asm.obj (.text:l_lsr)
                  00007afc    00000012                     : memcpy.c.obj (.text:memcpy)
                  00007b0e    00000010                     : asr32.asm.obj (.text:l_asr)
                  00007b1e    00000010                     : epilog.asm.obj (.text)
                  00007b2e    0000000e                     : strlen.c.obj (.text:strlen)
                  00007b3c    0000000c                     : fltid.c.obj (.text:__mspabi_fltid)
                  00007b48    0000000c                     : toupper.c.obj (.text:toupper)
                  00007b54    0000000a                     : abs.c.obj (.text:abs)
                  00007b5e    00000006                     : exit.c.obj (.text:abort)
                  00007b64    00000004                     : pre_init.c.obj (.text:_system_pre_init)
                  00007b68    00000002                     : startup.c.obj (.text:_system_post_cinit)

.const     0    00007b6a    000001c8     
                  00007b6a    00000101     rts430_eabi.lib : ctype.c.obj (.const:.string:_ctypes_)
                  00007c6b    00000001     --HOLE-- [fill = 0]
                  00007c6c    00000058                     : s_atan.c.obj (.const:aT)
                  00007cc4    00000026                     : _printfi.c.obj (.const:.string)
                  00007cea    00000020                     : s_atan.c.obj (.const:atanhi)
                  00007d0a    00000020                     : s_atan.c.obj (.const:atanlo)
                  00007d2a    00000008     FinalProject.obj (.const:.string)

.text:_isr 
*          0    00007d32    00000008     
                  00007d32    00000008     rts430_eabi.lib : isr_trap.asm.obj (.text:_isr:__TI_ISR_TRAP)

.cinit     0    00007d3a    00000082     
                  00007d3a    00000070     (.cinit..data.load) [load image, compression = lzss]
                  00007daa    00000006     (__TI_handler_table)
                  00007db0    00000004     (.cinit..bss.load) [load image, compression = zero_init]
                  00007db4    00000008     (__TI_cinit_table)

.binit     0    00003100    00000000     

.init_array 
*          0    00003100    00000000     UNINITIALIZED

DAC12      0    0000ffdc    00000002     
                  0000ffdc    00000002     rts430_eabi.lib : int14.asm.obj (.int14)

DMA        0    0000ffde    00000002     
                  0000ffde    00000002     rts430_eabi.lib : int15.asm.obj (.int15)

BASICTIMER 
*          0    0000ffe0    00000002     
                  0000ffe0    00000002     rts430_eabi.lib : int16.asm.obj (.int16)

PORT2      0    0000ffe2    00000002     
                  0000ffe2    00000002     rts430_eabi.lib : int17.asm.obj (.int17)

USART1TX   0    0000ffe4    00000002     
                  0000ffe4    00000002     rts430_eabi.lib : int18.asm.obj (.int18)

USART1RX   0    0000ffe6    00000002     
                  0000ffe6    00000002     rts430_eabi.lib : int19.asm.obj (.int19)

PORT1      0    0000ffe8    00000002     
                  0000ffe8    00000002     rts430_eabi.lib : int20.asm.obj (.int20)

TIMERA1    0    0000ffea    00000002     
                  0000ffea    00000002     rts430_eabi.lib : int21.asm.obj (.int21)

TIMERA0    0    0000ffec    00000002     
                  0000ffec    00000002     rts430_eabi.lib : int22.asm.obj (.int22)

ADC12      0    0000ffee    00000002     
                  0000ffee    00000002     FinalProject.obj (.int23)

USCIAB0TX 
*          0    0000fff0    00000002     
                  0000fff0    00000002     rts430_eabi.lib : int24.asm.obj (.int24)

USCIAB0RX 
*          0    0000fff2    00000002     
                  0000fff2    00000002     rts430_eabi.lib : int25.asm.obj (.int25)

WDT        0    0000fff4    00000002     
                  0000fff4    00000002     FinalProject.obj (.int26)

COMPARATORA 
*          0    0000fff6    00000002     
                  0000fff6    00000002     rts430_eabi.lib : int27.asm.obj (.int27)

TIMERB1    0    0000fff8    00000002     
                  0000fff8    00000002     rts430_eabi.lib : int28.asm.obj (.int28)

TIMERB0    0    0000fffa    00000002     
                  0000fffa    00000002     rts430_eabi.lib : int29.asm.obj (.int29)

NMI        0    0000fffc    00000002     
                  0000fffc    00000002     rts430_eabi.lib : int30.asm.obj (.int30)

.reset     0    0000fffe    00000002     
                  0000fffe    00000002     rts430_eabi.lib : boot.c.obj (.reset)

$fill000   0    0000ffbe    00000002     
                  0000ffbe    00000002     --HOLE-- [fill = ffff]

MODULE SUMMARY

       Module                       code    ro data   rw data
       ------                       ----    -------   -------
    .\
       FinalProject.obj             1374    12        164    
    +--+----------------------------+-------+---------+---------+
       Total:                       1374    12        164    
                                                             
    C:\ti\ccs1110\ccs\tools\compiler\ti-cgt-msp430_21.6.0.LTS\lib\rts430_eabi.lib
       _printfi.c.obj               6622    38        0      
       addd.c.obj                   1846    0         0      
       s_atan.c.obj                 1208    152       0      
       frcdivd.c.obj                1144    0         0      
       div64u.c.obj                 864     0         0      
       mpyd.c.obj                   704     0         0      
       divd.c.obj                   568     0         0      
       s_floor.c.obj                464     0         0      
       frcmpyd.c.obj                370     0         0      
       s_scalbn.c.obj               362     0         0      
       s_round.c.obj                270     0         0      
       ctype.c.obj                  0       257       0      
       cmpd.c.obj                   220     0         0      
       cvtdf.c.obj                  180     0         0      
       s_frexp.c.obj                176     0         0      
       fltlid.c.obj                 172     0         0      
       fs_div.asm.obj               156     0         0      
       mult64_hw.asm.obj            150     0         0      
       _ltoa.c.obj                  132     0         0      
       copy_decompress_lzss.c.obj   124     0         0      
       fixdli.c.obj                 114     0         0      
       cvtfd.c.obj                  112     0         0      
       lsr32.asm.obj                110     0         0      
       sprintf.c.obj                100     0         0      
       autoinit.c.obj               88      0         0      
       div32u.asm.obj               88      0         0      
       atoi.c.obj                   82      0         0      
       asr32.asm.obj                78      0         0      
       lsr16.asm.obj                76      0         0      
       asr64.c.obj                  74      0         0      
       fs_cmp.asm.obj               74      0         0      
       mult3264_hw.asm.obj          74      0         0      
       lsr64.c.obj                  70      0         0      
       lsl64.c.obj                  68      0         0      
       div32s.asm.obj               64      0         0      
       lsl32.asm.obj                62      0         0      
       mult32_hw.asm.obj            46      0         0      
       s_copysign.c.obj             46      0         0      
       subd.c.obj                   46      0         0      
       asr16.asm.obj                44      0         0      
       lsl16.asm.obj                44      0         0      
       negd.c.obj                   42      0         0      
       fixdi.c.obj                  40      0         0      
       memccpy.c.obj                34      0         0      
       boot.c.obj                   28      2         0      
       strchr.c.obj                 26      0         0      
       div16u.asm.obj               22      0         0      
       copy_zero_init.c.obj         20      0         0      
       memset.c.obj                 20      0         0      
       mult16_hw.asm.obj            20      0         0      
       wcslen.c.obj                 20      0         0      
       copy_decompress_none.c.obj   18      0         0      
       memcpy.c.obj                 18      0         0      
       epilog.asm.obj               16      0         0      
       strlen.c.obj                 14      0         0      
       fltid.c.obj                  12      0         0      
       toupper.c.obj                12      0         0      
       abs.c.obj                    10      0         0      
       isr_trap.asm.obj             8       0         0      
       exit.c.obj                   6       0         0      
       pre_init.c.obj               4       0         0      
       errno.c.obj                  0       0         2      
       int14.asm.obj                0       2         0      
       int15.asm.obj                0       2         0      
       int16.asm.obj                0       2         0      
       int17.asm.obj                0       2         0      
       int18.asm.obj                0       2         0      
       int19.asm.obj                0       2         0      
       int20.asm.obj                0       2         0      
       int21.asm.obj                0       2         0      
       int22.asm.obj                0       2         0      
       int24.asm.obj                0       2         0      
       int25.asm.obj                0       2         0      
       int27.asm.obj                0       2         0      
       int28.asm.obj                0       2         0      
       int29.asm.obj                0       2         0      
       int30.asm.obj                0       2         0      
       startup.c.obj                2       0         0      
    +--+----------------------------+-------+---------+---------+
       Total:                       17684   479       2      
                                                             
       Stack:                       0       0         160    
       Linker Generated:            0       130       0      
    +--+----------------------------+-------+---------+---------+
       Grand Total:                 19058   621       326    


LINKER GENERATED COPY TABLES

__TI_cinit_table @ 00007db4 records: 2, size/record: 4, table size: 8
	.data: load addr=00007d3a, load size=00000070 bytes, run addr=00001100, run size=00000082 bytes, compression=lzss
	.bss: load addr=00007db0, load size=00000004 bytes, run addr=00001182, run size=00000026 bytes, compression=zero_init


LINKER GENERATED HANDLER TABLE

__TI_handler_table @ 00007daa records: 3, size/record: 2, table size: 6
	index: 0, handler: __TI_zero_init
	index: 1, handler: __TI_decompress_lzss
	index: 2, handler: __TI_decompress_none


GLOBAL SYMBOLS: SORTED ALPHABETICALLY BY Name 

address   name                                   
-------   ----                                   
000001a0  ADC12CTL0                              
000001a2  ADC12CTL1                              
000001a6  ADC12IE                                
000001a4  ADC12IFG                               
000079b4  ADC12ISR                               
000001a8  ADC12IV                                
00000080  ADC12MCTL0                             
00000081  ADC12MCTL1                             
0000008a  ADC12MCTL10                            
0000008b  ADC12MCTL11                            
0000008c  ADC12MCTL12                            
0000008d  ADC12MCTL13                            
0000008e  ADC12MCTL14                            
0000008f  ADC12MCTL15                            
00000082  ADC12MCTL2                             
00000083  ADC12MCTL3                             
00000084  ADC12MCTL4                             
00000085  ADC12MCTL5                             
00000086  ADC12MCTL6                             
00000087  ADC12MCTL7                             
00000088  ADC12MCTL8                             
00000089  ADC12MCTL9                             
00000140  ADC12MEM0                              
00000142  ADC12MEM1                              
00000154  ADC12MEM10                             
00000156  ADC12MEM11                             
00000158  ADC12MEM12                             
0000015a  ADC12MEM13                             
0000015c  ADC12MEM14                             
0000015e  ADC12MEM15                             
00000144  ADC12MEM2                              
00000146  ADC12MEM3                              
00000148  ADC12MEM4                              
0000014a  ADC12MEM5                              
0000014c  ADC12MEM6                              
0000014e  ADC12MEM7                              
00000150  ADC12MEM8                              
00000152  ADC12MEM9                              
0000118c  ADCXval                                
00001190  ADCYval                                
00001194  ADCZval                                
0000746a  ADC_setup                              
00000046  BTCNT1                                 
00000046  BTCNT12                                
00000047  BTCNT2                                 
00000040  BTCTL                                  
00007b5e  C$$EXIT                                
00000059  CACTL1                                 
0000005a  CACTL2                                 
0000005b  CAPD                                   
000001c0  DAC12_0CTL                             
000001c8  DAC12_0DAT                             
000001c2  DAC12_1CTL                             
000001ca  DAC12_1DAT                             
000001d0  DMA0CTL                                
000001d6  DMA0DA                                 
000001d6  DMA0DAL                                
000001d2  DMA0SA                                 
000001d2  DMA0SAL                                
000001da  DMA0SZ                                 
000001dc  DMA1CTL                                
000001e2  DMA1DA                                 
000001e2  DMA1DAL                                
000001de  DMA1SA                                 
000001de  DMA1SAL                                
000001e6  DMA1SZ                                 
000001e8  DMA2CTL                                
000001ee  DMA2DA                                 
000001ee  DMA2DAL                                
000001ea  DMA2SA                                 
000001ea  DMA2SAL                                
000001f2  DMA2SZ                                 
00000122  DMACTL0                                
00000124  DMACTL1                                
00000126  DMAIV                                  
00000128  FCTL1                                  
0000012a  FCTL2                                  
0000012c  FCTL3                                  
00000053  FLL_CTL0                               
00000054  FLL_CTL1                               
00000000  IE1                                    
00000001  IE2                                    
00000002  IFG1                                   
00000003  IFG2                                   
00000090  LCDACTL                                
000000ac  LCDAPCTL0                              
000000ad  LCDAPCTL1                              
000000ae  LCDAVCTL0                              
000000af  LCDAVCTL1                              
00000091  LCDM1                                  
0000009a  LCDM10                                 
0000009b  LCDM11                                 
0000009c  LCDM12                                 
0000009d  LCDM13                                 
0000009e  LCDM14                                 
0000009f  LCDM15                                 
000000a0  LCDM16                                 
000000a1  LCDM17                                 
000000a2  LCDM18                                 
000000a3  LCDM19                                 
00000092  LCDM2                                  
000000a4  LCDM20                                 
00000093  LCDM3                                  
00000094  LCDM4                                  
00000095  LCDM5                                  
00000096  LCDM6                                  
00000097  LCDM7                                  
00000098  LCDM8                                  
00000099  LCDM9                                  
00000134  MAC                                    
00000136  MACS                                   
00000005  ME2                                    
00000130  MPY                                    
00000132  MPYS                                   
000000c0  OA0CTL0                                
000000c1  OA0CTL1                                
000000c2  OA1CTL0                                
000000c3  OA1CTL1                                
000000c4  OA2CTL0                                
000000c5  OA2CTL1                                
00000138  OP2                                    
0000000d  P10DIR                                 
00000009  P10IN                                  
0000000b  P10OUT                                 
0000000f  P10SEL                                 
00000022  P1DIR                                  
00000025  P1IE                                   
00000024  P1IES                                  
00000023  P1IFG                                  
00000020  P1IN                                   
00000021  P1OUT                                  
00000026  P1SEL                                  
0000002a  P2DIR                                  
0000002d  P2IE                                   
0000002c  P2IES                                  
0000002b  P2IFG                                  
00000028  P2IN                                   
00000029  P2OUT                                  
0000002e  P2SEL                                  
0000001a  P3DIR                                  
00000018  P3IN                                   
00000019  P3OUT                                  
0000001b  P3SEL                                  
0000001e  P4DIR                                  
0000001c  P4IN                                   
0000001d  P4OUT                                  
0000001f  P4SEL                                  
00000032  P5DIR                                  
00000030  P5IN                                   
00000031  P5OUT                                  
00000033  P5SEL                                  
00000036  P6DIR                                  
00000034  P6IN                                   
00000035  P6OUT                                  
00000037  P6SEL                                  
0000003c  P7DIR                                  
00000038  P7IN                                   
0000003a  P7OUT                                  
0000003e  P7SEL                                  
0000003d  P8DIR                                  
00000039  P8IN                                   
0000003b  P8OUT                                  
0000003f  P8SEL                                  
0000000c  P9DIR                                  
00000008  P9IN                                   
0000000a  P9OUT                                  
0000000e  P9SEL                                  
0000003c  PADIR                                  
00000038  PAIN                                   
0000003a  PAOUT                                  
0000003e  PASEL                                  
0000000c  PBDIR                                  
00000008  PBIN                                   
0000000a  PBOUT                                  
0000000e  PBSEL                                  
0000013c  RESHI                                  
0000013a  RESLO                                  
00000041  RTCCTL                                 
0000004c  RTCDATE                                
0000004c  RTCDAY                                 
0000004d  RTCMON                                 
00000042  RTCNT1                                 
00000043  RTCNT2                                 
00000044  RTCNT3                                 
00000045  RTCNT4                                 
00000042  RTCTIM0                                
00000044  RTCTIM1                                
00000040  RTCTL                                  
0000004e  RTCYEAR                                
0000004f  RTCYEARH                               
0000004e  RTCYEARL                               
00000050  SCFI0                                  
00000051  SCFI1                                  
00000052  SCFQCTL                                
0000013e  SUMEXT                                 
00000056  SVSCTL                                 
00000172  TACCR0                                 
00000174  TACCR1                                 
00000176  TACCR2                                 
00000162  TACCTL0                                
00000164  TACCTL1                                
00000166  TACCTL2                                
00000160  TACTL                                  
0000012e  TAIV                                   
00000170  TAR                                    
00000192  TBCCR0                                 
00000194  TBCCR1                                 
00000196  TBCCR2                                 
00000198  TBCCR3                                 
0000019a  TBCCR4                                 
0000019c  TBCCR5                                 
0000019e  TBCCR6                                 
00000182  TBCCTL0                                
00000184  TBCCTL1                                
00000186  TBCCTL2                                
00000188  TBCCTL3                                
0000018a  TBCCTL4                                
0000018c  TBCCTL5                                
0000018e  TBCCTL6                                
00000180  TBCTL                                  
0000011e  TBIV                                   
00000190  TBR                                    
0000007c  U1BR0                                  
0000007d  U1BR1                                  
00000078  U1CTL                                  
0000007b  U1MCTL                                 
0000007a  U1RCTL                                 
0000007e  U1RXBUF                                
00000079  U1TCTL                                 
0000007f  U1TXBUF                                
00007a62  UART_Send_Character                    
000074be  UART_send_String                       
00007964  UART_setup                             
0000005d  UCA0ABCTL                              
00000062  UCA0BR0                                
00000063  UCA0BR1                                
00000060  UCA0CTL0                               
00000061  UCA0CTL1                               
0000005f  UCA0IRRCTL                             
0000005e  UCA0IRTCTL                             
00000064  UCA0MCTL                               
00000066  UCA0RXBUF                              
00000065  UCA0STAT                               
00000067  UCA0TXBUF                              
0000006a  UCB0BR0                                
0000006b  UCB0BR1                                
00000068  UCB0CTL0                               
00000069  UCB0CTL1                               
0000006c  UCB0I2CIE                              
00000118  UCB0I2COA                              
0000011a  UCB0I2CSA                              
0000006e  UCB0RXBUF                              
0000006d  UCB0STAT                               
0000006f  UCB0TXBUF                              
00000120  WDTCTL                                 
00001198  Xper                                   
0000119c  Yper                                   
000011a0  Zper                                   
00003100  __STACK_END                            
000000a0  __STACK_SIZE                           
00007db4  __TI_CINIT_Base                        
00007dbc  __TI_CINIT_Limit                       
00007dbc  __TI_CINIT_Warm                        
00007daa  __TI_Handler_Table_Base                
00007db0  __TI_Handler_Table_Limit               
00007d32  __TI_ISR_TRAP                          
00007364  __TI_auto_init_nobinit_nopinit_hold_wdt
00007130  __TI_decompress_lzss                   
00007ad8  __TI_decompress_none                   
00003cee  __TI_frcdivd                           
000061c2  __TI_frcmpyd                           
0000ffdc  __TI_int14                             
0000ffde  __TI_int15                             
0000ffe0  __TI_int16                             
0000ffe2  __TI_int17                             
0000ffe4  __TI_int18                             
0000ffe6  __TI_int19                             
0000ffe8  __TI_int20                             
0000ffea  __TI_int21                             
0000ffec  __TI_int22                             
0000ffee  __TI_int23                             
0000fff0  __TI_int24                             
0000fff2  __TI_int25                             
0000fff4  __TI_int26                             
0000fff6  __TI_int27                             
0000fff8  __TI_int28                             
0000fffa  __TI_int29                             
0000fffc  __TI_int30                             
000070ac  __TI_ltoa                              
ffffffff  __TI_pprof_out_hndl                    
00004786  __TI_printfi                           
ffffffff  __TI_prof_data_size                    
ffffffff  __TI_prof_data_start                   
00007a76  __TI_zero_init_nomemset                
ffffffff  __c_args__                             
00003100  __mspabi_addd                          
000069fe  __mspabi_cmpd                          
00007690  __mspabi_cmpf                          
00006b9e  __mspabi_cvtdf                         
00007298  __mspabi_cvtfd                         
00005388  __mspabi_divd                          
00006e5a  __mspabi_divf                          
00007764  __mspabi_divli                         
00007a4c  __mspabi_divu                          
000073bc  __mspabi_divul                         
00004166  __mspabi_divull                        
0000798c  __mspabi_fixdi                         
00007226  __mspabi_fixdli                        
00007b3c  __mspabi_fltid                         
00006dae  __mspabi_fltlid                        
00007b2a  __mspabi_func_epilog_1                 
00007b28  __mspabi_func_epilog_2                 
00007b26  __mspabi_func_epilog_3                 
00007b24  __mspabi_func_epilog_4                 
00007b22  __mspabi_func_epilog_5                 
00007b20  __mspabi_func_epilog_6                 
00007b1e  __mspabi_func_epilog_7                 
000044c6  __mspabi_mpyd                          
00007a9e  __mspabi_mpyi_hw                       
000078b4  __mspabi_mpyl_hw                       
00006ef6  __mspabi_mpyll_hw                      
000075fc  __mspabi_mpyull_hw                     
0000793a  __mspabi_negd                          
00007764  __mspabi_remli                         
00007a4c  __mspabi_remu                          
000073bc  __mspabi_remul                         
0000790e  __mspabi_slli                          
00007936  __mspabi_slli_1                        
00007924  __mspabi_slli_10                       
00007922  __mspabi_slli_11                       
00007920  __mspabi_slli_12                       
0000791e  __mspabi_slli_13                       
0000791c  __mspabi_slli_14                       
0000791a  __mspabi_slli_15                       
00007934  __mspabi_slli_2                        
00007932  __mspabi_slli_3                        
00007930  __mspabi_slli_4                        
0000792e  __mspabi_slli_5                        
0000792c  __mspabi_slli_6                        
0000792a  __mspabi_slli_7                        
00007928  __mspabi_slli_8                        
00007926  __mspabi_slli_9                        
0000781a  __mspabi_slll_1                        
000077f6  __mspabi_slll_10                       
000077f2  __mspabi_slll_11                       
000077ee  __mspabi_slll_12                       
000077ea  __mspabi_slll_13                       
000077e6  __mspabi_slll_14                       
000077e2  __mspabi_slll_15                       
00007816  __mspabi_slll_2                        
00007812  __mspabi_slll_3                        
0000780e  __mspabi_slll_4                        
0000780a  __mspabi_slll_5                        
00007806  __mspabi_slll_6                        
00007802  __mspabi_slll_7                        
000077fe  __mspabi_slll_8                        
000077fa  __mspabi_slll_9                        
00007720  __mspabi_sllll                         
000078e2  __mspabi_srai                          
0000790a  __mspabi_srai_1                        
000078f8  __mspabi_srai_10                       
000078f6  __mspabi_srai_11                       
000078f4  __mspabi_srai_12                       
000078f2  __mspabi_srai_13                       
000078f0  __mspabi_srai_14                       
000078ee  __mspabi_srai_15                       
00007908  __mspabi_srai_2                        
00007906  __mspabi_srai_3                        
00007904  __mspabi_srai_4                        
00007902  __mspabi_srai_5                        
00007900  __mspabi_srai_6                        
000078fe  __mspabi_srai_7                        
000078fc  __mspabi_srai_8                        
000078fa  __mspabi_srai_9                        
00007b0e  __mspabi_sral                          
000077dc  __mspabi_sral_1                        
000077b8  __mspabi_sral_10                       
000077b4  __mspabi_sral_11                       
000077b0  __mspabi_sral_12                       
000077ac  __mspabi_sral_13                       
000077a8  __mspabi_sral_14                       
000077a4  __mspabi_sral_15                       
000077d8  __mspabi_sral_2                        
000077d4  __mspabi_sral_3                        
000077d0  __mspabi_sral_4                        
000077cc  __mspabi_sral_5                        
000077c8  __mspabi_sral_6                        
000077c4  __mspabi_sral_7                        
000077c0  __mspabi_sral_8                        
000077bc  __mspabi_sral_9                        
00007646  __mspabi_srall                         
000075b0  __mspabi_srli                          
000075f6  __mspabi_srli_1                        
000075d2  __mspabi_srli_10                       
000075ce  __mspabi_srli_11                       
000075ca  __mspabi_srli_12                       
000075c6  __mspabi_srli_13                       
000075c2  __mspabi_srli_14                       
000075be  __mspabi_srli_15                       
000075f2  __mspabi_srli_2                        
000075ee  __mspabi_srli_3                        
000075ea  __mspabi_srli_4                        
000075e6  __mspabi_srli_5                        
000075e2  __mspabi_srli_6                        
000075de  __mspabi_srli_7                        
000075da  __mspabi_srli_8                        
000075d6  __mspabi_srli_9                        
00007aea  __mspabi_srll                          
0000735c  __mspabi_srll_1                        
00007326  __mspabi_srll_10                       
00007320  __mspabi_srll_11                       
0000731a  __mspabi_srll_12                       
00007314  __mspabi_srll_13                       
0000730e  __mspabi_srll_14                       
00007308  __mspabi_srll_15                       
00007356  __mspabi_srll_2                        
00007350  __mspabi_srll_3                        
0000734a  __mspabi_srll_4                        
00007344  __mspabi_srll_5                        
0000733e  __mspabi_srll_6                        
00007338  __mspabi_srll_7                        
00007332  __mspabi_srll_8                        
0000732c  __mspabi_srll_9                        
000076da  __mspabi_srlll                         
00007858  __mspabi_subd                          
000079fc  _c_int00_noargs                        
00007b6a  _ctypes_                               
0000fffe  _reset_vector                          
00003060  _stack                                 
00007b68  _system_post_cinit                     
00007b64  _system_pre_init                       
000011a4  aDev                                   
00007b5e  abort                                  
00007b54  abs                                    
00003836  atan                                   
00003836  atanl                                  
00007510  atoi                                   
00007886  copysign                               
00007886  copysignl                              
00001182  dvAngle                                
00001180  errno                                  
0000598a  floor                                  
0000598a  floorl                                 
00006c52  frexp                                  
00006c52  frexpl                                 
00001128  highdisp                               
00006334  ldexp                                  
00006334  ldexpl                                 
00001148  lowdisp                                
00007414  main                                   
000079da  memccpy                                
00007afc  memcpy                                 
00007a8a  memset                                 
00001100  openMSG                                
00006718  round                                  
00006718  roundl                                 
00006334  scalbn                                 
00006334  scalbnl                                
00004a0e  sendData                               
00007820  sprintf                                
00001166  steady                                 
00007a32  strchr                                 
00007b2e  strlen                                 
00007b48  toupper                                
00005ec4  watchdog_timer                         
00007ab2  wcslen                                 


GLOBAL SYMBOLS: SORTED BY Symbol Address 

address   name                                   
-------   ----                                   
00000000  IE1                                    
00000001  IE2                                    
00000002  IFG1                                   
00000003  IFG2                                   
00000005  ME2                                    
00000008  P9IN                                   
00000008  PBIN                                   
00000009  P10IN                                  
0000000a  P9OUT                                  
0000000a  PBOUT                                  
0000000b  P10OUT                                 
0000000c  P9DIR                                  
0000000c  PBDIR                                  
0000000d  P10DIR                                 
0000000e  P9SEL                                  
0000000e  PBSEL                                  
0000000f  P10SEL                                 
00000018  P3IN                                   
00000019  P3OUT                                  
0000001a  P3DIR                                  
0000001b  P3SEL                                  
0000001c  P4IN                                   
0000001d  P4OUT                                  
0000001e  P4DIR                                  
0000001f  P4SEL                                  
00000020  P1IN                                   
00000021  P1OUT                                  
00000022  P1DIR                                  
00000023  P1IFG                                  
00000024  P1IES                                  
00000025  P1IE                                   
00000026  P1SEL                                  
00000028  P2IN                                   
00000029  P2OUT                                  
0000002a  P2DIR                                  
0000002b  P2IFG                                  
0000002c  P2IES                                  
0000002d  P2IE                                   
0000002e  P2SEL                                  
00000030  P5IN                                   
00000031  P5OUT                                  
00000032  P5DIR                                  
00000033  P5SEL                                  
00000034  P6IN                                   
00000035  P6OUT                                  
00000036  P6DIR                                  
00000037  P6SEL                                  
00000038  P7IN                                   
00000038  PAIN                                   
00000039  P8IN                                   
0000003a  P7OUT                                  
0000003a  PAOUT                                  
0000003b  P8OUT                                  
0000003c  P7DIR                                  
0000003c  PADIR                                  
0000003d  P8DIR                                  
0000003e  P7SEL                                  
0000003e  PASEL                                  
0000003f  P8SEL                                  
00000040  BTCTL                                  
00000040  RTCTL                                  
00000041  RTCCTL                                 
00000042  RTCNT1                                 
00000042  RTCTIM0                                
00000043  RTCNT2                                 
00000044  RTCNT3                                 
00000044  RTCTIM1                                
00000045  RTCNT4                                 
00000046  BTCNT1                                 
00000046  BTCNT12                                
00000047  BTCNT2                                 
0000004c  RTCDATE                                
0000004c  RTCDAY                                 
0000004d  RTCMON                                 
0000004e  RTCYEAR                                
0000004e  RTCYEARL                               
0000004f  RTCYEARH                               
00000050  SCFI0                                  
00000051  SCFI1                                  
00000052  SCFQCTL                                
00000053  FLL_CTL0                               
00000054  FLL_CTL1                               
00000056  SVSCTL                                 
00000059  CACTL1                                 
0000005a  CACTL2                                 
0000005b  CAPD                                   
0000005d  UCA0ABCTL                              
0000005e  UCA0IRTCTL                             
0000005f  UCA0IRRCTL                             
00000060  UCA0CTL0                               
00000061  UCA0CTL1                               
00000062  UCA0BR0                                
00000063  UCA0BR1                                
00000064  UCA0MCTL                               
00000065  UCA0STAT                               
00000066  UCA0RXBUF                              
00000067  UCA0TXBUF                              
00000068  UCB0CTL0                               
00000069  UCB0CTL1                               
0000006a  UCB0BR0                                
0000006b  UCB0BR1                                
0000006c  UCB0I2CIE                              
0000006d  UCB0STAT                               
0000006e  UCB0RXBUF                              
0000006f  UCB0TXBUF                              
00000078  U1CTL                                  
00000079  U1TCTL                                 
0000007a  U1RCTL                                 
0000007b  U1MCTL                                 
0000007c  U1BR0                                  
0000007d  U1BR1                                  
0000007e  U1RXBUF                                
0000007f  U1TXBUF                                
00000080  ADC12MCTL0                             
00000081  ADC12MCTL1                             
00000082  ADC12MCTL2                             
00000083  ADC12MCTL3                             
00000084  ADC12MCTL4                             
00000085  ADC12MCTL5                             
00000086  ADC12MCTL6                             
00000087  ADC12MCTL7                             
00000088  ADC12MCTL8                             
00000089  ADC12MCTL9                             
0000008a  ADC12MCTL10                            
0000008b  ADC12MCTL11                            
0000008c  ADC12MCTL12                            
0000008d  ADC12MCTL13                            
0000008e  ADC12MCTL14                            
0000008f  ADC12MCTL15                            
00000090  LCDACTL                                
00000091  LCDM1                                  
00000092  LCDM2                                  
00000093  LCDM3                                  
00000094  LCDM4                                  
00000095  LCDM5                                  
00000096  LCDM6                                  
00000097  LCDM7                                  
00000098  LCDM8                                  
00000099  LCDM9                                  
0000009a  LCDM10                                 
0000009b  LCDM11                                 
0000009c  LCDM12                                 
0000009d  LCDM13                                 
0000009e  LCDM14                                 
0000009f  LCDM15                                 
000000a0  LCDM16                                 
000000a0  __STACK_SIZE                           
000000a1  LCDM17                                 
000000a2  LCDM18                                 
000000a3  LCDM19                                 
000000a4  LCDM20                                 
000000ac  LCDAPCTL0                              
000000ad  LCDAPCTL1                              
000000ae  LCDAVCTL0                              
000000af  LCDAVCTL1                              
000000c0  OA0CTL0                                
000000c1  OA0CTL1                                
000000c2  OA1CTL0                                
000000c3  OA1CTL1                                
000000c4  OA2CTL0                                
000000c5  OA2CTL1                                
00000118  UCB0I2COA                              
0000011a  UCB0I2CSA                              
0000011e  TBIV                                   
00000120  WDTCTL                                 
00000122  DMACTL0                                
00000124  DMACTL1                                
00000126  DMAIV                                  
00000128  FCTL1                                  
0000012a  FCTL2                                  
0000012c  FCTL3                                  
0000012e  TAIV                                   
00000130  MPY                                    
00000132  MPYS                                   
00000134  MAC                                    
00000136  MACS                                   
00000138  OP2                                    
0000013a  RESLO                                  
0000013c  RESHI                                  
0000013e  SUMEXT                                 
00000140  ADC12MEM0                              
00000142  ADC12MEM1                              
00000144  ADC12MEM2                              
00000146  ADC12MEM3                              
00000148  ADC12MEM4                              
0000014a  ADC12MEM5                              
0000014c  ADC12MEM6                              
0000014e  ADC12MEM7                              
00000150  ADC12MEM8                              
00000152  ADC12MEM9                              
00000154  ADC12MEM10                             
00000156  ADC12MEM11                             
00000158  ADC12MEM12                             
0000015a  ADC12MEM13                             
0000015c  ADC12MEM14                             
0000015e  ADC12MEM15                             
00000160  TACTL                                  
00000162  TACCTL0                                
00000164  TACCTL1                                
00000166  TACCTL2                                
00000170  TAR                                    
00000172  TACCR0                                 
00000174  TACCR1                                 
00000176  TACCR2                                 
00000180  TBCTL                                  
00000182  TBCCTL0                                
00000184  TBCCTL1                                
00000186  TBCCTL2                                
00000188  TBCCTL3                                
0000018a  TBCCTL4                                
0000018c  TBCCTL5                                
0000018e  TBCCTL6                                
00000190  TBR                                    
00000192  TBCCR0                                 
00000194  TBCCR1                                 
00000196  TBCCR2                                 
00000198  TBCCR3                                 
0000019a  TBCCR4                                 
0000019c  TBCCR5                                 
0000019e  TBCCR6                                 
000001a0  ADC12CTL0                              
000001a2  ADC12CTL1                              
000001a4  ADC12IFG                               
000001a6  ADC12IE                                
000001a8  ADC12IV                                
000001c0  DAC12_0CTL                             
000001c2  DAC12_1CTL                             
000001c8  DAC12_0DAT                             
000001ca  DAC12_1DAT                             
000001d0  DMA0CTL                                
000001d2  DMA0SA                                 
000001d2  DMA0SAL                                
000001d6  DMA0DA                                 
000001d6  DMA0DAL                                
000001da  DMA0SZ                                 
000001dc  DMA1CTL                                
000001de  DMA1SA                                 
000001de  DMA1SAL                                
000001e2  DMA1DA                                 
000001e2  DMA1DAL                                
000001e6  DMA1SZ                                 
000001e8  DMA2CTL                                
000001ea  DMA2SA                                 
000001ea  DMA2SAL                                
000001ee  DMA2DA                                 
000001ee  DMA2DAL                                
000001f2  DMA2SZ                                 
00001100  openMSG                                
00001128  highdisp                               
00001148  lowdisp                                
00001166  steady                                 
00001180  errno                                  
00001182  dvAngle                                
0000118c  ADCXval                                
00001190  ADCYval                                
00001194  ADCZval                                
00001198  Xper                                   
0000119c  Yper                                   
000011a0  Zper                                   
000011a4  aDev                                   
00003060  _stack                                 
00003100  __STACK_END                            
00003100  __mspabi_addd                          
00003836  atan                                   
00003836  atanl                                  
00003cee  __TI_frcdivd                           
00004166  __mspabi_divull                        
000044c6  __mspabi_mpyd                          
00004786  __TI_printfi                           
00004a0e  sendData                               
00005388  __mspabi_divd                          
0000598a  floor                                  
0000598a  floorl                                 
00005ec4  watchdog_timer                         
000061c2  __TI_frcmpyd                           
00006334  ldexp                                  
00006334  ldexpl                                 
00006334  scalbn                                 
00006334  scalbnl                                
00006718  round                                  
00006718  roundl                                 
000069fe  __mspabi_cmpd                          
00006b9e  __mspabi_cvtdf                         
00006c52  frexp                                  
00006c52  frexpl                                 
00006dae  __mspabi_fltlid                        
00006e5a  __mspabi_divf                          
00006ef6  __mspabi_mpyll_hw                      
000070ac  __TI_ltoa                              
00007130  __TI_decompress_lzss                   
00007226  __mspabi_fixdli                        
00007298  __mspabi_cvtfd                         
00007308  __mspabi_srll_15                       
0000730e  __mspabi_srll_14                       
00007314  __mspabi_srll_13                       
0000731a  __mspabi_srll_12                       
00007320  __mspabi_srll_11                       
00007326  __mspabi_srll_10                       
0000732c  __mspabi_srll_9                        
00007332  __mspabi_srll_8                        
00007338  __mspabi_srll_7                        
0000733e  __mspabi_srll_6                        
00007344  __mspabi_srll_5                        
0000734a  __mspabi_srll_4                        
00007350  __mspabi_srll_3                        
00007356  __mspabi_srll_2                        
0000735c  __mspabi_srll_1                        
00007364  __TI_auto_init_nobinit_nopinit_hold_wdt
000073bc  __mspabi_divul                         
000073bc  __mspabi_remul                         
00007414  main                                   
0000746a  ADC_setup                              
000074be  UART_send_String                       
00007510  atoi                                   
000075b0  __mspabi_srli                          
000075be  __mspabi_srli_15                       
000075c2  __mspabi_srli_14                       
000075c6  __mspabi_srli_13                       
000075ca  __mspabi_srli_12                       
000075ce  __mspabi_srli_11                       
000075d2  __mspabi_srli_10                       
000075d6  __mspabi_srli_9                        
000075da  __mspabi_srli_8                        
000075de  __mspabi_srli_7                        
000075e2  __mspabi_srli_6                        
000075e6  __mspabi_srli_5                        
000075ea  __mspabi_srli_4                        
000075ee  __mspabi_srli_3                        
000075f2  __mspabi_srli_2                        
000075f6  __mspabi_srli_1                        
000075fc  __mspabi_mpyull_hw                     
00007646  __mspabi_srall                         
00007690  __mspabi_cmpf                          
000076da  __mspabi_srlll                         
00007720  __mspabi_sllll                         
00007764  __mspabi_divli                         
00007764  __mspabi_remli                         
000077a4  __mspabi_sral_15                       
000077a8  __mspabi_sral_14                       
000077ac  __mspabi_sral_13                       
000077b0  __mspabi_sral_12                       
000077b4  __mspabi_sral_11                       
000077b8  __mspabi_sral_10                       
000077bc  __mspabi_sral_9                        
000077c0  __mspabi_sral_8                        
000077c4  __mspabi_sral_7                        
000077c8  __mspabi_sral_6                        
000077cc  __mspabi_sral_5                        
000077d0  __mspabi_sral_4                        
000077d4  __mspabi_sral_3                        
000077d8  __mspabi_sral_2                        
000077dc  __mspabi_sral_1                        
000077e2  __mspabi_slll_15                       
000077e6  __mspabi_slll_14                       
000077ea  __mspabi_slll_13                       
000077ee  __mspabi_slll_12                       
000077f2  __mspabi_slll_11                       
000077f6  __mspabi_slll_10                       
000077fa  __mspabi_slll_9                        
000077fe  __mspabi_slll_8                        
00007802  __mspabi_slll_7                        
00007806  __mspabi_slll_6                        
0000780a  __mspabi_slll_5                        
0000780e  __mspabi_slll_4                        
00007812  __mspabi_slll_3                        
00007816  __mspabi_slll_2                        
0000781a  __mspabi_slll_1                        
00007820  sprintf                                
00007858  __mspabi_subd                          
00007886  copysign                               
00007886  copysignl                              
000078b4  __mspabi_mpyl_hw                       
000078e2  __mspabi_srai                          
000078ee  __mspabi_srai_15                       
000078f0  __mspabi_srai_14                       
000078f2  __mspabi_srai_13                       
000078f4  __mspabi_srai_12                       
000078f6  __mspabi_srai_11                       
000078f8  __mspabi_srai_10                       
000078fa  __mspabi_srai_9                        
000078fc  __mspabi_srai_8                        
000078fe  __mspabi_srai_7                        
00007900  __mspabi_srai_6                        
00007902  __mspabi_srai_5                        
00007904  __mspabi_srai_4                        
00007906  __mspabi_srai_3                        
00007908  __mspabi_srai_2                        
0000790a  __mspabi_srai_1                        
0000790e  __mspabi_slli                          
0000791a  __mspabi_slli_15                       
0000791c  __mspabi_slli_14                       
0000791e  __mspabi_slli_13                       
00007920  __mspabi_slli_12                       
00007922  __mspabi_slli_11                       
00007924  __mspabi_slli_10                       
00007926  __mspabi_slli_9                        
00007928  __mspabi_slli_8                        
0000792a  __mspabi_slli_7                        
0000792c  __mspabi_slli_6                        
0000792e  __mspabi_slli_5                        
00007930  __mspabi_slli_4                        
00007932  __mspabi_slli_3                        
00007934  __mspabi_slli_2                        
00007936  __mspabi_slli_1                        
0000793a  __mspabi_negd                          
00007964  UART_setup                             
0000798c  __mspabi_fixdi                         
000079b4  ADC12ISR                               
000079da  memccpy                                
000079fc  _c_int00_noargs                        
00007a32  strchr                                 
00007a4c  __mspabi_divu                          
00007a4c  __mspabi_remu                          
00007a62  UART_Send_Character                    
00007a76  __TI_zero_init_nomemset                
00007a8a  memset                                 
00007a9e  __mspabi_mpyi_hw                       
00007ab2  wcslen                                 
00007ad8  __TI_decompress_none                   
00007aea  __mspabi_srll                          
00007afc  memcpy                                 
00007b0e  __mspabi_sral                          
00007b1e  __mspabi_func_epilog_7                 
00007b20  __mspabi_func_epilog_6                 
00007b22  __mspabi_func_epilog_5                 
00007b24  __mspabi_func_epilog_4                 
00007b26  __mspabi_func_epilog_3                 
00007b28  __mspabi_func_epilog_2                 
00007b2a  __mspabi_func_epilog_1                 
00007b2e  strlen                                 
00007b3c  __mspabi_fltid                         
00007b48  toupper                                
00007b54  abs                                    
00007b5e  C$$EXIT                                
00007b5e  abort                                  
00007b64  _system_pre_init                       
00007b68  _system_post_cinit                     
00007b6a  _ctypes_                               
00007d32  __TI_ISR_TRAP                          
00007daa  __TI_Handler_Table_Base                
00007db0  __TI_Handler_Table_Limit               
00007db4  __TI_CINIT_Base                        
00007dbc  __TI_CINIT_Limit                       
00007dbc  __TI_CINIT_Warm                        
0000ffdc  __TI_int14                             
0000ffde  __TI_int15                             
0000ffe0  __TI_int16                             
0000ffe2  __TI_int17                             
0000ffe4  __TI_int18                             
0000ffe6  __TI_int19                             
0000ffe8  __TI_int20                             
0000ffea  __TI_int21                             
0000ffec  __TI_int22                             
0000ffee  __TI_int23                             
0000fff0  __TI_int24                             
0000fff2  __TI_int25                             
0000fff4  __TI_int26                             
0000fff6  __TI_int27                             
0000fff8  __TI_int28                             
0000fffa  __TI_int29                             
0000fffc  __TI_int30                             
0000fffe  _reset_vector                          
ffffffff  __TI_pprof_out_hndl                    
ffffffff  __TI_prof_data_size                    
ffffffff  __TI_prof_data_start                   
ffffffff  __c_args__                             

[466 symbols]
