<?xml version="1.0" encoding="ISO-8859-1" ?>
<link_info>
   <banner>MSP430 Linker PC v21.6.0.LTS</banner>
   <copyright>Copyright (c) 2003-2018 Texas Instruments Incorporated</copyright>
   <link_time>0x624791f0</link_time>
   <link_errors>0x0</link_errors>
   <output_file>Lab10_Q1.out</output_file>
   <entry_point>
      <name>_c_int00_noargs</name>
      <address>0x52ee</address>
   </entry_point>
   <input_file_list>
      <input_file id="fl-2">
         <path>.\</path>
         <kind>object</kind>
         <file>xyz.obj</file>
         <name>xyz.obj</name>
      </input_file>
      <input_file id="fl-7">
         <kind>object</kind>
         <file>&lt;internal&gt;</file>
         <name>&lt;internal&gt;</name>
      </input_file>
      <input_file id="fl-1d">
         <path>C:\ti\ccs1110\ccs\tools\compiler\ti-cgt-msp430_21.6.0.LTS\lib\</path>
         <kind>archive</kind>
         <file>rts430_eabi.lib</file>
         <name>s_atan.c.obj</name>
      </input_file>
      <input_file id="fl-1e">
         <path>C:\ti\ccs1110\ccs\tools\compiler\ti-cgt-msp430_21.6.0.LTS\lib\</path>
         <kind>archive</kind>
         <file>rts430_eabi.lib</file>
         <name>epilog.asm.obj</name>
      </input_file>
      <input_file id="fl-1f">
         <path>C:\ti\ccs1110\ccs\tools\compiler\ti-cgt-msp430_21.6.0.LTS\lib\</path>
         <kind>archive</kind>
         <file>rts430_eabi.lib</file>
         <name>fs_cmp.asm.obj</name>
      </input_file>
      <input_file id="fl-20">
         <path>C:\ti\ccs1110\ccs\tools\compiler\ti-cgt-msp430_21.6.0.LTS\lib\</path>
         <kind>archive</kind>
         <file>rts430_eabi.lib</file>
         <name>fs_div.asm.obj</name>
      </input_file>
      <input_file id="fl-21">
         <path>C:\ti\ccs1110\ccs\tools\compiler\ti-cgt-msp430_21.6.0.LTS\lib\</path>
         <kind>archive</kind>
         <file>rts430_eabi.lib</file>
         <name>int14.asm.obj</name>
      </input_file>
      <input_file id="fl-22">
         <path>C:\ti\ccs1110\ccs\tools\compiler\ti-cgt-msp430_21.6.0.LTS\lib\</path>
         <kind>archive</kind>
         <file>rts430_eabi.lib</file>
         <name>int15.asm.obj</name>
      </input_file>
      <input_file id="fl-23">
         <path>C:\ti\ccs1110\ccs\tools\compiler\ti-cgt-msp430_21.6.0.LTS\lib\</path>
         <kind>archive</kind>
         <file>rts430_eabi.lib</file>
         <name>int16.asm.obj</name>
      </input_file>
      <input_file id="fl-24">
         <path>C:\ti\ccs1110\ccs\tools\compiler\ti-cgt-msp430_21.6.0.LTS\lib\</path>
         <kind>archive</kind>
         <file>rts430_eabi.lib</file>
         <name>int17.asm.obj</name>
      </input_file>
      <input_file id="fl-25">
         <path>C:\ti\ccs1110\ccs\tools\compiler\ti-cgt-msp430_21.6.0.LTS\lib\</path>
         <kind>archive</kind>
         <file>rts430_eabi.lib</file>
         <name>int18.asm.obj</name>
      </input_file>
      <input_file id="fl-26">
         <path>C:\ti\ccs1110\ccs\tools\compiler\ti-cgt-msp430_21.6.0.LTS\lib\</path>
         <kind>archive</kind>
         <file>rts430_eabi.lib</file>
         <name>int19.asm.obj</name>
      </input_file>
      <input_file id="fl-27">
         <path>C:\ti\ccs1110\ccs\tools\compiler\ti-cgt-msp430_21.6.0.LTS\lib\</path>
         <kind>archive</kind>
         <file>rts430_eabi.lib</file>
         <name>int20.asm.obj</name>
      </input_file>
      <input_file id="fl-28">
         <path>C:\ti\ccs1110\ccs\tools\compiler\ti-cgt-msp430_21.6.0.LTS\lib\</path>
         <kind>archive</kind>
         <file>rts430_eabi.lib</file>
         <name>int21.asm.obj</name>
      </input_file>
      <input_file id="fl-29">
         <path>C:\ti\ccs1110\ccs\tools\compiler\ti-cgt-msp430_21.6.0.LTS\lib\</path>
         <kind>archive</kind>
         <file>rts430_eabi.lib</file>
         <name>int24.asm.obj</name>
      </input_file>
      <input_file id="fl-2a">
         <path>C:\ti\ccs1110\ccs\tools\compiler\ti-cgt-msp430_21.6.0.LTS\lib\</path>
         <kind>archive</kind>
         <file>rts430_eabi.lib</file>
         <name>int25.asm.obj</name>
      </input_file>
      <input_file id="fl-2b">
         <path>C:\ti\ccs1110\ccs\tools\compiler\ti-cgt-msp430_21.6.0.LTS\lib\</path>
         <kind>archive</kind>
         <file>rts430_eabi.lib</file>
         <name>int27.asm.obj</name>
      </input_file>
      <input_file id="fl-2c">
         <path>C:\ti\ccs1110\ccs\tools\compiler\ti-cgt-msp430_21.6.0.LTS\lib\</path>
         <kind>archive</kind>
         <file>rts430_eabi.lib</file>
         <name>int28.asm.obj</name>
      </input_file>
      <input_file id="fl-2d">
         <path>C:\ti\ccs1110\ccs\tools\compiler\ti-cgt-msp430_21.6.0.LTS\lib\</path>
         <kind>archive</kind>
         <file>rts430_eabi.lib</file>
         <name>int29.asm.obj</name>
      </input_file>
      <input_file id="fl-2e">
         <path>C:\ti\ccs1110\ccs\tools\compiler\ti-cgt-msp430_21.6.0.LTS\lib\</path>
         <kind>archive</kind>
         <file>rts430_eabi.lib</file>
         <name>int30.asm.obj</name>
      </input_file>
      <input_file id="fl-2f">
         <path>C:\ti\ccs1110\ccs\tools\compiler\ti-cgt-msp430_21.6.0.LTS\lib\</path>
         <kind>archive</kind>
         <file>rts430_eabi.lib</file>
         <name>isr_trap.asm.obj</name>
      </input_file>
      <input_file id="fl-30">
         <path>C:\ti\ccs1110\ccs\tools\compiler\ti-cgt-msp430_21.6.0.LTS\lib\</path>
         <kind>archive</kind>
         <file>rts430_eabi.lib</file>
         <name>lsr16.asm.obj</name>
      </input_file>
      <input_file id="fl-31">
         <path>C:\ti\ccs1110\ccs\tools\compiler\ti-cgt-msp430_21.6.0.LTS\lib\</path>
         <kind>archive</kind>
         <file>rts430_eabi.lib</file>
         <name>mult16_hw.asm.obj</name>
      </input_file>
      <input_file id="fl-32">
         <path>C:\ti\ccs1110\ccs\tools\compiler\ti-cgt-msp430_21.6.0.LTS\lib\</path>
         <kind>archive</kind>
         <file>rts430_eabi.lib</file>
         <name>mult1632_hw.asm.obj</name>
      </input_file>
      <input_file id="fl-33">
         <path>C:\ti\ccs1110\ccs\tools\compiler\ti-cgt-msp430_21.6.0.LTS\lib\</path>
         <kind>archive</kind>
         <file>rts430_eabi.lib</file>
         <name>mult32_hw.asm.obj</name>
      </input_file>
      <input_file id="fl-34">
         <path>C:\ti\ccs1110\ccs\tools\compiler\ti-cgt-msp430_21.6.0.LTS\lib\</path>
         <kind>archive</kind>
         <file>rts430_eabi.lib</file>
         <name>mult3264_hw.asm.obj</name>
      </input_file>
      <input_file id="fl-35">
         <path>C:\ti\ccs1110\ccs\tools\compiler\ti-cgt-msp430_21.6.0.LTS\lib\</path>
         <kind>archive</kind>
         <file>rts430_eabi.lib</file>
         <name>mult64_hw.asm.obj</name>
      </input_file>
      <input_file id="fl-36">
         <path>C:\ti\ccs1110\ccs\tools\compiler\ti-cgt-msp430_21.6.0.LTS\lib\</path>
         <kind>archive</kind>
         <file>rts430_eabi.lib</file>
         <name>boot.c.obj</name>
      </input_file>
      <input_file id="fl-37">
         <path>C:\ti\ccs1110\ccs\tools\compiler\ti-cgt-msp430_21.6.0.LTS\lib\</path>
         <kind>archive</kind>
         <file>rts430_eabi.lib</file>
         <name>autoinit.c.obj</name>
      </input_file>
      <input_file id="fl-38">
         <path>C:\ti\ccs1110\ccs\tools\compiler\ti-cgt-msp430_21.6.0.LTS\lib\</path>
         <kind>archive</kind>
         <file>rts430_eabi.lib</file>
         <name>copy_zero_init.c.obj</name>
      </input_file>
      <input_file id="fl-39">
         <path>C:\ti\ccs1110\ccs\tools\compiler\ti-cgt-msp430_21.6.0.LTS\lib\</path>
         <kind>archive</kind>
         <file>rts430_eabi.lib</file>
         <name>cpy_tbl.c.obj</name>
      </input_file>
      <input_file id="fl-3a">
         <path>C:\ti\ccs1110\ccs\tools\compiler\ti-cgt-msp430_21.6.0.LTS\lib\</path>
         <kind>archive</kind>
         <file>rts430_eabi.lib</file>
         <name>mpu_init.c.obj</name>
      </input_file>
      <input_file id="fl-3b">
         <path>C:\ti\ccs1110\ccs\tools\compiler\ti-cgt-msp430_21.6.0.LTS\lib\</path>
         <kind>archive</kind>
         <file>rts430_eabi.lib</file>
         <name>lsr64.c.obj</name>
      </input_file>
      <input_file id="fl-3c">
         <path>C:\ti\ccs1110\ccs\tools\compiler\ti-cgt-msp430_21.6.0.LTS\lib\</path>
         <kind>archive</kind>
         <file>rts430_eabi.lib</file>
         <name>pre_init.c.obj</name>
      </input_file>
      <input_file id="fl-3d">
         <path>C:\ti\ccs1110\ccs\tools\compiler\ti-cgt-msp430_21.6.0.LTS\lib\</path>
         <kind>archive</kind>
         <file>rts430_eabi.lib</file>
         <name>startup.c.obj</name>
      </input_file>
      <input_file id="fl-3e">
         <path>C:\ti\ccs1110\ccs\tools\compiler\ti-cgt-msp430_21.6.0.LTS\lib\</path>
         <kind>archive</kind>
         <file>rts430_eabi.lib</file>
         <name>copy_decompress_none.c.obj</name>
      </input_file>
      <input_file id="fl-3f">
         <path>C:\ti\ccs1110\ccs\tools\compiler\ti-cgt-msp430_21.6.0.LTS\lib\</path>
         <kind>archive</kind>
         <file>rts430_eabi.lib</file>
         <name>copy_decompress_lzss.c.obj</name>
      </input_file>
      <input_file id="fl-40">
         <path>C:\ti\ccs1110\ccs\tools\compiler\ti-cgt-msp430_21.6.0.LTS\lib\</path>
         <kind>archive</kind>
         <file>rts430_eabi.lib</file>
         <name>addd.c.obj</name>
      </input_file>
      <input_file id="fl-41">
         <path>C:\ti\ccs1110\ccs\tools\compiler\ti-cgt-msp430_21.6.0.LTS\lib\</path>
         <kind>archive</kind>
         <file>rts430_eabi.lib</file>
         <name>cmpd.c.obj</name>
      </input_file>
      <input_file id="fl-42">
         <path>C:\ti\ccs1110\ccs\tools\compiler\ti-cgt-msp430_21.6.0.LTS\lib\</path>
         <kind>archive</kind>
         <file>rts430_eabi.lib</file>
         <name>cvtfd.c.obj</name>
      </input_file>
      <input_file id="fl-43">
         <path>C:\ti\ccs1110\ccs\tools\compiler\ti-cgt-msp430_21.6.0.LTS\lib\</path>
         <kind>archive</kind>
         <file>rts430_eabi.lib</file>
         <name>divd.c.obj</name>
      </input_file>
      <input_file id="fl-44">
         <path>C:\ti\ccs1110\ccs\tools\compiler\ti-cgt-msp430_21.6.0.LTS\lib\</path>
         <kind>archive</kind>
         <file>rts430_eabi.lib</file>
         <name>fltlid.c.obj</name>
      </input_file>
      <input_file id="fl-45">
         <path>C:\ti\ccs1110\ccs\tools\compiler\ti-cgt-msp430_21.6.0.LTS\lib\</path>
         <kind>archive</kind>
         <file>rts430_eabi.lib</file>
         <name>frcdivd.c.obj</name>
      </input_file>
      <input_file id="fl-46">
         <path>C:\ti\ccs1110\ccs\tools\compiler\ti-cgt-msp430_21.6.0.LTS\lib\</path>
         <kind>archive</kind>
         <file>rts430_eabi.lib</file>
         <name>mpyd.c.obj</name>
      </input_file>
      <input_file id="fl-47">
         <path>C:\ti\ccs1110\ccs\tools\compiler\ti-cgt-msp430_21.6.0.LTS\lib\</path>
         <kind>archive</kind>
         <file>rts430_eabi.lib</file>
         <name>negd.c.obj</name>
      </input_file>
      <input_file id="fl-48">
         <path>C:\ti\ccs1110\ccs\tools\compiler\ti-cgt-msp430_21.6.0.LTS\lib\</path>
         <kind>archive</kind>
         <file>rts430_eabi.lib</file>
         <name>subd.c.obj</name>
      </input_file>
      <input_file id="fl-49">
         <path>C:\ti\ccs1110\ccs\tools\compiler\ti-cgt-msp430_21.6.0.LTS\lib\</path>
         <kind>archive</kind>
         <file>rts430_eabi.lib</file>
         <name>cvtdf.c.obj</name>
      </input_file>
      <input_file id="fl-4a">
         <path>C:\ti\ccs1110\ccs\tools\compiler\ti-cgt-msp430_21.6.0.LTS\lib\</path>
         <kind>archive</kind>
         <file>rts430_eabi.lib</file>
         <name>exit.c.obj</name>
      </input_file>
      <input_file id="fl-4b">
         <path>C:\ti\ccs1110\ccs\tools\compiler\ti-cgt-msp430_21.6.0.LTS\lib\</path>
         <kind>archive</kind>
         <file>rts430_eabi.lib</file>
         <name>_lock.c.obj</name>
      </input_file>
      <input_file id="fl-4c">
         <path>C:\ti\ccs1110\ccs\tools\compiler\ti-cgt-msp430_21.6.0.LTS\lib\</path>
         <kind>archive</kind>
         <file>rts430_eabi.lib</file>
         <name>args_main.c.obj</name>
      </input_file>
      <input_file id="fl-4d">
         <path>C:\ti\ccs1110\ccs\tools\compiler\ti-cgt-msp430_21.6.0.LTS\lib\</path>
         <kind>archive</kind>
         <file>rts430_eabi.lib</file>
         <name>memcpy.c.obj</name>
      </input_file>
      <input_file id="fl-4e">
         <path>C:\ti\ccs1110\ccs\tools\compiler\ti-cgt-msp430_21.6.0.LTS\lib\</path>
         <kind>archive</kind>
         <file>rts430_eabi.lib</file>
         <name>asr16.asm.obj</name>
      </input_file>
      <input_file id="fl-4f">
         <path>C:\ti\ccs1110\ccs\tools\compiler\ti-cgt-msp430_21.6.0.LTS\lib\</path>
         <kind>archive</kind>
         <file>rts430_eabi.lib</file>
         <name>asr32.asm.obj</name>
      </input_file>
      <input_file id="fl-50">
         <path>C:\ti\ccs1110\ccs\tools\compiler\ti-cgt-msp430_21.6.0.LTS\lib\</path>
         <kind>archive</kind>
         <file>rts430_eabi.lib</file>
         <name>lsl16.asm.obj</name>
      </input_file>
      <input_file id="fl-51">
         <path>C:\ti\ccs1110\ccs\tools\compiler\ti-cgt-msp430_21.6.0.LTS\lib\</path>
         <kind>archive</kind>
         <file>rts430_eabi.lib</file>
         <name>lsl32.asm.obj</name>
      </input_file>
      <input_file id="fl-52">
         <path>C:\ti\ccs1110\ccs\tools\compiler\ti-cgt-msp430_21.6.0.LTS\lib\</path>
         <kind>archive</kind>
         <file>rts430_eabi.lib</file>
         <name>lsr32.asm.obj</name>
      </input_file>
      <input_file id="fl-53">
         <path>C:\ti\ccs1110\ccs\tools\compiler\ti-cgt-msp430_21.6.0.LTS\lib\</path>
         <kind>archive</kind>
         <file>rts430_eabi.lib</file>
         <name>mult16.asm.obj</name>
      </input_file>
      <input_file id="fl-54">
         <path>C:\ti\ccs1110\ccs\tools\compiler\ti-cgt-msp430_21.6.0.LTS\lib\</path>
         <kind>archive</kind>
         <file>rts430_eabi.lib</file>
         <name>mult32.asm.obj</name>
      </input_file>
      <input_file id="fl-55">
         <path>C:\ti\ccs1110\ccs\tools\compiler\ti-cgt-msp430_21.6.0.LTS\lib\</path>
         <kind>archive</kind>
         <file>rts430_eabi.lib</file>
         <name>exit_gvars.c.obj</name>
      </input_file>
      <input_file id="fl-56">
         <path>C:\ti\ccs1110\ccs\tools\compiler\ti-cgt-msp430_21.6.0.LTS\lib\</path>
         <kind>archive</kind>
         <file>rts430_eabi.lib</file>
         <name>asr64.c.obj</name>
      </input_file>
      <input_file id="fl-57">
         <path>C:\ti\ccs1110\ccs\tools\compiler\ti-cgt-msp430_21.6.0.LTS\lib\</path>
         <kind>archive</kind>
         <file>rts430_eabi.lib</file>
         <name>lsl64.c.obj</name>
      </input_file>
      <input_file id="fl-58">
         <path>C:\ti\ccs1110\ccs\tools\compiler\ti-cgt-msp430_21.6.0.LTS\lib\</path>
         <kind>archive</kind>
         <file>rts430_eabi.lib</file>
         <name>frcmpyd.c.obj</name>
      </input_file>
      <input_file id="fl-59">
         <path>C:\ti\ccs1110\ccs\tools\compiler\ti-cgt-msp430_21.6.0.LTS\lib\</path>
         <kind>archive</kind>
         <file>rts430_eabi.lib</file>
         <name>mult3264.asm.obj</name>
      </input_file>
      <input_file id="fl-5a">
         <path>C:\ti\ccs1110\ccs\tools\compiler\ti-cgt-msp430_21.6.0.LTS\lib\</path>
         <kind>archive</kind>
         <file>rts430_eabi.lib</file>
         <name>mult64.asm.obj</name>
      </input_file>
      <input_file id="fl-5b">
         <path>C:\ti\ccs1110\ccs\tools\compiler\ti-cgt-msp430_21.6.0.LTS\lib\</path>
         <kind>archive</kind>
         <file>rts430_eabi.lib</file>
         <name>mult1632.asm.obj</name>
      </input_file>
   </input_file_list>
   <object_component_list>
      <object_component id="oc-1fb">
         <name>.common:ADCXval</name>
         <uninitialized>true</uninitialized>
         <run_address>0x1100</run_address>
         <size>0x4</size>
      </object_component>
      <object_component id="oc-1fe">
         <name>.common:ADCYval</name>
         <uninitialized>true</uninitialized>
         <run_address>0x1104</run_address>
         <size>0x4</size>
      </object_component>
      <object_component id="oc-1ff">
         <name>.common:ADCZval</name>
         <uninitialized>true</uninitialized>
         <run_address>0x1108</run_address>
         <size>0x4</size>
      </object_component>
      <object_component id="oc-253">
         <name>.common:Xper</name>
         <uninitialized>true</uninitialized>
         <run_address>0x110c</run_address>
         <size>0x4</size>
      </object_component>
      <object_component id="oc-254">
         <name>.common:Yper</name>
         <uninitialized>true</uninitialized>
         <run_address>0x1110</run_address>
         <size>0x4</size>
      </object_component>
      <object_component id="oc-255">
         <name>.common:Zper</name>
         <uninitialized>true</uninitialized>
         <run_address>0x1114</run_address>
         <size>0x4</size>
      </object_component>
      <object_component id="oc-267">
         <name>.common:aDev</name>
         <uninitialized>true</uninitialized>
         <run_address>0x1118</run_address>
         <size>0x4</size>
      </object_component>
      <object_component id="oc-15c">
         <name>.stack</name>
         <uninitialized>true</uninitialized>
         <run_address>0x3060</run_address>
         <size>0x2</size>
         <input_file_ref idref="fl-36"/>
      </object_component>
      <object_component id="oc-43d">
         <name>.stack</name>
         <uninitialized>true</uninitialized>
         <run_address>0x3060</run_address>
         <size>0x0</size>
      </object_component>
      <object_component id="oc-2f6">
         <name>.text:__mspabi_addd</name>
         <load_address>0x3100</load_address>
         <run_address>0x3100</run_address>
         <size>0x736</size>
         <input_file_ref idref="fl-40"/>
      </object_component>
      <object_component id="oc-261">
         <name>.text:atan</name>
         <load_address>0x3836</load_address>
         <run_address>0x3836</run_address>
         <size>0x4b8</size>
         <input_file_ref idref="fl-1d"/>
      </object_component>
      <object_component id="oc-2ee">
         <name>.text:__TI_frcdivd</name>
         <load_address>0x3cee</load_address>
         <run_address>0x3cee</run_address>
         <size>0x478</size>
         <input_file_ref idref="fl-45"/>
      </object_component>
      <object_component id="oc-23b">
         <name>.text:__mspabi_mpyd</name>
         <load_address>0x4166</load_address>
         <run_address>0x4166</run_address>
         <size>0x2c0</size>
         <input_file_ref idref="fl-46"/>
      </object_component>
      <object_component id="oc-1f4">
         <name>.text:sendData</name>
         <load_address>0x4426</load_address>
         <run_address>0x4426</run_address>
         <size>0x2a2</size>
         <input_file_ref idref="fl-2"/>
      </object_component>
      <object_component id="oc-241">
         <name>.text:__mspabi_divd</name>
         <load_address>0x46c8</load_address>
         <run_address>0x46c8</run_address>
         <size>0x238</size>
         <input_file_ref idref="fl-43"/>
      </object_component>
      <object_component id="oc-2e6">
         <name>.text:__TI_frcmpyd</name>
         <load_address>0x4900</load_address>
         <run_address>0x4900</run_address>
         <size>0x172</size>
         <input_file_ref idref="fl-58"/>
      </object_component>
      <object_component id="oc-318">
         <name>.text:__mspabi_cmpd</name>
         <load_address>0x4a72</load_address>
         <run_address>0x4a72</run_address>
         <size>0xdc</size>
         <input_file_ref idref="fl-41"/>
      </object_component>
      <object_component id="oc-24d">
         <name>.text:__mspabi_cvtdf</name>
         <load_address>0x4b4e</load_address>
         <run_address>0x4b4e</run_address>
         <size>0xb4</size>
         <input_file_ref idref="fl-49"/>
      </object_component>
      <object_component id="oc-235">
         <name>.text:__mspabi_fltlid</name>
         <load_address>0x4c02</load_address>
         <run_address>0x4c02</run_address>
         <size>0xac</size>
         <input_file_ref idref="fl-44"/>
      </object_component>
      <object_component id="oc-256">
         <name>.text</name>
         <load_address>0x4cae</load_address>
         <run_address>0x4cae</run_address>
         <size>0x9c</size>
         <input_file_ref idref="fl-20"/>
      </object_component>
      <object_component id="oc-36f">
         <name>.text:__mpyll</name>
         <load_address>0x4d4a</load_address>
         <run_address>0x4d4a</run_address>
         <size>0x96</size>
         <input_file_ref idref="fl-35"/>
      </object_component>
      <object_component id="oc-25b">
         <name>.text:__mspabi_cvtfd</name>
         <load_address>0x4de0</load_address>
         <run_address>0x4de0</run_address>
         <size>0x70</size>
         <input_file_ref idref="fl-42"/>
      </object_component>
      <object_component id="oc-2d5">
         <name>.text:l_lsr_const</name>
         <load_address>0x4e50</load_address>
         <run_address>0x4e50</run_address>
         <size>0x5c</size>
         <input_file_ref idref="fl-52"/>
      </object_component>
      <object_component id="oc-2b5">
         <name>.text:__TI_auto_init_nobinit_nopinit_hold_wdt:__TI_auto_init_nobinit_nopinit_hold_wdt</name>
         <load_address>0x4eac</load_address>
         <run_address>0x4eac</run_address>
         <size>0x58</size>
         <input_file_ref idref="fl-37"/>
      </object_component>
      <object_component id="oc-165">
         <name>.text</name>
         <load_address>0x4f04</load_address>
         <run_address>0x4f04</run_address>
         <size>0x4c</size>
         <input_file_ref idref="fl-30"/>
      </object_component>
      <object_component id="oc-374">
         <name>.text:__mpyull</name>
         <load_address>0x4f50</load_address>
         <run_address>0x4f50</run_address>
         <size>0x4a</size>
         <input_file_ref idref="fl-34"/>
      </object_component>
      <object_component id="oc-390">
         <name>.text:__mspabi_srall</name>
         <load_address>0x4f9a</load_address>
         <run_address>0x4f9a</run_address>
         <size>0x4a</size>
         <input_file_ref idref="fl-56"/>
      </object_component>
      <object_component id="oc-26e">
         <name>.text</name>
         <load_address>0x4fe4</load_address>
         <run_address>0x4fe4</run_address>
         <size>0x4a</size>
         <input_file_ref idref="fl-1f"/>
      </object_component>
      <object_component id="oc-379">
         <name>.text:__mspabi_srlll</name>
         <load_address>0x502e</load_address>
         <run_address>0x502e</run_address>
         <size>0x46</size>
         <input_file_ref idref="fl-3b"/>
      </object_component>
      <object_component id="oc-284">
         <name>.text:ADC_setup</name>
         <load_address>0x5074</load_address>
         <run_address>0x5074</run_address>
         <size>0x44</size>
         <input_file_ref idref="fl-2"/>
      </object_component>
      <object_component id="oc-369">
         <name>.text:__mspabi_sllll</name>
         <load_address>0x50b8</load_address>
         <run_address>0x50b8</run_address>
         <size>0x44</size>
         <input_file_ref idref="fl-57"/>
      </object_component>
      <object_component id="oc-300">
         <name>.text:l_asr_const</name>
         <load_address>0x50fc</load_address>
         <run_address>0x50fc</run_address>
         <size>0x3e</size>
         <input_file_ref idref="fl-4f"/>
      </object_component>
      <object_component id="oc-2d0">
         <name>.text:l_lsl_const</name>
         <load_address>0x513a</load_address>
         <run_address>0x513a</run_address>
         <size>0x3e</size>
         <input_file_ref idref="fl-51"/>
      </object_component>
      <object_component id="oc-247">
         <name>.text:__mspabi_subd</name>
         <load_address>0x5178</load_address>
         <run_address>0x5178</run_address>
         <size>0x2e</size>
         <input_file_ref idref="fl-48"/>
      </object_component>
      <object_component id="oc-382">
         <name>.text</name>
         <load_address>0x51a6</load_address>
         <run_address>0x51a6</run_address>
         <size>0x2e</size>
         <input_file_ref idref="fl-33"/>
      </object_component>
      <object_component id="oc-210">
         <name>.text:main</name>
         <load_address>0x51d4</load_address>
         <run_address>0x51d4</run_address>
         <size>0x2c</size>
         <input_file_ref idref="fl-2"/>
      </object_component>
      <object_component id="oc-2e1">
         <name>.text</name>
         <load_address>0x5200</load_address>
         <run_address>0x5200</run_address>
         <size>0x2c</size>
         <input_file_ref idref="fl-4e"/>
      </object_component>
      <object_component id="oc-160">
         <name>.text</name>
         <load_address>0x522c</load_address>
         <run_address>0x522c</run_address>
         <size>0x2c</size>
         <input_file_ref idref="fl-50"/>
      </object_component>
      <object_component id="oc-312">
         <name>.text:__mspabi_negd</name>
         <load_address>0x5258</load_address>
         <run_address>0x5258</run_address>
         <size>0x2a</size>
         <input_file_ref idref="fl-47"/>
      </object_component>
      <object_component id="oc-192">
         <name>.text:ADC12ISR</name>
         <load_address>0x5282</load_address>
         <run_address>0x5282</run_address>
         <size>0x26</size>
         <input_file_ref idref="fl-2"/>
      </object_component>
      <object_component id="oc-28a">
         <name>.text:UART_setup</name>
         <load_address>0x52a8</load_address>
         <run_address>0x52a8</run_address>
         <size>0x26</size>
         <input_file_ref idref="fl-2"/>
      </object_component>
      <object_component id="oc-18c">
         <name>.text:timerA_ISR</name>
         <load_address>0x52ce</load_address>
         <run_address>0x52ce</run_address>
         <size>0x20</size>
         <input_file_ref idref="fl-2"/>
      </object_component>
      <object_component id="oc-1b0">
         <name>.text:_c_int00_noargs</name>
         <load_address>0x52ee</load_address>
         <run_address>0x52ee</run_address>
         <size>0x1c</size>
         <input_file_ref idref="fl-36"/>
      </object_component>
      <object_component id="oc-27e">
         <name>.text:TimerA_setup</name>
         <load_address>0x530a</load_address>
         <run_address>0x530a</run_address>
         <size>0x14</size>
         <input_file_ref idref="fl-2"/>
      </object_component>
      <object_component id="oc-19e">
         <name>.text:decompress:ZI:__TI_zero_init_nomemset:__TI_zero_init_nomemset</name>
         <load_address>0x531e</load_address>
         <run_address>0x531e</run_address>
         <size>0x14</size>
         <input_file_ref idref="fl-38"/>
      </object_component>
      <object_component id="oc-387">
         <name>.text</name>
         <load_address>0x5332</load_address>
         <run_address>0x5332</run_address>
         <size>0x14</size>
         <input_file_ref idref="fl-31"/>
      </object_component>
      <object_component id="oc-16a">
         <name>.text</name>
         <load_address>0x5346</load_address>
         <run_address>0x5346</run_address>
         <size>0x10</size>
         <input_file_ref idref="fl-1e"/>
      </object_component>
      <object_component id="oc-268">
         <name>.text:UART_Send_Character</name>
         <load_address>0x5356</load_address>
         <run_address>0x5356</run_address>
         <size>0xc</size>
         <input_file_ref idref="fl-2"/>
      </object_component>
      <object_component id="oc-291">
         <name>.text:abort</name>
         <load_address>0x5362</load_address>
         <run_address>0x5362</run_address>
         <size>0x6</size>
         <input_file_ref idref="fl-4a"/>
      </object_component>
      <object_component id="oc-198">
         <name>.text:watchdog_timer</name>
         <load_address>0x5368</load_address>
         <run_address>0x5368</run_address>
         <size>0x6</size>
         <input_file_ref idref="fl-2"/>
      </object_component>
      <object_component id="oc-20a">
         <name>.text:_system_pre_init</name>
         <load_address>0x536e</load_address>
         <run_address>0x536e</run_address>
         <size>0x4</size>
         <input_file_ref idref="fl-3c"/>
      </object_component>
      <object_component id="oc-343">
         <name>.text:_system_post_cinit</name>
         <load_address>0x5372</load_address>
         <run_address>0x5372</run_address>
         <size>0x2</size>
         <input_file_ref idref="fl-3d"/>
      </object_component>
      <object_component id="oc-187">
         <name>.text:_isr:__TI_ISR_TRAP</name>
         <load_address>0x540c</load_address>
         <run_address>0x540c</run_address>
         <size>0x8</size>
         <input_file_ref idref="fl-2f"/>
      </object_component>
      <object_component id="oc-43c">
         <name>.cinit..bss.load</name>
         <load_address>0x5414</load_address>
         <run_address>0x5414</run_address>
         <size>0x4</size>
      </object_component>
      <object_component id="oc-43a">
         <name>__TI_handler_table</name>
         <load_address>0x5418</load_address>
         <run_address>0x5418</run_address>
         <size>0x2</size>
      </object_component>
      <object_component id="oc-43b">
         <name>__TI_cinit_table</name>
         <load_address>0x541a</load_address>
         <run_address>0x541a</run_address>
         <size>0x4</size>
      </object_component>
      <object_component id="oc-31e">
         <name>.const:aT</name>
         <load_address>0x5374</load_address>
         <run_address>0x5374</run_address>
         <size>0x58</size>
         <input_file_ref idref="fl-1d"/>
      </object_component>
      <object_component id="oc-30c">
         <name>.const:atanhi</name>
         <load_address>0x53cc</load_address>
         <run_address>0x53cc</run_address>
         <size>0x20</size>
         <input_file_ref idref="fl-1d"/>
      </object_component>
      <object_component id="oc-30f">
         <name>.const:atanlo</name>
         <load_address>0x53ec</load_address>
         <run_address>0x53ec</run_address>
         <size>0x20</size>
         <input_file_ref idref="fl-1d"/>
      </object_component>
      <object_component id="oc-3ed">
         <name>.binit</name>
         <load_address>0x3100</load_address>
         <run_address>0x3100</run_address>
         <size>0x0</size>
      </object_component>
      <object_component id="oc-53">
         <name>.int14</name>
         <load_address>0xffdc</load_address>
         <run_address>0xffdc</run_address>
         <size>0x2</size>
         <input_file_ref idref="fl-21"/>
      </object_component>
      <object_component id="oc-54">
         <name>.int15</name>
         <load_address>0xffde</load_address>
         <run_address>0xffde</run_address>
         <size>0x2</size>
         <input_file_ref idref="fl-22"/>
      </object_component>
      <object_component id="oc-55">
         <name>.int16</name>
         <load_address>0xffe0</load_address>
         <run_address>0xffe0</run_address>
         <size>0x2</size>
         <input_file_ref idref="fl-23"/>
      </object_component>
      <object_component id="oc-56">
         <name>.int17</name>
         <load_address>0xffe2</load_address>
         <run_address>0xffe2</run_address>
         <size>0x2</size>
         <input_file_ref idref="fl-24"/>
      </object_component>
      <object_component id="oc-57">
         <name>.int18</name>
         <load_address>0xffe4</load_address>
         <run_address>0xffe4</run_address>
         <size>0x2</size>
         <input_file_ref idref="fl-25"/>
      </object_component>
      <object_component id="oc-58">
         <name>.int19</name>
         <load_address>0xffe6</load_address>
         <run_address>0xffe6</run_address>
         <size>0x2</size>
         <input_file_ref idref="fl-26"/>
      </object_component>
      <object_component id="oc-59">
         <name>.int20</name>
         <load_address>0xffe8</load_address>
         <run_address>0xffe8</run_address>
         <size>0x2</size>
         <input_file_ref idref="fl-27"/>
      </object_component>
      <object_component id="oc-5a">
         <name>.int21</name>
         <load_address>0xffea</load_address>
         <run_address>0xffea</run_address>
         <size>0x2</size>
         <input_file_ref idref="fl-28"/>
      </object_component>
      <object_component id="oc-5b">
         <name>.int22</name>
         <load_address>0xffec</load_address>
         <run_address>0xffec</run_address>
         <size>0x2</size>
         <input_file_ref idref="fl-2"/>
      </object_component>
      <object_component id="oc-5c">
         <name>.int23</name>
         <load_address>0xffee</load_address>
         <run_address>0xffee</run_address>
         <size>0x2</size>
         <input_file_ref idref="fl-2"/>
      </object_component>
      <object_component id="oc-5d">
         <name>.int24</name>
         <load_address>0xfff0</load_address>
         <run_address>0xfff0</run_address>
         <size>0x2</size>
         <input_file_ref idref="fl-29"/>
      </object_component>
      <object_component id="oc-5e">
         <name>.int25</name>
         <load_address>0xfff2</load_address>
         <run_address>0xfff2</run_address>
         <size>0x2</size>
         <input_file_ref idref="fl-2a"/>
      </object_component>
      <object_component id="oc-5f">
         <name>.int26</name>
         <load_address>0xfff4</load_address>
         <run_address>0xfff4</run_address>
         <size>0x2</size>
         <input_file_ref idref="fl-2"/>
      </object_component>
      <object_component id="oc-60">
         <name>.int27</name>
         <load_address>0xfff6</load_address>
         <run_address>0xfff6</run_address>
         <size>0x2</size>
         <input_file_ref idref="fl-2b"/>
      </object_component>
      <object_component id="oc-61">
         <name>.int28</name>
         <load_address>0xfff8</load_address>
         <run_address>0xfff8</run_address>
         <size>0x2</size>
         <input_file_ref idref="fl-2c"/>
      </object_component>
      <object_component id="oc-62">
         <name>.int29</name>
         <load_address>0xfffa</load_address>
         <run_address>0xfffa</run_address>
         <size>0x2</size>
         <input_file_ref idref="fl-2d"/>
      </object_component>
      <object_component id="oc-63">
         <name>.int30</name>
         <load_address>0xfffc</load_address>
         <run_address>0xfffc</run_address>
         <size>0x2</size>
         <input_file_ref idref="fl-2e"/>
      </object_component>
      <object_component id="oc-15f">
         <name>.reset</name>
         <load_address>0xfffe</load_address>
         <run_address>0xfffe</run_address>
         <size>0x2</size>
         <input_file_ref idref="fl-36"/>
      </object_component>
      <object_component id="oc-1fc">
         <name>.debug_info</name>
         <load_address>0x0</load_address>
         <run_address>0x0</run_address>
         <size>0x592</size>
         <input_file_ref idref="fl-2"/>
      </object_component>
      <object_component id="oc-19a">
         <name>.debug_info</name>
         <load_address>0x592</load_address>
         <run_address>0x592</run_address>
         <size>0x100</size>
         <input_file_ref idref="fl-2"/>
      </object_component>
      <object_component id="oc-26a">
         <name>.debug_info</name>
         <load_address>0x692</load_address>
         <run_address>0x692</run_address>
         <size>0x137</size>
         <input_file_ref idref="fl-2"/>
      </object_component>
      <object_component id="oc-1f5">
         <name>.debug_info</name>
         <load_address>0x7c9</load_address>
         <run_address>0x7c9</run_address>
         <size>0x3e3</size>
         <input_file_ref idref="fl-2"/>
      </object_component>
      <object_component id="oc-18e">
         <name>.debug_info</name>
         <load_address>0xbac</load_address>
         <run_address>0xbac</run_address>
         <size>0x107</size>
         <input_file_ref idref="fl-2"/>
      </object_component>
      <object_component id="oc-280">
         <name>.debug_info</name>
         <load_address>0xcb3</load_address>
         <run_address>0xcb3</run_address>
         <size>0xfb</size>
         <input_file_ref idref="fl-2"/>
      </object_component>
      <object_component id="oc-28b">
         <name>.debug_info</name>
         <load_address>0xdae</load_address>
         <run_address>0xdae</run_address>
         <size>0xf7</size>
         <input_file_ref idref="fl-2"/>
      </object_component>
      <object_component id="oc-211">
         <name>.debug_info</name>
         <load_address>0xea5</load_address>
         <run_address>0xea5</run_address>
         <size>0x11d</size>
         <input_file_ref idref="fl-2"/>
      </object_component>
      <object_component id="oc-285">
         <name>.debug_info</name>
         <load_address>0xfc2</load_address>
         <run_address>0xfc2</run_address>
         <size>0x100</size>
         <input_file_ref idref="fl-2"/>
      </object_component>
      <object_component id="oc-193">
         <name>.debug_info</name>
         <load_address>0x10c2</load_address>
         <run_address>0x10c2</run_address>
         <size>0xf4</size>
         <input_file_ref idref="fl-2"/>
      </object_component>
      <object_component id="oc-276">
         <name>.debug_info</name>
         <load_address>0x11b6</load_address>
         <run_address>0x11b6</run_address>
         <size>0x26b</size>
         <input_file_ref idref="fl-2"/>
      </object_component>
      <object_component id="oc-175">
         <name>.debug_info</name>
         <load_address>0x1421</load_address>
         <run_address>0x1421</run_address>
         <size>0x84</size>
         <input_file_ref idref="fl-2"/>
      </object_component>
      <object_component id="oc-329">
         <name>.debug_info</name>
         <load_address>0x14a5</load_address>
         <run_address>0x14a5</run_address>
         <size>0x282</size>
         <input_file_ref idref="fl-2"/>
      </object_component>
      <object_component id="oc-39f">
         <name>.debug_info</name>
         <load_address>0x1727</load_address>
         <run_address>0x1727</run_address>
         <size>0x182</size>
         <input_file_ref idref="fl-1d"/>
      </object_component>
      <object_component id="oc-30d">
         <name>.debug_info</name>
         <load_address>0x18a9</load_address>
         <run_address>0x18a9</run_address>
         <size>0x101</size>
         <input_file_ref idref="fl-1d"/>
      </object_component>
      <object_component id="oc-310">
         <name>.debug_info</name>
         <load_address>0x19aa</load_address>
         <run_address>0x19aa</run_address>
         <size>0x101</size>
         <input_file_ref idref="fl-1d"/>
      </object_component>
      <object_component id="oc-31f">
         <name>.debug_info</name>
         <load_address>0x1aab</load_address>
         <run_address>0x1aab</run_address>
         <size>0xf9</size>
         <input_file_ref idref="fl-1d"/>
      </object_component>
      <object_component id="oc-262">
         <name>.debug_info</name>
         <load_address>0x1ba4</load_address>
         <run_address>0x1ba4</run_address>
         <size>0x5e4</size>
         <input_file_ref idref="fl-1d"/>
      </object_component>
      <object_component id="oc-3a6">
         <name>.debug_info</name>
         <load_address>0x2188</load_address>
         <run_address>0x2188</run_address>
         <size>0x39</size>
         <input_file_ref idref="fl-1d"/>
      </object_component>
      <object_component id="oc-322">
         <name>.debug_info</name>
         <load_address>0x21c1</load_address>
         <run_address>0x21c1</run_address>
         <size>0x39</size>
         <input_file_ref idref="fl-1d"/>
      </object_component>
      <object_component id="oc-16c">
         <name>.debug_info</name>
         <load_address>0x21fa</load_address>
         <run_address>0x21fa</run_address>
         <size>0x12e</size>
         <input_file_ref idref="fl-1e"/>
      </object_component>
      <object_component id="oc-26f">
         <name>.debug_info</name>
         <load_address>0x2328</load_address>
         <run_address>0x2328</run_address>
         <size>0x12d</size>
         <input_file_ref idref="fl-1f"/>
      </object_component>
      <object_component id="oc-257">
         <name>.debug_info</name>
         <load_address>0x2455</load_address>
         <run_address>0x2455</run_address>
         <size>0x121</size>
         <input_file_ref idref="fl-20"/>
      </object_component>
      <object_component id="oc-189">
         <name>.debug_info</name>
         <load_address>0x2576</load_address>
         <run_address>0x2576</run_address>
         <size>0x10f</size>
         <input_file_ref idref="fl-2f"/>
      </object_component>
      <object_component id="oc-166">
         <name>.debug_info</name>
         <load_address>0x2685</load_address>
         <run_address>0x2685</run_address>
         <size>0x120</size>
         <input_file_ref idref="fl-30"/>
      </object_component>
      <object_component id="oc-389">
         <name>.debug_info</name>
         <load_address>0x27a5</load_address>
         <run_address>0x27a5</run_address>
         <size>0x11f</size>
         <input_file_ref idref="fl-31"/>
      </object_component>
      <object_component id="oc-383">
         <name>.debug_info</name>
         <load_address>0x28c4</load_address>
         <run_address>0x28c4</run_address>
         <size>0x11f</size>
         <input_file_ref idref="fl-33"/>
      </object_component>
      <object_component id="oc-377">
         <name>.debug_info</name>
         <load_address>0x29e3</load_address>
         <run_address>0x29e3</run_address>
         <size>0x125</size>
         <input_file_ref idref="fl-34"/>
      </object_component>
      <object_component id="oc-371">
         <name>.debug_info</name>
         <load_address>0x2b08</load_address>
         <run_address>0x2b08</run_address>
         <size>0x121</size>
         <input_file_ref idref="fl-35"/>
      </object_component>
      <object_component id="oc-15d">
         <name>.debug_info</name>
         <load_address>0x2c29</load_address>
         <run_address>0x2c29</run_address>
         <size>0x100</size>
         <input_file_ref idref="fl-36"/>
      </object_component>
      <object_component id="oc-1b1">
         <name>.debug_info</name>
         <load_address>0x2d29</load_address>
         <run_address>0x2d29</run_address>
         <size>0x17a</size>
         <input_file_ref idref="fl-36"/>
      </object_component>
      <object_component id="oc-34a">
         <name>.debug_info</name>
         <load_address>0x2ea3</load_address>
         <run_address>0x2ea3</run_address>
         <size>0x3de</size>
         <input_file_ref idref="fl-37"/>
      </object_component>
      <object_component id="oc-2b6">
         <name>.debug_info</name>
         <load_address>0x3281</load_address>
         <run_address>0x3281</run_address>
         <size>0x211</size>
         <input_file_ref idref="fl-37"/>
      </object_component>
      <object_component id="oc-3c2">
         <name>.debug_info</name>
         <load_address>0x3492</load_address>
         <run_address>0x3492</run_address>
         <size>0x39</size>
         <input_file_ref idref="fl-37"/>
      </object_component>
      <object_component id="oc-3ce">
         <name>.debug_info</name>
         <load_address>0x34cb</load_address>
         <run_address>0x34cb</run_address>
         <size>0x2c</size>
         <input_file_ref idref="fl-37"/>
      </object_component>
      <object_component id="oc-355">
         <name>.debug_info</name>
         <load_address>0x34f7</load_address>
         <run_address>0x34f7</run_address>
         <size>0x2c</size>
         <input_file_ref idref="fl-37"/>
      </object_component>
      <object_component id="oc-3c7">
         <name>.debug_info</name>
         <load_address>0x3523</load_address>
         <run_address>0x3523</run_address>
         <size>0xcd</size>
         <input_file_ref idref="fl-37"/>
      </object_component>
      <object_component id="oc-208">
         <name>.debug_info</name>
         <load_address>0x35f0</load_address>
         <run_address>0x35f0</run_address>
         <size>0x175</size>
         <input_file_ref idref="fl-38"/>
      </object_component>
      <object_component id="oc-1a2">
         <name>.debug_info</name>
         <load_address>0x3765</load_address>
         <run_address>0x3765</run_address>
         <size>0x1d2</size>
         <input_file_ref idref="fl-38"/>
      </object_component>
      <object_component id="oc-203">
         <name>.debug_info</name>
         <load_address>0x3937</load_address>
         <run_address>0x3937</run_address>
         <size>0x46</size>
         <input_file_ref idref="fl-38"/>
      </object_component>
      <object_component id="oc-1e7">
         <name>.debug_info</name>
         <load_address>0x397d</load_address>
         <run_address>0x397d</run_address>
         <size>0x2c</size>
         <input_file_ref idref="fl-38"/>
      </object_component>
      <object_component id="oc-37b">
         <name>.debug_info</name>
         <load_address>0x39a9</load_address>
         <run_address>0x39a9</run_address>
         <size>0x193</size>
         <input_file_ref idref="fl-3b"/>
      </object_component>
      <object_component id="oc-20c">
         <name>.debug_info</name>
         <load_address>0x3b3c</load_address>
         <run_address>0x3b3c</run_address>
         <size>0x153</size>
         <input_file_ref idref="fl-3c"/>
      </object_component>
      <object_component id="oc-346">
         <name>.debug_info</name>
         <load_address>0x3c8f</load_address>
         <run_address>0x3c8f</run_address>
         <size>0x150</size>
         <input_file_ref idref="fl-3d"/>
      </object_component>
      <object_component id="oc-397">
         <name>.debug_info</name>
         <load_address>0x3ddf</load_address>
         <run_address>0x3ddf</run_address>
         <size>0x164</size>
         <input_file_ref idref="fl-40"/>
      </object_component>
      <object_component id="oc-2f7">
         <name>.debug_info</name>
         <load_address>0x3f43</load_address>
         <run_address>0x3f43</run_address>
         <size>0x35e</size>
         <input_file_ref idref="fl-40"/>
      </object_component>
      <object_component id="oc-319">
         <name>.debug_info</name>
         <load_address>0x42a1</load_address>
         <run_address>0x42a1</run_address>
         <size>0x1af</size>
         <input_file_ref idref="fl-41"/>
      </object_component>
      <object_component id="oc-2dc">
         <name>.debug_info</name>
         <load_address>0x4450</load_address>
         <run_address>0x4450</run_address>
         <size>0x94</size>
         <input_file_ref idref="fl-41"/>
      </object_component>
      <object_component id="oc-306">
         <name>.debug_info</name>
         <load_address>0x44e4</load_address>
         <run_address>0x44e4</run_address>
         <size>0x165</size>
         <input_file_ref idref="fl-42"/>
      </object_component>
      <object_component id="oc-25c">
         <name>.debug_info</name>
         <load_address>0x4649</load_address>
         <run_address>0x4649</run_address>
         <size>0x1d4</size>
         <input_file_ref idref="fl-42"/>
      </object_component>
      <object_component id="oc-307">
         <name>.debug_info</name>
         <load_address>0x481d</load_address>
         <run_address>0x481d</run_address>
         <size>0xdb</size>
         <input_file_ref idref="fl-42"/>
      </object_component>
      <object_component id="oc-2f5">
         <name>.debug_info</name>
         <load_address>0x48f8</load_address>
         <run_address>0x48f8</run_address>
         <size>0x1a2</size>
         <input_file_ref idref="fl-43"/>
      </object_component>
      <object_component id="oc-245">
         <name>.debug_info</name>
         <load_address>0x4a9a</load_address>
         <run_address>0x4a9a</run_address>
         <size>0x28a</size>
         <input_file_ref idref="fl-43"/>
      </object_component>
      <object_component id="oc-2db">
         <name>.debug_info</name>
         <load_address>0x4d24</load_address>
         <run_address>0x4d24</run_address>
         <size>0x16b</size>
         <input_file_ref idref="fl-44"/>
      </object_component>
      <object_component id="oc-236">
         <name>.debug_info</name>
         <load_address>0x4e8f</load_address>
         <run_address>0x4e8f</run_address>
         <size>0x21b</size>
         <input_file_ref idref="fl-44"/>
      </object_component>
      <object_component id="oc-38d">
         <name>.debug_info</name>
         <load_address>0x50aa</load_address>
         <run_address>0x50aa</run_address>
         <size>0x172</size>
         <input_file_ref idref="fl-45"/>
      </object_component>
      <object_component id="oc-2f2">
         <name>.debug_info</name>
         <load_address>0x521c</load_address>
         <run_address>0x521c</run_address>
         <size>0x5cf</size>
         <input_file_ref idref="fl-45"/>
      </object_component>
      <object_component id="oc-2ed">
         <name>.debug_info</name>
         <load_address>0x57eb</load_address>
         <run_address>0x57eb</run_address>
         <size>0x197</size>
         <input_file_ref idref="fl-46"/>
      </object_component>
      <object_component id="oc-23e">
         <name>.debug_info</name>
         <load_address>0x5982</load_address>
         <run_address>0x5982</run_address>
         <size>0x2d2</size>
         <input_file_ref idref="fl-46"/>
      </object_component>
      <object_component id="oc-314">
         <name>.debug_info</name>
         <load_address>0x5c54</load_address>
         <run_address>0x5c54</run_address>
         <size>0x158</size>
         <input_file_ref idref="fl-47"/>
      </object_component>
      <object_component id="oc-249">
         <name>.debug_info</name>
         <load_address>0x5dac</load_address>
         <run_address>0x5dac</run_address>
         <size>0x18d</size>
         <input_file_ref idref="fl-48"/>
      </object_component>
      <object_component id="oc-2fe">
         <name>.debug_info</name>
         <load_address>0x5f39</load_address>
         <run_address>0x5f39</run_address>
         <size>0x165</size>
         <input_file_ref idref="fl-49"/>
      </object_component>
      <object_component id="oc-24f">
         <name>.debug_info</name>
         <load_address>0x609e</load_address>
         <run_address>0x609e</run_address>
         <size>0x208</size>
         <input_file_ref idref="fl-49"/>
      </object_component>
      <object_component id="oc-294">
         <name>.debug_info</name>
         <load_address>0x62a6</load_address>
         <run_address>0x62a6</run_address>
         <size>0x122</size>
         <input_file_ref idref="fl-4a"/>
      </object_component>
      <object_component id="oc-2e4">
         <name>.debug_info</name>
         <load_address>0x63c8</load_address>
         <run_address>0x63c8</run_address>
         <size>0x120</size>
         <input_file_ref idref="fl-4e"/>
      </object_component>
      <object_component id="oc-302">
         <name>.debug_info</name>
         <load_address>0x64e8</load_address>
         <run_address>0x64e8</run_address>
         <size>0x126</size>
         <input_file_ref idref="fl-4f"/>
      </object_component>
      <object_component id="oc-161">
         <name>.debug_info</name>
         <load_address>0x660e</load_address>
         <run_address>0x660e</run_address>
         <size>0x120</size>
         <input_file_ref idref="fl-50"/>
      </object_component>
      <object_component id="oc-2d1">
         <name>.debug_info</name>
         <load_address>0x672e</load_address>
         <run_address>0x672e</run_address>
         <size>0x126</size>
         <input_file_ref idref="fl-51"/>
      </object_component>
      <object_component id="oc-2d8">
         <name>.debug_info</name>
         <load_address>0x6854</load_address>
         <run_address>0x6854</run_address>
         <size>0x126</size>
         <input_file_ref idref="fl-52"/>
      </object_component>
      <object_component id="oc-391">
         <name>.debug_info</name>
         <load_address>0x697a</load_address>
         <run_address>0x697a</run_address>
         <size>0x193</size>
         <input_file_ref idref="fl-56"/>
      </object_component>
      <object_component id="oc-36d">
         <name>.debug_info</name>
         <load_address>0x6b0d</load_address>
         <run_address>0x6b0d</run_address>
         <size>0x193</size>
         <input_file_ref idref="fl-57"/>
      </object_component>
      <object_component id="oc-2e7">
         <name>.debug_info</name>
         <load_address>0x6ca0</load_address>
         <run_address>0x6ca0</run_address>
         <size>0x239</size>
         <input_file_ref idref="fl-58"/>
      </object_component>
      <object_component id="oc-43e">
         <name>.debug_info</name>
         <load_address>0x6ed9</load_address>
         <run_address>0x6ed9</run_address>
         <size>0x9b</size>
      </object_component>
      <object_component id="oc-275">
         <name>.debug_line</name>
         <load_address>0x0</load_address>
         <run_address>0x0</run_address>
         <size>0xb4</size>
         <input_file_ref idref="fl-2"/>
      </object_component>
      <object_component id="oc-199">
         <name>.debug_line</name>
         <load_address>0xb4</load_address>
         <run_address>0xb4</run_address>
         <size>0x3f</size>
         <input_file_ref idref="fl-2"/>
      </object_component>
      <object_component id="oc-269">
         <name>.debug_line</name>
         <load_address>0xf3</load_address>
         <run_address>0xf3</run_address>
         <size>0x45</size>
         <input_file_ref idref="fl-2"/>
      </object_component>
      <object_component id="oc-1f8">
         <name>.debug_line</name>
         <load_address>0x138</load_address>
         <run_address>0x138</run_address>
         <size>0x8e</size>
         <input_file_ref idref="fl-2"/>
      </object_component>
      <object_component id="oc-18d">
         <name>.debug_line</name>
         <load_address>0x1c6</load_address>
         <run_address>0x1c6</run_address>
         <size>0x42</size>
         <input_file_ref idref="fl-2"/>
      </object_component>
      <object_component id="oc-27f">
         <name>.debug_line</name>
         <load_address>0x208</load_address>
         <run_address>0x208</run_address>
         <size>0x41</size>
         <input_file_ref idref="fl-2"/>
      </object_component>
      <object_component id="oc-28e">
         <name>.debug_line</name>
         <load_address>0x249</load_address>
         <run_address>0x249</run_address>
         <size>0x45</size>
         <input_file_ref idref="fl-2"/>
      </object_component>
      <object_component id="oc-214">
         <name>.debug_line</name>
         <load_address>0x28e</load_address>
         <run_address>0x28e</run_address>
         <size>0x49</size>
         <input_file_ref idref="fl-2"/>
      </object_component>
      <object_component id="oc-288">
         <name>.debug_line</name>
         <load_address>0x2d7</load_address>
         <run_address>0x2d7</run_address>
         <size>0x52</size>
         <input_file_ref idref="fl-2"/>
      </object_component>
      <object_component id="oc-196">
         <name>.debug_line</name>
         <load_address>0x329</load_address>
         <run_address>0x329</run_address>
         <size>0x42</size>
         <input_file_ref idref="fl-2"/>
      </object_component>
      <object_component id="oc-279">
         <name>.debug_line</name>
         <load_address>0x36b</load_address>
         <run_address>0x36b</run_address>
         <size>0x72</size>
         <input_file_ref idref="fl-2"/>
      </object_component>
      <object_component id="oc-178">
         <name>.debug_line</name>
         <load_address>0x3dd</load_address>
         <run_address>0x3dd</run_address>
         <size>0x20</size>
         <input_file_ref idref="fl-2"/>
      </object_component>
      <object_component id="oc-32c">
         <name>.debug_line</name>
         <load_address>0x3fd</load_address>
         <run_address>0x3fd</run_address>
         <size>0x76</size>
         <input_file_ref idref="fl-2"/>
      </object_component>
      <object_component id="oc-3df">
         <name>.debug_line</name>
         <load_address>0x473</load_address>
         <run_address>0x473</run_address>
         <size>0x20</size>
         <input_file_ref idref="fl-1d"/>
      </object_component>
      <object_component id="oc-39e">
         <name>.debug_line</name>
         <load_address>0x493</load_address>
         <run_address>0x493</run_address>
         <size>0x2c</size>
         <input_file_ref idref="fl-1d"/>
      </object_component>
      <object_component id="oc-3a1">
         <name>.debug_line</name>
         <load_address>0x4bf</load_address>
         <run_address>0x4bf</run_address>
         <size>0x2c</size>
         <input_file_ref idref="fl-1d"/>
      </object_component>
      <object_component id="oc-3a5">
         <name>.debug_line</name>
         <load_address>0x4eb</load_address>
         <run_address>0x4eb</run_address>
         <size>0x2c</size>
         <input_file_ref idref="fl-1d"/>
      </object_component>
      <object_component id="oc-266">
         <name>.debug_line</name>
         <load_address>0x517</load_address>
         <run_address>0x517</run_address>
         <size>0x163</size>
         <input_file_ref idref="fl-1d"/>
      </object_component>
      <object_component id="oc-3a9">
         <name>.debug_line</name>
         <load_address>0x67a</load_address>
         <run_address>0x67a</run_address>
         <size>0x9a</size>
         <input_file_ref idref="fl-1d"/>
      </object_component>
      <object_component id="oc-325">
         <name>.debug_line</name>
         <load_address>0x714</load_address>
         <run_address>0x714</run_address>
         <size>0x97</size>
         <input_file_ref idref="fl-1d"/>
      </object_component>
      <object_component id="oc-16e">
         <name>.debug_line</name>
         <load_address>0x7ab</load_address>
         <run_address>0x7ab</run_address>
         <size>0x40</size>
         <input_file_ref idref="fl-1e"/>
      </object_component>
      <object_component id="oc-272">
         <name>.debug_line</name>
         <load_address>0x7eb</load_address>
         <run_address>0x7eb</run_address>
         <size>0x5e</size>
         <input_file_ref idref="fl-1f"/>
      </object_component>
      <object_component id="oc-25a">
         <name>.debug_line</name>
         <load_address>0x849</load_address>
         <run_address>0x849</run_address>
         <size>0x83</size>
         <input_file_ref idref="fl-20"/>
      </object_component>
      <object_component id="oc-18b">
         <name>.debug_line</name>
         <load_address>0x8cc</load_address>
         <run_address>0x8cc</run_address>
         <size>0x3d</size>
         <input_file_ref idref="fl-2f"/>
      </object_component>
      <object_component id="oc-169">
         <name>.debug_line</name>
         <load_address>0x909</load_address>
         <run_address>0x909</run_address>
         <size>0x5e</size>
         <input_file_ref idref="fl-30"/>
      </object_component>
      <object_component id="oc-38b">
         <name>.debug_line</name>
         <load_address>0x967</load_address>
         <run_address>0x967</run_address>
         <size>0x42</size>
         <input_file_ref idref="fl-31"/>
      </object_component>
      <object_component id="oc-386">
         <name>.debug_line</name>
         <load_address>0x9a9</load_address>
         <run_address>0x9a9</run_address>
         <size>0x4b</size>
         <input_file_ref idref="fl-33"/>
      </object_component>
      <object_component id="oc-375">
         <name>.debug_line</name>
         <load_address>0x9f4</load_address>
         <run_address>0x9f4</run_address>
         <size>0x53</size>
         <input_file_ref idref="fl-34"/>
      </object_component>
      <object_component id="oc-373">
         <name>.debug_line</name>
         <load_address>0xa47</load_address>
         <run_address>0xa47</run_address>
         <size>0x63</size>
         <input_file_ref idref="fl-35"/>
      </object_component>
      <object_component id="oc-1db">
         <name>.debug_line</name>
         <load_address>0xaaa</load_address>
         <run_address>0xaaa</run_address>
         <size>0x2a</size>
         <input_file_ref idref="fl-36"/>
      </object_component>
      <object_component id="oc-1b4">
         <name>.debug_line</name>
         <load_address>0xad4</load_address>
         <run_address>0xad4</run_address>
         <size>0x46</size>
         <input_file_ref idref="fl-36"/>
      </object_component>
      <object_component id="oc-3c1">
         <name>.debug_line</name>
         <load_address>0xb1a</load_address>
         <run_address>0xb1a</run_address>
         <size>0xbf</size>
         <input_file_ref idref="fl-37"/>
      </object_component>
      <object_component id="oc-2b9">
         <name>.debug_line</name>
         <load_address>0xbd9</load_address>
         <run_address>0xbd9</run_address>
         <size>0x82</size>
         <input_file_ref idref="fl-37"/>
      </object_component>
      <object_component id="oc-3c5">
         <name>.debug_line</name>
         <load_address>0xc5b</load_address>
         <run_address>0xc5b</run_address>
         <size>0x2e</size>
         <input_file_ref idref="fl-37"/>
      </object_component>
      <object_component id="oc-3d1">
         <name>.debug_line</name>
         <load_address>0xc89</load_address>
         <run_address>0xc89</run_address>
         <size>0x9a</size>
         <input_file_ref idref="fl-37"/>
      </object_component>
      <object_component id="oc-358">
         <name>.debug_line</name>
         <load_address>0xd23</load_address>
         <run_address>0xd23</run_address>
         <size>0x97</size>
         <input_file_ref idref="fl-37"/>
      </object_component>
      <object_component id="oc-3ca">
         <name>.debug_line</name>
         <load_address>0xdba</load_address>
         <run_address>0xdba</run_address>
         <size>0x93</size>
         <input_file_ref idref="fl-37"/>
      </object_component>
      <object_component id="oc-27c">
         <name>.debug_line</name>
         <load_address>0xe4d</load_address>
         <run_address>0xe4d</run_address>
         <size>0x20</size>
         <input_file_ref idref="fl-38"/>
      </object_component>
      <object_component id="oc-1a0">
         <name>.debug_line</name>
         <load_address>0xe6d</load_address>
         <run_address>0xe6d</run_address>
         <size>0x4f</size>
         <input_file_ref idref="fl-38"/>
      </object_component>
      <object_component id="oc-206">
         <name>.debug_line</name>
         <load_address>0xebc</load_address>
         <run_address>0xebc</run_address>
         <size>0x34</size>
         <input_file_ref idref="fl-38"/>
      </object_component>
      <object_component id="oc-1ea">
         <name>.debug_line</name>
         <load_address>0xef0</load_address>
         <run_address>0xef0</run_address>
         <size>0x92</size>
         <input_file_ref idref="fl-38"/>
      </object_component>
      <object_component id="oc-37a">
         <name>.debug_line</name>
         <load_address>0xf82</load_address>
         <run_address>0xf82</run_address>
         <size>0x53</size>
         <input_file_ref idref="fl-3b"/>
      </object_component>
      <object_component id="oc-20f">
         <name>.debug_line</name>
         <load_address>0xfd5</load_address>
         <run_address>0xfd5</run_address>
         <size>0x3e</size>
         <input_file_ref idref="fl-3c"/>
      </object_component>
      <object_component id="oc-344">
         <name>.debug_line</name>
         <load_address>0x1013</load_address>
         <run_address>0x1013</run_address>
         <size>0x3a</size>
         <input_file_ref idref="fl-3d"/>
      </object_component>
      <object_component id="oc-3dd">
         <name>.debug_line</name>
         <load_address>0x104d</load_address>
         <run_address>0x104d</run_address>
         <size>0x20</size>
         <input_file_ref idref="fl-40"/>
      </object_component>
      <object_component id="oc-2fb">
         <name>.debug_line</name>
         <load_address>0x106d</load_address>
         <run_address>0x106d</run_address>
         <size>0x17f</size>
         <input_file_ref idref="fl-40"/>
      </object_component>
      <object_component id="oc-31c">
         <name>.debug_line</name>
         <load_address>0x11ec</load_address>
         <run_address>0x11ec</run_address>
         <size>0x75</size>
         <input_file_ref idref="fl-41"/>
      </object_component>
      <object_component id="oc-2df">
         <name>.debug_line</name>
         <load_address>0x1261</load_address>
         <run_address>0x1261</run_address>
         <size>0x2e</size>
         <input_file_ref idref="fl-41"/>
      </object_component>
      <object_component id="oc-39c">
         <name>.debug_line</name>
         <load_address>0x128f</load_address>
         <run_address>0x128f</run_address>
         <size>0x20</size>
         <input_file_ref idref="fl-42"/>
      </object_component>
      <object_component id="oc-25f">
         <name>.debug_line</name>
         <load_address>0x12af</load_address>
         <run_address>0x12af</run_address>
         <size>0x57</size>
         <input_file_ref idref="fl-42"/>
      </object_component>
      <object_component id="oc-30a">
         <name>.debug_line</name>
         <load_address>0x1306</load_address>
         <run_address>0x1306</run_address>
         <size>0x2e</size>
         <input_file_ref idref="fl-42"/>
      </object_component>
      <object_component id="oc-38f">
         <name>.debug_line</name>
         <load_address>0x1334</load_address>
         <run_address>0x1334</run_address>
         <size>0x2d</size>
         <input_file_ref idref="fl-43"/>
      </object_component>
      <object_component id="oc-244">
         <name>.debug_line</name>
         <load_address>0x1361</load_address>
         <run_address>0x1361</run_address>
         <size>0xe9</size>
         <input_file_ref idref="fl-43"/>
      </object_component>
      <object_component id="oc-367">
         <name>.debug_line</name>
         <load_address>0x144a</load_address>
         <run_address>0x144a</run_address>
         <size>0x20</size>
         <input_file_ref idref="fl-44"/>
      </object_component>
      <object_component id="oc-239">
         <name>.debug_line</name>
         <load_address>0x146a</load_address>
         <run_address>0x146a</run_address>
         <size>0x81</size>
         <input_file_ref idref="fl-44"/>
      </object_component>
      <object_component id="oc-3da">
         <name>.debug_line</name>
         <load_address>0x14eb</load_address>
         <run_address>0x14eb</run_address>
         <size>0x20</size>
         <input_file_ref idref="fl-45"/>
      </object_component>
      <object_component id="oc-2f0">
         <name>.debug_line</name>
         <load_address>0x150b</load_address>
         <run_address>0x150b</run_address>
         <size>0xdc</size>
         <input_file_ref idref="fl-45"/>
      </object_component>
      <object_component id="oc-381">
         <name>.debug_line</name>
         <load_address>0x15e7</load_address>
         <run_address>0x15e7</run_address>
         <size>0x2d</size>
         <input_file_ref idref="fl-46"/>
      </object_component>
      <object_component id="oc-23d">
         <name>.debug_line</name>
         <load_address>0x1614</load_address>
         <run_address>0x1614</run_address>
         <size>0xf0</size>
         <input_file_ref idref="fl-46"/>
      </object_component>
      <object_component id="oc-313">
         <name>.debug_line</name>
         <load_address>0x1704</load_address>
         <run_address>0x1704</run_address>
         <size>0x49</size>
         <input_file_ref idref="fl-47"/>
      </object_component>
      <object_component id="oc-248">
         <name>.debug_line</name>
         <load_address>0x174d</load_address>
         <run_address>0x174d</run_address>
         <size>0x4b</size>
         <input_file_ref idref="fl-48"/>
      </object_component>
      <object_component id="oc-399">
         <name>.debug_line</name>
         <load_address>0x1798</load_address>
         <run_address>0x1798</run_address>
         <size>0x20</size>
         <input_file_ref idref="fl-49"/>
      </object_component>
      <object_component id="oc-252">
         <name>.debug_line</name>
         <load_address>0x17b8</load_address>
         <run_address>0x17b8</run_address>
         <size>0x74</size>
         <input_file_ref idref="fl-49"/>
      </object_component>
      <object_component id="oc-296">
         <name>.debug_line</name>
         <load_address>0x182c</load_address>
         <run_address>0x182c</run_address>
         <size>0x3d</size>
         <input_file_ref idref="fl-4a"/>
      </object_component>
      <object_component id="oc-2e2">
         <name>.debug_line</name>
         <load_address>0x1869</load_address>
         <run_address>0x1869</run_address>
         <size>0x4e</size>
         <input_file_ref idref="fl-4e"/>
      </object_component>
      <object_component id="oc-304">
         <name>.debug_line</name>
         <load_address>0x18b7</load_address>
         <run_address>0x18b7</run_address>
         <size>0x56</size>
         <input_file_ref idref="fl-4f"/>
      </object_component>
      <object_component id="oc-164">
         <name>.debug_line</name>
         <load_address>0x190d</load_address>
         <run_address>0x190d</run_address>
         <size>0x4e</size>
         <input_file_ref idref="fl-50"/>
      </object_component>
      <object_component id="oc-2d4">
         <name>.debug_line</name>
         <load_address>0x195b</load_address>
         <run_address>0x195b</run_address>
         <size>0x56</size>
         <input_file_ref idref="fl-51"/>
      </object_component>
      <object_component id="oc-2d6">
         <name>.debug_line</name>
         <load_address>0x19b1</load_address>
         <run_address>0x19b1</run_address>
         <size>0x65</size>
         <input_file_ref idref="fl-52"/>
      </object_component>
      <object_component id="oc-395">
         <name>.debug_line</name>
         <load_address>0x1a16</load_address>
         <run_address>0x1a16</run_address>
         <size>0x53</size>
         <input_file_ref idref="fl-56"/>
      </object_component>
      <object_component id="oc-36c">
         <name>.debug_line</name>
         <load_address>0x1a69</load_address>
         <run_address>0x1a69</run_address>
         <size>0x53</size>
         <input_file_ref idref="fl-57"/>
      </object_component>
      <object_component id="oc-2ea">
         <name>.debug_line</name>
         <load_address>0x1abc</load_address>
         <run_address>0x1abc</run_address>
         <size>0x65</size>
         <input_file_ref idref="fl-58"/>
      </object_component>
      <object_component id="oc-19d">
         <name>.debug_frame</name>
         <load_address>0x0</load_address>
         <run_address>0x0</run_address>
         <size>0x3c</size>
         <input_file_ref idref="fl-2"/>
      </object_component>
      <object_component id="oc-26d">
         <name>.debug_frame</name>
         <load_address>0x3c</load_address>
         <run_address>0x3c</run_address>
         <size>0x3c</size>
         <input_file_ref idref="fl-2"/>
      </object_component>
      <object_component id="oc-1f9">
         <name>.debug_frame</name>
         <load_address>0x78</load_address>
         <run_address>0x78</run_address>
         <size>0x4c</size>
         <input_file_ref idref="fl-2"/>
      </object_component>
      <object_component id="oc-191">
         <name>.debug_frame</name>
         <load_address>0xc4</load_address>
         <run_address>0xc4</run_address>
         <size>0x64</size>
         <input_file_ref idref="fl-2"/>
      </object_component>
      <object_component id="oc-283">
         <name>.debug_frame</name>
         <load_address>0x128</load_address>
         <run_address>0x128</run_address>
         <size>0x3c</size>
         <input_file_ref idref="fl-2"/>
      </object_component>
      <object_component id="oc-28f">
         <name>.debug_frame</name>
         <load_address>0x164</load_address>
         <run_address>0x164</run_address>
         <size>0x3c</size>
         <input_file_ref idref="fl-2"/>
      </object_component>
      <object_component id="oc-215">
         <name>.debug_frame</name>
         <load_address>0x1a0</load_address>
         <run_address>0x1a0</run_address>
         <size>0x3c</size>
         <input_file_ref idref="fl-2"/>
      </object_component>
      <object_component id="oc-289">
         <name>.debug_frame</name>
         <load_address>0x1dc</load_address>
         <run_address>0x1dc</run_address>
         <size>0x3c</size>
         <input_file_ref idref="fl-2"/>
      </object_component>
      <object_component id="oc-197">
         <name>.debug_frame</name>
         <load_address>0x218</load_address>
         <run_address>0x218</run_address>
         <size>0x3c</size>
         <input_file_ref idref="fl-2"/>
      </object_component>
      <object_component id="oc-265">
         <name>.debug_frame</name>
         <load_address>0x254</load_address>
         <run_address>0x254</run_address>
         <size>0x12c</size>
         <input_file_ref idref="fl-1d"/>
      </object_component>
      <object_component id="oc-1b5">
         <name>.debug_frame</name>
         <load_address>0x380</load_address>
         <run_address>0x380</run_address>
         <size>0x34</size>
         <input_file_ref idref="fl-36"/>
      </object_component>
      <object_component id="oc-2ba">
         <name>.debug_frame</name>
         <load_address>0x3b4</load_address>
         <run_address>0x3b4</run_address>
         <size>0x48</size>
         <input_file_ref idref="fl-37"/>
      </object_component>
      <object_component id="oc-1a1">
         <name>.debug_frame</name>
         <load_address>0x3fc</load_address>
         <run_address>0x3fc</run_address>
         <size>0x3c</size>
         <input_file_ref idref="fl-38"/>
      </object_component>
      <object_component id="oc-37e">
         <name>.debug_frame</name>
         <load_address>0x438</load_address>
         <run_address>0x438</run_address>
         <size>0x44</size>
         <input_file_ref idref="fl-3b"/>
      </object_component>
      <object_component id="oc-20e">
         <name>.debug_frame</name>
         <load_address>0x47c</load_address>
         <run_address>0x47c</run_address>
         <size>0x3c</size>
         <input_file_ref idref="fl-3c"/>
      </object_component>
      <object_component id="oc-348">
         <name>.debug_frame</name>
         <load_address>0x4b8</load_address>
         <run_address>0x4b8</run_address>
         <size>0x3c</size>
         <input_file_ref idref="fl-3d"/>
      </object_component>
      <object_component id="oc-2fa">
         <name>.debug_frame</name>
         <load_address>0x4f4</load_address>
         <run_address>0x4f4</run_address>
         <size>0x7c</size>
         <input_file_ref idref="fl-40"/>
      </object_component>
      <object_component id="oc-31d">
         <name>.debug_frame</name>
         <load_address>0x570</load_address>
         <run_address>0x570</run_address>
         <size>0x4c</size>
         <input_file_ref idref="fl-41"/>
      </object_component>
      <object_component id="oc-260">
         <name>.debug_frame</name>
         <load_address>0x5bc</load_address>
         <run_address>0x5bc</run_address>
         <size>0x48</size>
         <input_file_ref idref="fl-42"/>
      </object_component>
      <object_component id="oc-242">
         <name>.debug_frame</name>
         <load_address>0x604</load_address>
         <run_address>0x604</run_address>
         <size>0x68</size>
         <input_file_ref idref="fl-43"/>
      </object_component>
      <object_component id="oc-23a">
         <name>.debug_frame</name>
         <load_address>0x66c</load_address>
         <run_address>0x66c</run_address>
         <size>0x48</size>
         <input_file_ref idref="fl-44"/>
      </object_component>
      <object_component id="oc-2ef">
         <name>.debug_frame</name>
         <load_address>0x6b4</load_address>
         <run_address>0x6b4</run_address>
         <size>0x78</size>
         <input_file_ref idref="fl-45"/>
      </object_component>
      <object_component id="oc-23c">
         <name>.debug_frame</name>
         <load_address>0x72c</load_address>
         <run_address>0x72c</run_address>
         <size>0x68</size>
         <input_file_ref idref="fl-46"/>
      </object_component>
      <object_component id="oc-317">
         <name>.debug_frame</name>
         <load_address>0x794</load_address>
         <run_address>0x794</run_address>
         <size>0x40</size>
         <input_file_ref idref="fl-47"/>
      </object_component>
      <object_component id="oc-24c">
         <name>.debug_frame</name>
         <load_address>0x7d4</load_address>
         <run_address>0x7d4</run_address>
         <size>0x40</size>
         <input_file_ref idref="fl-48"/>
      </object_component>
      <object_component id="oc-24e">
         <name>.debug_frame</name>
         <load_address>0x814</load_address>
         <run_address>0x814</run_address>
         <size>0x4c</size>
         <input_file_ref idref="fl-49"/>
      </object_component>
      <object_component id="oc-292">
         <name>.debug_frame</name>
         <load_address>0x860</load_address>
         <run_address>0x860</run_address>
         <size>0x3c</size>
         <input_file_ref idref="fl-4a"/>
      </object_component>
      <object_component id="oc-394">
         <name>.debug_frame</name>
         <load_address>0x89c</load_address>
         <run_address>0x89c</run_address>
         <size>0x44</size>
         <input_file_ref idref="fl-56"/>
      </object_component>
      <object_component id="oc-36b">
         <name>.debug_frame</name>
         <load_address>0x8e0</load_address>
         <run_address>0x8e0</run_address>
         <size>0x44</size>
         <input_file_ref idref="fl-57"/>
      </object_component>
      <object_component id="oc-2eb">
         <name>.debug_frame</name>
         <load_address>0x924</load_address>
         <run_address>0x924</run_address>
         <size>0x64</size>
         <input_file_ref idref="fl-58"/>
      </object_component>
      <object_component id="oc-274">
         <name>.debug_abbrev</name>
         <load_address>0x0</load_address>
         <run_address>0x0</run_address>
         <size>0xd5</size>
         <input_file_ref idref="fl-2"/>
      </object_component>
      <object_component id="oc-201">
         <name>.debug_abbrev</name>
         <load_address>0xd5</load_address>
         <run_address>0xd5</run_address>
         <size>0x53</size>
         <input_file_ref idref="fl-2"/>
      </object_component>
      <object_component id="oc-327">
         <name>.debug_abbrev</name>
[...]
         <object_component_ref idref="oc-60"/>
      </symbol>
      <symbol id="sm-253">
         <name>__TI_int28</name>
         <value>0xfff8</value>
         <object_component_ref idref="oc-61"/>
      </symbol>
      <symbol id="sm-256">
         <name>__TI_int29</name>
         <value>0xfffa</value>
         <object_component_ref idref="oc-62"/>
      </symbol>
      <symbol id="sm-259">
         <name>__TI_int30</name>
         <value>0xfffc</value>
         <object_component_ref idref="oc-63"/>
      </symbol>
      <symbol id="sm-261">
         <name>__TI_ISR_TRAP</name>
         <value>0x540c</value>
         <object_component_ref idref="oc-187"/>
      </symbol>
      <symbol id="sm-269">
         <name>__mspabi_srli_8</name>
         <value>0x4f2e</value>
         <object_component_ref idref="oc-165"/>
      </symbol>
      <symbol id="sm-26a">
         <name>__mspabi_srli_9</name>
         <value>0x4f2a</value>
         <object_component_ref idref="oc-165"/>
      </symbol>
      <symbol id="sm-26b">
         <name>__mspabi_srli_6</name>
         <value>0x4f36</value>
         <object_component_ref idref="oc-165"/>
      </symbol>
      <symbol id="sm-26c">
         <name>__mspabi_srli_7</name>
         <value>0x4f32</value>
         <object_component_ref idref="oc-165"/>
      </symbol>
      <symbol id="sm-26d">
         <name>__mspabi_srli_4</name>
         <value>0x4f3e</value>
         <object_component_ref idref="oc-165"/>
      </symbol>
      <symbol id="sm-26e">
         <name>__mspabi_srli_5</name>
         <value>0x4f3a</value>
         <object_component_ref idref="oc-165"/>
      </symbol>
      <symbol id="sm-26f">
         <name>__mspabi_srli_2</name>
         <value>0x4f46</value>
         <object_component_ref idref="oc-165"/>
      </symbol>
      <symbol id="sm-270">
         <name>__mspabi_srli_3</name>
         <value>0x4f42</value>
         <object_component_ref idref="oc-165"/>
      </symbol>
      <symbol id="sm-271">
         <name>__mspabi_srli_1</name>
         <value>0x4f4a</value>
         <object_component_ref idref="oc-165"/>
      </symbol>
      <symbol id="sm-272">
         <name>__mspabi_srli</name>
         <value>0x4f04</value>
         <object_component_ref idref="oc-165"/>
      </symbol>
      <symbol id="sm-273">
         <name>__mspabi_srli_15</name>
         <value>0x4f12</value>
         <object_component_ref idref="oc-165"/>
      </symbol>
      <symbol id="sm-274">
         <name>__mspabi_srli_14</name>
         <value>0x4f16</value>
         <object_component_ref idref="oc-165"/>
      </symbol>
      <symbol id="sm-275">
         <name>__mspabi_srli_13</name>
         <value>0x4f1a</value>
         <object_component_ref idref="oc-165"/>
      </symbol>
      <symbol id="sm-276">
         <name>__mspabi_srli_12</name>
         <value>0x4f1e</value>
         <object_component_ref idref="oc-165"/>
      </symbol>
      <symbol id="sm-277">
         <name>__mspabi_srli_11</name>
         <value>0x4f22</value>
         <object_component_ref idref="oc-165"/>
      </symbol>
      <symbol id="sm-278">
         <name>__mspabi_srli_10</name>
         <value>0x4f26</value>
         <object_component_ref idref="oc-165"/>
      </symbol>
      <symbol id="sm-280">
         <name>__mspabi_mpyi_hw</name>
         <value>0x5332</value>
         <object_component_ref idref="oc-387"/>
      </symbol>
      <symbol id="sm-289">
         <name>__mspabi_mpyl_hw</name>
         <value>0x51a6</value>
         <object_component_ref idref="oc-382"/>
      </symbol>
      <symbol id="sm-291">
         <name>__mspabi_mpyull_hw</name>
         <value>0x4f50</value>
         <object_component_ref idref="oc-374"/>
      </symbol>
      <symbol id="sm-299">
         <name>__mspabi_mpyll_hw</name>
         <value>0x4d4a</value>
         <object_component_ref idref="oc-36f"/>
      </symbol>
      <symbol id="sm-2a9">
         <name>_stack</name>
         <value>0x3060</value>
         <object_component_ref idref="oc-15c"/>
      </symbol>
      <symbol id="sm-2aa">
         <name>_c_int00_noargs</name>
         <value>0x52ee</value>
         <object_component_ref idref="oc-1b0"/>
      </symbol>
      <symbol id="sm-2ab">
         <name>_reset_vector</name>
         <value>0xfffe</value>
         <object_component_ref idref="oc-15f"/>
      </symbol>
      <symbol id="sm-2cd">
         <name>__TI_auto_init_nobinit_nopinit_hold_wdt</name>
         <value>0x4eac</value>
         <object_component_ref idref="oc-2b5"/>
      </symbol>
      <symbol id="sm-2e5">
         <name>__TI_zero_init_nomemset</name>
         <value>0x531e</value>
         <object_component_ref idref="oc-19e"/>
      </symbol>
      <symbol id="sm-2f4">
         <name>__mspabi_srlll</name>
         <value>0x502e</value>
         <object_component_ref idref="oc-379"/>
      </symbol>
      <symbol id="sm-2fd">
         <name>_system_pre_init</name>
         <value>0x536e</value>
         <object_component_ref idref="oc-20a"/>
      </symbol>
      <symbol id="sm-306">
         <name>_system_post_cinit</name>
         <value>0x5372</value>
         <object_component_ref idref="oc-343"/>
      </symbol>
      <symbol id="sm-342">
         <name>__mspabi_addd</name>
         <value>0x3100</value>
         <object_component_ref idref="oc-2f6"/>
      </symbol>
      <symbol id="sm-361">
         <name>__mspabi_cmpd</name>
         <value>0x4a72</value>
         <object_component_ref idref="oc-318"/>
      </symbol>
      <symbol id="sm-377">
         <name>__mspabi_cvtfd</name>
         <value>0x4de0</value>
         <object_component_ref idref="oc-25b"/>
      </symbol>
      <symbol id="sm-398">
         <name>__mspabi_divd</name>
         <value>0x46c8</value>
         <object_component_ref idref="oc-241"/>
      </symbol>
      <symbol id="sm-3af">
         <name>__mspabi_fltlid</name>
         <value>0x4c02</value>
         <object_component_ref idref="oc-235"/>
      </symbol>
      <symbol id="sm-3ca">
         <name>__TI_frcdivd</name>
         <value>0x3cee</value>
         <object_component_ref idref="oc-2ee"/>
      </symbol>
      <symbol id="sm-3f0">
         <name>__mspabi_mpyd</name>
         <value>0x4166</value>
         <object_component_ref idref="oc-23b"/>
      </symbol>
      <symbol id="sm-3f9">
         <name>__mspabi_negd</name>
         <value>0x5258</value>
         <object_component_ref idref="oc-312"/>
      </symbol>
      <symbol id="sm-402">
         <name>__mspabi_subd</name>
         <value>0x5178</value>
         <object_component_ref idref="oc-247"/>
      </symbol>
      <symbol id="sm-417">
         <name>__mspabi_cvtdf</name>
         <value>0x4b4e</value>
         <object_component_ref idref="oc-24d"/>
      </symbol>
      <symbol id="sm-421">
         <name>C$$EXIT</name>
         <value>0x5362</value>
         <object_component_ref idref="oc-291"/>
      </symbol>
      <symbol id="sm-422">
         <name>abort</name>
         <value>0x5362</value>
         <object_component_ref idref="oc-291"/>
      </symbol>
      <symbol id="sm-42d">
         <name>__mspabi_srai</name>
         <value>0x5200</value>
         <object_component_ref idref="oc-2e1"/>
      </symbol>
      <symbol id="sm-42e">
         <name>__mspabi_srai_8</name>
         <value>0x521a</value>
         <object_component_ref idref="oc-2e1"/>
      </symbol>
      <symbol id="sm-42f">
         <name>__mspabi_srai_9</name>
         <value>0x5218</value>
         <object_component_ref idref="oc-2e1"/>
      </symbol>
      <symbol id="sm-430">
         <name>__mspabi_srai_6</name>
         <value>0x521e</value>
         <object_component_ref idref="oc-2e1"/>
      </symbol>
      <symbol id="sm-431">
         <name>__mspabi_srai_7</name>
         <value>0x521c</value>
         <object_component_ref idref="oc-2e1"/>
      </symbol>
      <symbol id="sm-432">
         <name>__mspabi_srai_4</name>
         <value>0x5222</value>
         <object_component_ref idref="oc-2e1"/>
      </symbol>
      <symbol id="sm-433">
         <name>__mspabi_srai_5</name>
         <value>0x5220</value>
         <object_component_ref idref="oc-2e1"/>
      </symbol>
      <symbol id="sm-434">
         <name>__mspabi_srai_2</name>
         <value>0x5226</value>
         <object_component_ref idref="oc-2e1"/>
      </symbol>
      <symbol id="sm-435">
         <name>__mspabi_srai_3</name>
         <value>0x5224</value>
         <object_component_ref idref="oc-2e1"/>
      </symbol>
      <symbol id="sm-436">
         <name>__mspabi_srai_1</name>
         <value>0x5228</value>
         <object_component_ref idref="oc-2e1"/>
      </symbol>
      <symbol id="sm-437">
         <name>__mspabi_srai_15</name>
         <value>0x520c</value>
         <object_component_ref idref="oc-2e1"/>
      </symbol>
      <symbol id="sm-438">
         <name>__mspabi_srai_14</name>
         <value>0x520e</value>
         <object_component_ref idref="oc-2e1"/>
      </symbol>
      <symbol id="sm-439">
         <name>__mspabi_srai_13</name>
         <value>0x5210</value>
         <object_component_ref idref="oc-2e1"/>
      </symbol>
      <symbol id="sm-43a">
         <name>__mspabi_srai_12</name>
         <value>0x5212</value>
         <object_component_ref idref="oc-2e1"/>
      </symbol>
      <symbol id="sm-43b">
         <name>__mspabi_srai_11</name>
         <value>0x5214</value>
         <object_component_ref idref="oc-2e1"/>
      </symbol>
      <symbol id="sm-43c">
         <name>__mspabi_srai_10</name>
         <value>0x5216</value>
         <object_component_ref idref="oc-2e1"/>
      </symbol>
      <symbol id="sm-444">
         <name>__mspabi_sral_15</name>
         <value>0x50fc</value>
         <object_component_ref idref="oc-300"/>
      </symbol>
      <symbol id="sm-445">
         <name>__mspabi_sral_14</name>
         <value>0x5100</value>
         <object_component_ref idref="oc-300"/>
      </symbol>
      <symbol id="sm-446">
         <name>__mspabi_sral_13</name>
         <value>0x5104</value>
         <object_component_ref idref="oc-300"/>
      </symbol>
      <symbol id="sm-447">
         <name>__mspabi_sral_12</name>
         <value>0x5108</value>
         <object_component_ref idref="oc-300"/>
      </symbol>
      <symbol id="sm-448">
         <name>__mspabi_sral_11</name>
         <value>0x510c</value>
         <object_component_ref idref="oc-300"/>
      </symbol>
      <symbol id="sm-449">
         <name>__mspabi_sral_10</name>
         <value>0x5110</value>
         <object_component_ref idref="oc-300"/>
      </symbol>
      <symbol id="sm-44a">
         <name>__mspabi_sral_8</name>
         <value>0x5118</value>
         <object_component_ref idref="oc-300"/>
      </symbol>
      <symbol id="sm-44b">
         <name>__mspabi_sral_9</name>
         <value>0x5114</value>
         <object_component_ref idref="oc-300"/>
      </symbol>
      <symbol id="sm-44c">
         <name>__mspabi_sral_6</name>
         <value>0x5120</value>
         <object_component_ref idref="oc-300"/>
      </symbol>
      <symbol id="sm-44d">
         <name>__mspabi_sral_7</name>
         <value>0x511c</value>
         <object_component_ref idref="oc-300"/>
      </symbol>
      <symbol id="sm-44e">
         <name>__mspabi_sral_4</name>
         <value>0x5128</value>
         <object_component_ref idref="oc-300"/>
      </symbol>
      <symbol id="sm-44f">
         <name>__mspabi_sral_5</name>
         <value>0x5124</value>
         <object_component_ref idref="oc-300"/>
      </symbol>
      <symbol id="sm-450">
         <name>__mspabi_sral_2</name>
         <value>0x5130</value>
         <object_component_ref idref="oc-300"/>
      </symbol>
      <symbol id="sm-451">
         <name>__mspabi_sral_3</name>
         <value>0x512c</value>
         <object_component_ref idref="oc-300"/>
      </symbol>
      <symbol id="sm-452">
         <name>__mspabi_sral_1</name>
         <value>0x5134</value>
         <object_component_ref idref="oc-300"/>
      </symbol>
      <symbol id="sm-45a">
         <name>__mspabi_slli</name>
         <value>0x522c</value>
         <object_component_ref idref="oc-160"/>
      </symbol>
      <symbol id="sm-45b">
         <name>__mspabi_slli_9</name>
         <value>0x5244</value>
         <object_component_ref idref="oc-160"/>
      </symbol>
      <symbol id="sm-45c">
         <name>__mspabi_slli_8</name>
         <value>0x5246</value>
         <object_component_ref idref="oc-160"/>
      </symbol>
      <symbol id="sm-45d">
         <name>__mspabi_slli_7</name>
         <value>0x5248</value>
         <object_component_ref idref="oc-160"/>
      </symbol>
      <symbol id="sm-45e">
         <name>__mspabi_slli_6</name>
         <value>0x524a</value>
         <object_component_ref idref="oc-160"/>
      </symbol>
      <symbol id="sm-45f">
         <name>__mspabi_slli_5</name>
         <value>0x524c</value>
         <object_component_ref idref="oc-160"/>
      </symbol>
      <symbol id="sm-460">
         <name>__mspabi_slli_4</name>
         <value>0x524e</value>
         <object_component_ref idref="oc-160"/>
      </symbol>
      <symbol id="sm-461">
         <name>__mspabi_slli_3</name>
         <value>0x5250</value>
         <object_component_ref idref="oc-160"/>
      </symbol>
      <symbol id="sm-462">
         <name>__mspabi_slli_2</name>
         <value>0x5252</value>
         <object_component_ref idref="oc-160"/>
      </symbol>
      <symbol id="sm-463">
         <name>__mspabi_slli_1</name>
         <value>0x5254</value>
         <object_component_ref idref="oc-160"/>
      </symbol>
      <symbol id="sm-464">
         <name>__mspabi_slli_15</name>
         <value>0x5238</value>
         <object_component_ref idref="oc-160"/>
      </symbol>
      <symbol id="sm-465">
         <name>__mspabi_slli_14</name>
         <value>0x523a</value>
         <object_component_ref idref="oc-160"/>
      </symbol>
      <symbol id="sm-466">
         <name>__mspabi_slli_13</name>
         <value>0x523c</value>
         <object_component_ref idref="oc-160"/>
      </symbol>
      <symbol id="sm-467">
         <name>__mspabi_slli_12</name>
         <value>0x523e</value>
         <object_component_ref idref="oc-160"/>
      </symbol>
      <symbol id="sm-468">
         <name>__mspabi_slli_11</name>
         <value>0x5240</value>
         <object_component_ref idref="oc-160"/>
      </symbol>
      <symbol id="sm-469">
         <name>__mspabi_slli_10</name>
         <value>0x5242</value>
         <object_component_ref idref="oc-160"/>
      </symbol>
      <symbol id="sm-471">
         <name>__mspabi_slll_9</name>
         <value>0x5152</value>
         <object_component_ref idref="oc-2d0"/>
      </symbol>
      <symbol id="sm-472">
         <name>__mspabi_slll_8</name>
         <value>0x5156</value>
         <object_component_ref idref="oc-2d0"/>
      </symbol>
      <symbol id="sm-473">
         <name>__mspabi_slll_7</name>
         <value>0x515a</value>
         <object_component_ref idref="oc-2d0"/>
      </symbol>
      <symbol id="sm-474">
         <name>__mspabi_slll_6</name>
         <value>0x515e</value>
         <object_component_ref idref="oc-2d0"/>
      </symbol>
      <symbol id="sm-475">
         <name>__mspabi_slll_5</name>
         <value>0x5162</value>
         <object_component_ref idref="oc-2d0"/>
      </symbol>
      <symbol id="sm-476">
         <name>__mspabi_slll_4</name>
         <value>0x5166</value>
         <object_component_ref idref="oc-2d0"/>
      </symbol>
      <symbol id="sm-477">
         <name>__mspabi_slll_3</name>
         <value>0x516a</value>
         <object_component_ref idref="oc-2d0"/>
      </symbol>
      <symbol id="sm-478">
         <name>__mspabi_slll_2</name>
         <value>0x516e</value>
         <object_component_ref idref="oc-2d0"/>
      </symbol>
      <symbol id="sm-479">
         <name>__mspabi_slll_1</name>
         <value>0x5172</value>
         <object_component_ref idref="oc-2d0"/>
      </symbol>
      <symbol id="sm-47a">
         <name>__mspabi_slll_15</name>
         <value>0x513a</value>
         <object_component_ref idref="oc-2d0"/>
      </symbol>
      <symbol id="sm-47b">
         <name>__mspabi_slll_14</name>
         <value>0x513e</value>
         <object_component_ref idref="oc-2d0"/>
      </symbol>
      <symbol id="sm-47c">
         <name>__mspabi_slll_13</name>
         <value>0x5142</value>
         <object_component_ref idref="oc-2d0"/>
      </symbol>
      <symbol id="sm-47d">
         <name>__mspabi_slll_12</name>
         <value>0x5146</value>
         <object_component_ref idref="oc-2d0"/>
      </symbol>
      <symbol id="sm-47e">
         <name>__mspabi_slll_11</name>
         <value>0x514a</value>
         <object_component_ref idref="oc-2d0"/>
      </symbol>
      <symbol id="sm-47f">
         <name>__mspabi_slll_10</name>
         <value>0x514e</value>
         <object_component_ref idref="oc-2d0"/>
      </symbol>
      <symbol id="sm-487">
         <name>__mspabi_srll_8</name>
         <value>0x4e7a</value>
         <object_component_ref idref="oc-2d5"/>
      </symbol>
      <symbol id="sm-488">
         <name>__mspabi_srll_9</name>
         <value>0x4e74</value>
         <object_component_ref idref="oc-2d5"/>
      </symbol>
      <symbol id="sm-489">
         <name>__mspabi_srll_6</name>
         <value>0x4e86</value>
         <object_component_ref idref="oc-2d5"/>
      </symbol>
      <symbol id="sm-48a">
         <name>__mspabi_srll_7</name>
         <value>0x4e80</value>
         <object_component_ref idref="oc-2d5"/>
      </symbol>
      <symbol id="sm-48b">
         <name>__mspabi_srll_4</name>
         <value>0x4e92</value>
         <object_component_ref idref="oc-2d5"/>
      </symbol>
      <symbol id="sm-48c">
         <name>__mspabi_srll_5</name>
         <value>0x4e8c</value>
         <object_component_ref idref="oc-2d5"/>
      </symbol>
      <symbol id="sm-48d">
         <name>__mspabi_srll_2</name>
         <value>0x4e9e</value>
         <object_component_ref idref="oc-2d5"/>
      </symbol>
      <symbol id="sm-48e">
         <name>__mspabi_srll_3</name>
         <value>0x4e98</value>
         <object_component_ref idref="oc-2d5"/>
      </symbol>
      <symbol id="sm-48f">
         <name>__mspabi_srll_1</name>
         <value>0x4ea4</value>
         <object_component_ref idref="oc-2d5"/>
      </symbol>
      <symbol id="sm-490">
         <name>__mspabi_srll_15</name>
         <value>0x4e50</value>
         <object_component_ref idref="oc-2d5"/>
      </symbol>
      <symbol id="sm-491">
         <name>__mspabi_srll_14</name>
         <value>0x4e56</value>
         <object_component_ref idref="oc-2d5"/>
      </symbol>
      <symbol id="sm-492">
         <name>__mspabi_srll_13</name>
         <value>0x4e5c</value>
         <object_component_ref idref="oc-2d5"/>
      </symbol>
      <symbol id="sm-493">
         <name>__mspabi_srll_12</name>
         <value>0x4e62</value>
         <object_component_ref idref="oc-2d5"/>
      </symbol>
      <symbol id="sm-494">
         <name>__mspabi_srll_11</name>
         <value>0x4e68</value>
         <object_component_ref idref="oc-2d5"/>
      </symbol>
      <symbol id="sm-495">
         <name>__mspabi_srll_10</name>
         <value>0x4e6e</value>
         <object_component_ref idref="oc-2d5"/>
      </symbol>
      <symbol id="sm-4a5">
         <name>__mspabi_srall</name>
         <value>0x4f9a</value>
         <object_component_ref idref="oc-390"/>
      </symbol>
      <symbol id="sm-4b2">
         <name>__mspabi_sllll</name>
         <value>0x50b8</value>
         <object_component_ref idref="oc-369"/>
      </symbol>
      <symbol id="sm-4bd">
         <name>__TI_frcmpyd</name>
         <value>0x4900</value>
         <object_component_ref idref="oc-2e6"/>
      </symbol>
   </symbol_table>
   <title>Link successful</title>
</link_info>
