******************************************************************************
                  MSP430 Linker PC v21.6.0                     
******************************************************************************
>> Linked Fri Apr  1 18:59:44 2022

OUTPUT FILE NAME:   <Lab10_Q1.out>
ENTRY POINT SYMBOL: "_c_int00_noargs"  address: 000052ee


MEMORY CONFIGURATION

         name            origin    length      used     unused   attr    fill
----------------------  --------  ---------  --------  --------  ----  --------
  SFR                   00000000   00000010  00000000  00000010  RWIX
  PERIPHERALS_8BIT      00000010   000000f0  00000000  000000f0  RWIX
  PERIPHERALS_16BIT     00000100   00000100  00000000  00000100  RWIX
  INFOB                 00001000   00000080  00000000  00000080  RWIX
  INFOA                 00001080   00000080  00000000  00000080  RWIX
  RAM                   00001100   00002000  000000bc  00001f44  RWIX
  FLASH                 00003100   0000cebe  0000231e  0000aba0  RWIX
  BSLSIGNATURE          0000ffbe   00000002  00000002  00000000  RWIX  ffff 
  INT00                 0000ffc0   00000002  00000000  00000002  RWIX
  INT01                 0000ffc2   00000002  00000000  00000002  RWIX
  INT02                 0000ffc4   00000002  00000000  00000002  RWIX
  INT03                 0000ffc6   00000002  00000000  00000002  RWIX
  INT04                 0000ffc8   00000002  00000000  00000002  RWIX
  INT05                 0000ffca   00000002  00000000  00000002  RWIX
  INT06                 0000ffcc   00000002  00000000  00000002  RWIX
  INT07                 0000ffce   00000002  00000000  00000002  RWIX
  INT08                 0000ffd0   00000002  00000000  00000002  RWIX
  INT09                 0000ffd2   00000002  00000000  00000002  RWIX
  INT10                 0000ffd4   00000002  00000000  00000002  RWIX
  INT11                 0000ffd6   00000002  00000000  00000002  RWIX
  INT12                 0000ffd8   00000002  00000000  00000002  RWIX
  INT13                 0000ffda   00000002  00000000  00000002  RWIX
  INT14                 0000ffdc   00000002  00000002  00000000  RWIX
  INT15                 0000ffde   00000002  00000002  00000000  RWIX
  INT16                 0000ffe0   00000002  00000002  00000000  RWIX
  INT17                 0000ffe2   00000002  00000002  00000000  RWIX
  INT18                 0000ffe4   00000002  00000002  00000000  RWIX
  INT19                 0000ffe6   00000002  00000002  00000000  RWIX
  INT20                 0000ffe8   00000002  00000002  00000000  RWIX
  INT21                 0000ffea   00000002  00000002  00000000  RWIX
  INT22                 0000ffec   00000002  00000002  00000000  RWIX
  INT23                 0000ffee   00000002  00000002  00000000  RWIX
  INT24                 0000fff0   00000002  00000002  00000000  RWIX
  INT25                 0000fff2   00000002  00000002  00000000  RWIX
  INT26                 0000fff4   00000002  00000002  00000000  RWIX
  INT27                 0000fff6   00000002  00000002  00000000  RWIX
  INT28                 0000fff8   00000002  00000002  00000000  RWIX
  INT29                 0000fffa   00000002  00000002  00000000  RWIX
  INT30                 0000fffc   00000002  00000002  00000000  RWIX
  RESET                 0000fffe   00000002  00000002  00000000  RWIX
  FLASH2                00010000   00010000  00000000  00010000  RWIX


SECTION ALLOCATION MAP

 output                                  attributes/
section   page    origin      length       input sections
--------  ----  ----------  ----------   ----------------
.bss       0    00001100    0000001c     UNINITIALIZED
                  00001100    00000004     (.common:ADCXval)
                  00001104    00000004     (.common:ADCYval)
                  00001108    00000004     (.common:ADCZval)
                  0000110c    00000004     (.common:Xper)
                  00001110    00000004     (.common:Yper)
                  00001114    00000004     (.common:Zper)
                  00001118    00000004     (.common:aDev)

.stack     0    00003060    000000a0     UNINITIALIZED
                  00003060    00000002     rts430_eabi.lib : boot.c.obj (.stack)
                  00003062    0000009e     --HOLE--

.text      0    00003100    00002274     
                  00003100    00000736     rts430_eabi.lib : addd.c.obj (.text:__mspabi_addd)
                  00003836    000004b8                     : s_atan.c.obj (.text:atan)
                  00003cee    00000478                     : frcdivd.c.obj (.text:__TI_frcdivd)
                  00004166    000002c0                     : mpyd.c.obj (.text:__mspabi_mpyd)
                  00004426    000002a2     xyz.obj (.text:sendData)
                  000046c8    00000238     rts430_eabi.lib : divd.c.obj (.text:__mspabi_divd)
                  00004900    00000172                     : frcmpyd.c.obj (.text:__TI_frcmpyd)
                  00004a72    000000dc                     : cmpd.c.obj (.text:__mspabi_cmpd)
                  00004b4e    000000b4                     : cvtdf.c.obj (.text:__mspabi_cvtdf)
                  00004c02    000000ac                     : fltlid.c.obj (.text:__mspabi_fltlid)
                  00004cae    0000009c                     : fs_div.asm.obj (.text)
                  00004d4a    00000096                     : mult64_hw.asm.obj (.text:__mpyll)
                  00004de0    00000070                     : cvtfd.c.obj (.text:__mspabi_cvtfd)
                  00004e50    0000005c                     : lsr32.asm.obj (.text:l_lsr_const)
                  00004eac    00000058                     : autoinit.c.obj (.text:__TI_auto_init_nobinit_nopinit_hold_wdt:__TI_auto_init_nobinit_nopinit_hold_wdt)
                  00004f04    0000004c                     : lsr16.asm.obj (.text)
                  00004f50    0000004a                     : mult3264_hw.asm.obj (.text:__mpyull)
                  00004f9a    0000004a                     : asr64.c.obj (.text:__mspabi_srall)
                  00004fe4    0000004a                     : fs_cmp.asm.obj (.text)
                  0000502e    00000046                     : lsr64.c.obj (.text:__mspabi_srlll)
                  00005074    00000044     xyz.obj (.text:ADC_setup)
                  000050b8    00000044     rts430_eabi.lib : lsl64.c.obj (.text:__mspabi_sllll)
                  000050fc    0000003e                     : asr32.asm.obj (.text:l_asr_const)
                  0000513a    0000003e                     : lsl32.asm.obj (.text:l_lsl_const)
                  00005178    0000002e                     : subd.c.obj (.text:__mspabi_subd)
                  000051a6    0000002e                     : mult32_hw.asm.obj (.text)
                  000051d4    0000002c     xyz.obj (.text:main)
                  00005200    0000002c     rts430_eabi.lib : asr16.asm.obj (.text)
                  0000522c    0000002c                     : lsl16.asm.obj (.text)
                  00005258    0000002a                     : negd.c.obj (.text:__mspabi_negd)
                  00005282    00000026     xyz.obj (.text:ADC12ISR)
                  000052a8    00000026     xyz.obj (.text:UART_setup)
                  000052ce    00000020     xyz.obj (.text:timerA_ISR)
                  000052ee    0000001c     rts430_eabi.lib : boot.c.obj (.text:_c_int00_noargs)
                  0000530a    00000014     xyz.obj (.text:TimerA_setup)
                  0000531e    00000014     rts430_eabi.lib : copy_zero_init.c.obj (.text:decompress:ZI:__TI_zero_init_nomemset:__TI_zero_init_nomemset)
                  00005332    00000014                     : mult16_hw.asm.obj (.text)
                  00005346    00000010                     : epilog.asm.obj (.text)
                  00005356    0000000c     xyz.obj (.text:UART_Send_Character)
                  00005362    00000006     rts430_eabi.lib : exit.c.obj (.text:abort)
                  00005368    00000006     xyz.obj (.text:watchdog_timer)
                  0000536e    00000004     rts430_eabi.lib : pre_init.c.obj (.text:_system_pre_init)
                  00005372    00000002                     : startup.c.obj (.text:_system_post_cinit)

.const     0    00005374    00000098     
                  00005374    00000058     rts430_eabi.lib : s_atan.c.obj (.const:aT)
                  000053cc    00000020                     : s_atan.c.obj (.const:atanhi)
                  000053ec    00000020                     : s_atan.c.obj (.const:atanlo)

.text:_isr 
*          0    0000540c    00000008     
                  0000540c    00000008     rts430_eabi.lib : isr_trap.asm.obj (.text:_isr:__TI_ISR_TRAP)

.cinit     0    00005414    0000000a     
                  00005414    00000004     (.cinit..bss.load) [load image, compression = zero_init]
                  00005418    00000002     (__TI_handler_table)
                  0000541a    00000004     (__TI_cinit_table)

.binit     0    00003100    00000000     

.init_array 
*          0    00003100    00000000     UNINITIALIZED

DAC12      0    0000ffdc    00000002     
                  0000ffdc    00000002     rts430_eabi.lib : int14.asm.obj (.int14)

DMA        0    0000ffde    00000002     
                  0000ffde    00000002     rts430_eabi.lib : int15.asm.obj (.int15)

BASICTIMER 
*          0    0000ffe0    00000002     
                  0000ffe0    00000002     rts430_eabi.lib : int16.asm.obj (.int16)

PORT2      0    0000ffe2    00000002     
                  0000ffe2    00000002     rts430_eabi.lib : int17.asm.obj (.int17)

USART1TX   0    0000ffe4    00000002     
                  0000ffe4    00000002     rts430_eabi.lib : int18.asm.obj (.int18)

USART1RX   0    0000ffe6    00000002     
                  0000ffe6    00000002     rts430_eabi.lib : int19.asm.obj (.int19)

PORT1      0    0000ffe8    00000002     
                  0000ffe8    00000002     rts430_eabi.lib : int20.asm.obj (.int20)

TIMERA1    0    0000ffea    00000002     
                  0000ffea    00000002     rts430_eabi.lib : int21.asm.obj (.int21)

TIMERA0    0    0000ffec    00000002     
                  0000ffec    00000002     xyz.obj (.int22)

ADC12      0    0000ffee    00000002     
                  0000ffee    00000002     xyz.obj (.int23)

USCIAB0TX 
*          0    0000fff0    00000002     
                  0000fff0    00000002     rts430_eabi.lib : int24.asm.obj (.int24)

USCIAB0RX 
*          0    0000fff2    00000002     
                  0000fff2    00000002     rts430_eabi.lib : int25.asm.obj (.int25)

WDT        0    0000fff4    00000002     
                  0000fff4    00000002     xyz.obj (.int26)

COMPARATORA 
*          0    0000fff6    00000002     
                  0000fff6    00000002     rts430_eabi.lib : int27.asm.obj (.int27)

TIMERB1    0    0000fff8    00000002     
                  0000fff8    00000002     rts430_eabi.lib : int28.asm.obj (.int28)

TIMERB0    0    0000fffa    00000002     
                  0000fffa    00000002     rts430_eabi.lib : int29.asm.obj (.int29)

NMI        0    0000fffc    00000002     
                  0000fffc    00000002     rts430_eabi.lib : int30.asm.obj (.int30)

.reset     0    0000fffe    00000002     
                  0000fffe    00000002     rts430_eabi.lib : boot.c.obj (.reset)

$fill000   0    0000ffbe    00000002     
                  0000ffbe    00000002     --HOLE-- [fill = ffff]

MODULE SUMMARY

       Module                 code   ro data   rw data
       ------                 ----   -------   -------
    .\
       xyz.obj                932    6         28     
    +--+----------------------+------+---------+---------+
       Total:                 932    6         28     
                                                      
    C:\ti\ccs1110\ccs\tools\compiler\ti-cgt-msp430_21.6.0.LTS\lib\rts430_eabi.lib
       addd.c.obj             1846   0         0      
       s_atan.c.obj           1208   152       0      
       frcdivd.c.obj          1144   0         0      
       mpyd.c.obj             704    0         0      
       divd.c.obj             568    0         0      
       frcmpyd.c.obj          370    0         0      
       cmpd.c.obj             220    0         0      
       cvtdf.c.obj            180    0         0      
       fltlid.c.obj           172    0         0      
       fs_div.asm.obj         156    0         0      
       mult64_hw.asm.obj      150    0         0      
       cvtfd.c.obj            112    0         0      
       lsr32.asm.obj          92     0         0      
       autoinit.c.obj         88     0         0      
       lsr16.asm.obj          76     0         0      
       asr64.c.obj            74     0         0      
       fs_cmp.asm.obj         74     0         0      
       mult3264_hw.asm.obj    74     0         0      
       lsr64.c.obj            70     0         0      
       lsl64.c.obj            68     0         0      
       asr32.asm.obj          62     0         0      
       lsl32.asm.obj          62     0         0      
       mult32_hw.asm.obj      46     0         0      
       subd.c.obj             46     0         0      
       asr16.asm.obj          44     0         0      
       lsl16.asm.obj          44     0         0      
       negd.c.obj             42     0         0      
       boot.c.obj             28     2         0      
       copy_zero_init.c.obj   20     0         0      
       mult16_hw.asm.obj      20     0         0      
       epilog.asm.obj         16     0         0      
       isr_trap.asm.obj       8      0         0      
       exit.c.obj             6      0         0      
       pre_init.c.obj         4      0         0      
       int14.asm.obj          0      2         0      
       int15.asm.obj          0      2         0      
       int16.asm.obj          0      2         0      
       int17.asm.obj          0      2         0      
       int18.asm.obj          0      2         0      
       int19.asm.obj          0      2         0      
       int20.asm.obj          0      2         0      
       int21.asm.obj          0      2         0      
       int24.asm.obj          0      2         0      
       int25.asm.obj          0      2         0      
       int27.asm.obj          0      2         0      
       int28.asm.obj          0      2         0      
       int29.asm.obj          0      2         0      
       int30.asm.obj          0      2         0      
       startup.c.obj          2      0         0      
    +--+----------------------+------+---------+---------+
       Total:                 7896   182       0      
                                                      
       Stack:                 0      0         160    
       Linker Generated:      0      10        0      
    +--+----------------------+------+---------+---------+
       Grand Total:           8828   198       188    


LINKER GENERATED COPY TABLES

__TI_cinit_table @ 0000541a records: 1, size/record: 4, table size: 4
	.bss: load addr=00005414, load size=00000004 bytes, run addr=00001100, run size=0000001c bytes, compression=zero_init


LINKER GENERATED HANDLER TABLE

__TI_handler_table @ 00005418 records: 1, size/record: 2, table size: 2
	index: 0, handler: __TI_zero_init


GLOBAL SYMBOLS: SORTED ALPHABETICALLY BY Name 

address   name                                   
-------   ----                                   
000001a0  ADC12CTL0                              
000001a2  ADC12CTL1                              
000001a6  ADC12IE                                
000001a4  ADC12IFG                               
00005282  ADC12ISR                               
000001a8  ADC12IV                                
00000080  ADC12MCTL0                             
00000081  ADC12MCTL1                             
0000008a  ADC12MCTL10                            
0000008b  ADC12MCTL11                            
0000008c  ADC12MCTL12                            
0000008d  ADC12MCTL13                            
0000008e  ADC12MCTL14                            
0000008f  ADC12MCTL15                            
00000082  ADC12MCTL2                             
00000083  ADC12MCTL3                             
00000084  ADC12MCTL4                             
00000085  ADC12MCTL5                             
00000086  ADC12MCTL6                             
00000087  ADC12MCTL7                             
00000088  ADC12MCTL8                             
00000089  ADC12MCTL9                             
00000140  ADC12MEM0                              
00000142  ADC12MEM1                              
00000154  ADC12MEM10                             
00000156  ADC12MEM11                             
00000158  ADC12MEM12                             
0000015a  ADC12MEM13                             
0000015c  ADC12MEM14                             
0000015e  ADC12MEM15                             
00000144  ADC12MEM2                              
00000146  ADC12MEM3                              
00000148  ADC12MEM4                              
0000014a  ADC12MEM5                              
0000014c  ADC12MEM6                              
0000014e  ADC12MEM7                              
00000150  ADC12MEM8                              
00000152  ADC12MEM9                              
00001100  ADCXval                                
00001104  ADCYval                                
00001108  ADCZval                                
00005074  ADC_setup                              
00000046  BTCNT1                                 
00000046  BTCNT12                                
00000047  BTCNT2                                 
00000040  BTCTL                                  
00005362  C$$EXIT                                
00000059  CACTL1                                 
0000005a  CACTL2                                 
0000005b  CAPD                                   
000001c0  DAC12_0CTL                             
000001c8  DAC12_0DAT                             
000001c2  DAC12_1CTL                             
000001ca  DAC12_1DAT                             
000001d0  DMA0CTL                                
000001d6  DMA0DA                                 
000001d6  DMA0DAL                                
000001d2  DMA0SA                                 
000001d2  DMA0SAL                                
000001da  DMA0SZ                                 
000001dc  DMA1CTL                                
000001e2  DMA1DA                                 
000001e2  DMA1DAL                                
000001de  DMA1SA                                 
000001de  DMA1SAL                                
000001e6  DMA1SZ                                 
000001e8  DMA2CTL                                
000001ee  DMA2DA                                 
000001ee  DMA2DAL                                
000001ea  DMA2SA                                 
000001ea  DMA2SAL                                
000001f2  DMA2SZ                                 
00000122  DMACTL0                                
00000124  DMACTL1                                
00000126  DMAIV                                  
00000128  FCTL1                                  
0000012a  FCTL2                                  
0000012c  FCTL3                                  
00000053  FLL_CTL0                               
00000054  FLL_CTL1                               
00000000  IE1                                    
00000001  IE2                                    
00000002  IFG1                                   
00000003  IFG2                                   
00000090  LCDACTL                                
000000ac  LCDAPCTL0                              
000000ad  LCDAPCTL1                              
000000ae  LCDAVCTL0                              
000000af  LCDAVCTL1                              
00000091  LCDM1                                  
0000009a  LCDM10                                 
0000009b  LCDM11                                 
0000009c  LCDM12                                 
0000009d  LCDM13                                 
0000009e  LCDM14                                 
0000009f  LCDM15                                 
000000a0  LCDM16                                 
000000a1  LCDM17                                 
000000a2  LCDM18                                 
000000a3  LCDM19                                 
00000092  LCDM2                                  
000000a4  LCDM20                                 
00000093  LCDM3                                  
00000094  LCDM4                                  
00000095  LCDM5                                  
00000096  LCDM6                                  
00000097  LCDM7                                  
00000098  LCDM8                                  
00000099  LCDM9                                  
00000134  MAC                                    
00000136  MACS                                   
00000005  ME2                                    
00000130  MPY                                    
00000132  MPYS                                   
000000c0  OA0CTL0                                
000000c1  OA0CTL1                                
000000c2  OA1CTL0                                
000000c3  OA1CTL1                                
000000c4  OA2CTL0                                
000000c5  OA2CTL1                                
00000138  OP2                                    
0000000d  P10DIR                                 
00000009  P10IN                                  
0000000b  P10OUT                                 
0000000f  P10SEL                                 
00000022  P1DIR                                  
00000025  P1IE                                   
00000024  P1IES                                  
00000023  P1IFG                                  
00000020  P1IN                                   
00000021  P1OUT                                  
00000026  P1SEL                                  
0000002a  P2DIR                                  
0000002d  P2IE                                   
0000002c  P2IES                                  
0000002b  P2IFG                                  
00000028  P2IN                                   
00000029  P2OUT                                  
0000002e  P2SEL                                  
0000001a  P3DIR                                  
00000018  P3IN                                   
00000019  P3OUT                                  
0000001b  P3SEL                                  
0000001e  P4DIR                                  
0000001c  P4IN                                   
0000001d  P4OUT                                  
0000001f  P4SEL                                  
00000032  P5DIR                                  
00000030  P5IN                                   
00000031  P5OUT                                  
00000033  P5SEL                                  
00000036  P6DIR                                  
00000034  P6IN                                   
00000035  P6OUT                                  
00000037  P6SEL                                  
0000003c  P7DIR                                  
00000038  P7IN                                   
0000003a  P7OUT                                  
0000003e  P7SEL                                  
0000003d  P8DIR                                  
00000039  P8IN                                   
0000003b  P8OUT                                  
0000003f  P8SEL                                  
0000000c  P9DIR                                  
00000008  P9IN                                   
0000000a  P9OUT                                  
0000000e  P9SEL                                  
0000003c  PADIR                                  
00000038  PAIN                                   
0000003a  PAOUT                                  
0000003e  PASEL                                  
0000000c  PBDIR                                  
00000008  PBIN                                   
0000000a  PBOUT                                  
0000000e  PBSEL                                  
0000013c  RESHI                                  
0000013a  RESLO                                  
00000041  RTCCTL                                 
0000004c  RTCDATE                                
0000004c  RTCDAY                                 
0000004d  RTCMON                                 
00000042  RTCNT1                                 
00000043  RTCNT2                                 
00000044  RTCNT3                                 
00000045  RTCNT4                                 
00000042  RTCTIM0                                
00000044  RTCTIM1                                
00000040  RTCTL                                  
0000004e  RTCYEAR                                
0000004f  RTCYEARH                               
0000004e  RTCYEARL                               
00000050  SCFI0                                  
00000051  SCFI1                                  
00000052  SCFQCTL                                
0000013e  SUMEXT                                 
00000056  SVSCTL                                 
00000172  TACCR0                                 
00000174  TACCR1                                 
00000176  TACCR2                                 
00000162  TACCTL0                                
00000164  TACCTL1                                
00000166  TACCTL2                                
00000160  TACTL                                  
0000012e  TAIV                                   
00000170  TAR                                    
00000192  TBCCR0                                 
00000194  TBCCR1                                 
00000196  TBCCR2                                 
00000198  TBCCR3                                 
0000019a  TBCCR4                                 
0000019c  TBCCR5                                 
0000019e  TBCCR6                                 
00000182  TBCCTL0                                
00000184  TBCCTL1                                
00000186  TBCCTL2                                
00000188  TBCCTL3                                
0000018a  TBCCTL4                                
0000018c  TBCCTL5                                
0000018e  TBCCTL6                                
00000180  TBCTL                                  
0000011e  TBIV                                   
00000190  TBR                                    
0000530a  TimerA_setup                           
0000007c  U1BR0                                  
0000007d  U1BR1                                  
00000078  U1CTL                                  
0000007b  U1MCTL                                 
0000007a  U1RCTL                                 
0000007e  U1RXBUF                                
00000079  U1TCTL                                 
0000007f  U1TXBUF                                
00005356  UART_Send_Character                    
000052a8  UART_setup                             
0000005d  UCA0ABCTL                              
00000062  UCA0BR0                                
00000063  UCA0BR1                                
00000060  UCA0CTL0                               
00000061  UCA0CTL1                               
0000005f  UCA0IRRCTL                             
0000005e  UCA0IRTCTL                             
00000064  UCA0MCTL                               
00000066  UCA0RXBUF                              
00000065  UCA0STAT                               
00000067  UCA0TXBUF                              
0000006a  UCB0BR0                                
0000006b  UCB0BR1                                
00000068  UCB0CTL0                               
00000069  UCB0CTL1                               
0000006c  UCB0I2CIE                              
00000118  UCB0I2COA                              
0000011a  UCB0I2CSA                              
0000006e  UCB0RXBUF                              
0000006d  UCB0STAT                               
0000006f  UCB0TXBUF                              
00000120  WDTCTL                                 
0000110c  Xper                                   
00001110  Yper                                   
00001114  Zper                                   
00003100  __STACK_END                            
000000a0  __STACK_SIZE                           
0000541a  __TI_CINIT_Base                        
0000541e  __TI_CINIT_Limit                       
0000541e  __TI_CINIT_Warm                        
00005418  __TI_Handler_Table_Base                
0000541a  __TI_Handler_Table_Limit               
0000540c  __TI_ISR_TRAP                          
00004eac  __TI_auto_init_nobinit_nopinit_hold_wdt
00003cee  __TI_frcdivd                           
00004900  __TI_frcmpyd                           
0000ffdc  __TI_int14                             
0000ffde  __TI_int15                             
0000ffe0  __TI_int16                             
0000ffe2  __TI_int17                             
0000ffe4  __TI_int18                             
0000ffe6  __TI_int19                             
0000ffe8  __TI_int20                             
0000ffea  __TI_int21                             
0000ffec  __TI_int22                             
0000ffee  __TI_int23                             
0000fff0  __TI_int24                             
0000fff2  __TI_int25                             
0000fff4  __TI_int26                             
0000fff6  __TI_int27                             
0000fff8  __TI_int28                             
0000fffa  __TI_int29                             
0000fffc  __TI_int30                             
ffffffff  __TI_pprof_out_hndl                    
ffffffff  __TI_prof_data_size                    
ffffffff  __TI_prof_data_start                   
0000531e  __TI_zero_init_nomemset                
ffffffff  __c_args__                             
00003100  __mspabi_addd                          
00004a72  __mspabi_cmpd                          
00004fe4  __mspabi_cmpf                          
00004b4e  __mspabi_cvtdf                         
00004de0  __mspabi_cvtfd                         
000046c8  __mspabi_divd                          
00004cae  __mspabi_divf                          
00004c02  __mspabi_fltlid                        
00005352  __mspabi_func_epilog_1                 
00005350  __mspabi_func_epilog_2                 
0000534e  __mspabi_func_epilog_3                 
0000534c  __mspabi_func_epilog_4                 
0000534a  __mspabi_func_epilog_5                 
00005348  __mspabi_func_epilog_6                 
00005346  __mspabi_func_epilog_7                 
00004166  __mspabi_mpyd                          
00005332  __mspabi_mpyi_hw                       
000051a6  __mspabi_mpyl_hw                       
00004d4a  __mspabi_mpyll_hw                      
00004f50  __mspabi_mpyull_hw                     
00005258  __mspabi_negd                          
0000522c  __mspabi_slli                          
00005254  __mspabi_slli_1                        
00005242  __mspabi_slli_10                       
00005240  __mspabi_slli_11                       
0000523e  __mspabi_slli_12                       
0000523c  __mspabi_slli_13                       
0000523a  __mspabi_slli_14                       
00005238  __mspabi_slli_15                       
00005252  __mspabi_slli_2                        
00005250  __mspabi_slli_3                        
0000524e  __mspabi_slli_4                        
0000524c  __mspabi_slli_5                        
0000524a  __mspabi_slli_6                        
00005248  __mspabi_slli_7                        
00005246  __mspabi_slli_8                        
00005244  __mspabi_slli_9                        
00005172  __mspabi_slll_1                        
0000514e  __mspabi_slll_10                       
0000514a  __mspabi_slll_11                       
00005146  __mspabi_slll_12                       
00005142  __mspabi_slll_13                       
0000513e  __mspabi_slll_14                       
0000513a  __mspabi_slll_15                       
0000516e  __mspabi_slll_2                        
0000516a  __mspabi_slll_3                        
00005166  __mspabi_slll_4                        
00005162  __mspabi_slll_5                        
0000515e  __mspabi_slll_6                        
0000515a  __mspabi_slll_7                        
00005156  __mspabi_slll_8                        
00005152  __mspabi_slll_9                        
000050b8  __mspabi_sllll                         
00005200  __mspabi_srai                          
00005228  __mspabi_srai_1                        
00005216  __mspabi_srai_10                       
00005214  __mspabi_srai_11                       
00005212  __mspabi_srai_12                       
00005210  __mspabi_srai_13                       
0000520e  __mspabi_srai_14                       
0000520c  __mspabi_srai_15                       
00005226  __mspabi_srai_2                        
00005224  __mspabi_srai_3                        
00005222  __mspabi_srai_4                        
00005220  __mspabi_srai_5                        
0000521e  __mspabi_srai_6                        
0000521c  __mspabi_srai_7                        
0000521a  __mspabi_srai_8                        
00005218  __mspabi_srai_9                        
00005134  __mspabi_sral_1                        
00005110  __mspabi_sral_10                       
0000510c  __mspabi_sral_11                       
00005108  __mspabi_sral_12                       
00005104  __mspabi_sral_13                       
00005100  __mspabi_sral_14                       
000050fc  __mspabi_sral_15                       
00005130  __mspabi_sral_2                        
0000512c  __mspabi_sral_3                        
00005128  __mspabi_sral_4                        
00005124  __mspabi_sral_5                        
00005120  __mspabi_sral_6                        
0000511c  __mspabi_sral_7                        
00005118  __mspabi_sral_8                        
00005114  __mspabi_sral_9                        
00004f9a  __mspabi_srall                         
00004f04  __mspabi_srli                          
00004f4a  __mspabi_srli_1                        
00004f26  __mspabi_srli_10                       
00004f22  __mspabi_srli_11                       
00004f1e  __mspabi_srli_12                       
00004f1a  __mspabi_srli_13                       
00004f16  __mspabi_srli_14                       
00004f12  __mspabi_srli_15                       
00004f46  __mspabi_srli_2                        
00004f42  __mspabi_srli_3                        
00004f3e  __mspabi_srli_4                        
00004f3a  __mspabi_srli_5                        
00004f36  __mspabi_srli_6                        
00004f32  __mspabi_srli_7                        
00004f2e  __mspabi_srli_8                        
00004f2a  __mspabi_srli_9                        
00004ea4  __mspabi_srll_1                        
00004e6e  __mspabi_srll_10                       
00004e68  __mspabi_srll_11                       
00004e62  __mspabi_srll_12                       
00004e5c  __mspabi_srll_13                       
00004e56  __mspabi_srll_14                       
00004e50  __mspabi_srll_15                       
00004e9e  __mspabi_srll_2                        
00004e98  __mspabi_srll_3                        
00004e92  __mspabi_srll_4                        
00004e8c  __mspabi_srll_5                        
00004e86  __mspabi_srll_6                        
00004e80  __mspabi_srll_7                        
00004e7a  __mspabi_srll_8                        
00004e74  __mspabi_srll_9                        
0000502e  __mspabi_srlll                         
00005178  __mspabi_subd                          
000052ee  _c_int00_noargs                        
0000fffe  _reset_vector                          
00003060  _stack                                 
00005372  _system_post_cinit                     
0000536e  _system_pre_init                       
00001118  aDev                                   
00005362  abort                                  
00003836  atan                                   
00003836  atanl                                  
000051d4  main                                   
00004426  sendData                               
000052ce  timerA_ISR                             
00005368  watchdog_timer                         


GLOBAL SYMBOLS: SORTED BY Symbol Address 

address   name                                   
-------   ----                                   
00000000  IE1                                    
00000001  IE2                                    
00000002  IFG1                                   
00000003  IFG2                                   
00000005  ME2                                    
00000008  P9IN                                   
00000008  PBIN                                   
00000009  P10IN                                  
0000000a  P9OUT                                  
0000000a  PBOUT                                  
0000000b  P10OUT                                 
0000000c  P9DIR                                  
0000000c  PBDIR                                  
0000000d  P10DIR                                 
0000000e  P9SEL                                  
0000000e  PBSEL                                  
0000000f  P10SEL                                 
00000018  P3IN                                   
00000019  P3OUT                                  
0000001a  P3DIR                                  
0000001b  P3SEL                                  
0000001c  P4IN                                   
0000001d  P4OUT                                  
0000001e  P4DIR                                  
0000001f  P4SEL                                  
00000020  P1IN                                   
00000021  P1OUT                                  
00000022  P1DIR                                  
00000023  P1IFG                                  
00000024  P1IES                                  
00000025  P1IE                                   
00000026  P1SEL                                  
00000028  P2IN                                   
00000029  P2OUT                                  
0000002a  P2DIR                                  
0000002b  P2IFG                                  
0000002c  P2IES                                  
0000002d  P2IE                                   
0000002e  P2SEL                                  
00000030  P5IN                                   
00000031  P5OUT                                  
00000032  P5DIR                                  
00000033  P5SEL                                  
00000034  P6IN                                   
00000035  P6OUT                                  
00000036  P6DIR                                  
00000037  P6SEL                                  
00000038  P7IN                                   
00000038  PAIN                                   
00000039  P8IN                                   
0000003a  P7OUT                                  
0000003a  PAOUT                                  
0000003b  P8OUT                                  
0000003c  P7DIR                                  
0000003c  PADIR                                  
0000003d  P8DIR                                  
0000003e  P7SEL                                  
0000003e  PASEL                                  
0000003f  P8SEL                                  
00000040  BTCTL                                  
00000040  RTCTL                                  
00000041  RTCCTL                                 
00000042  RTCNT1                                 
00000042  RTCTIM0                                
00000043  RTCNT2                                 
00000044  RTCNT3                                 
00000044  RTCTIM1                                
00000045  RTCNT4                                 
00000046  BTCNT1                                 
00000046  BTCNT12                                
00000047  BTCNT2                                 
0000004c  RTCDATE                                
0000004c  RTCDAY                                 
0000004d  RTCMON                                 
0000004e  RTCYEAR                                
0000004e  RTCYEARL                               
0000004f  RTCYEARH                               
00000050  SCFI0                                  
00000051  SCFI1                                  
00000052  SCFQCTL                                
00000053  FLL_CTL0                               
00000054  FLL_CTL1                               
00000056  SVSCTL                                 
00000059  CACTL1                                 
0000005a  CACTL2                                 
0000005b  CAPD                                   
0000005d  UCA0ABCTL                              
0000005e  UCA0IRTCTL                             
0000005f  UCA0IRRCTL                             
00000060  UCA0CTL0                               
00000061  UCA0CTL1                               
00000062  UCA0BR0                                
00000063  UCA0BR1                                
00000064  UCA0MCTL                               
00000065  UCA0STAT                               
00000066  UCA0RXBUF                              
00000067  UCA0TXBUF                              
00000068  UCB0CTL0                               
00000069  UCB0CTL1                               
0000006a  UCB0BR0                                
0000006b  UCB0BR1                                
0000006c  UCB0I2CIE                              
0000006d  UCB0STAT                               
0000006e  UCB0RXBUF                              
0000006f  UCB0TXBUF                              
00000078  U1CTL                                  
00000079  U1TCTL                                 
0000007a  U1RCTL                                 
0000007b  U1MCTL                                 
0000007c  U1BR0                                  
0000007d  U1BR1                                  
0000007e  U1RXBUF                                
0000007f  U1TXBUF                                
00000080  ADC12MCTL0                             
00000081  ADC12MCTL1                             
00000082  ADC12MCTL2                             
00000083  ADC12MCTL3                             
00000084  ADC12MCTL4                             
00000085  ADC12MCTL5                             
00000086  ADC12MCTL6                             
00000087  ADC12MCTL7                             
00000088  ADC12MCTL8                             
00000089  ADC12MCTL9                             
0000008a  ADC12MCTL10                            
0000008b  ADC12MCTL11                            
0000008c  ADC12MCTL12                            
0000008d  ADC12MCTL13                            
0000008e  ADC12MCTL14                            
0000008f  ADC12MCTL15                            
00000090  LCDACTL                                
00000091  LCDM1                                  
00000092  LCDM2                                  
00000093  LCDM3                                  
00000094  LCDM4                                  
00000095  LCDM5                                  
00000096  LCDM6                                  
00000097  LCDM7                                  
00000098  LCDM8                                  
00000099  LCDM9                                  
0000009a  LCDM10                                 
0000009b  LCDM11                                 
0000009c  LCDM12                                 
0000009d  LCDM13                                 
0000009e  LCDM14                                 
0000009f  LCDM15                                 
000000a0  LCDM16                                 
000000a0  __STACK_SIZE                           
000000a1  LCDM17                                 
000000a2  LCDM18                                 
000000a3  LCDM19                                 
000000a4  LCDM20                                 
000000ac  LCDAPCTL0                              
000000ad  LCDAPCTL1                              
000000ae  LCDAVCTL0                              
000000af  LCDAVCTL1                              
000000c0  OA0CTL0                                
000000c1  OA0CTL1                                
000000c2  OA1CTL0                                
000000c3  OA1CTL1                                
000000c4  OA2CTL0                                
000000c5  OA2CTL1                                
00000118  UCB0I2COA                              
0000011a  UCB0I2CSA                              
0000011e  TBIV                                   
00000120  WDTCTL                                 
00000122  DMACTL0                                
00000124  DMACTL1                                
00000126  DMAIV                                  
00000128  FCTL1                                  
0000012a  FCTL2                                  
0000012c  FCTL3                                  
0000012e  TAIV                                   
00000130  MPY                                    
00000132  MPYS                                   
00000134  MAC                                    
00000136  MACS                                   
00000138  OP2                                    
0000013a  RESLO                                  
0000013c  RESHI                                  
0000013e  SUMEXT                                 
00000140  ADC12MEM0                              
00000142  ADC12MEM1                              
00000144  ADC12MEM2                              
00000146  ADC12MEM3                              
00000148  ADC12MEM4                              
0000014a  ADC12MEM5                              
0000014c  ADC12MEM6                              
0000014e  ADC12MEM7                              
00000150  ADC12MEM8                              
00000152  ADC12MEM9                              
00000154  ADC12MEM10                             
00000156  ADC12MEM11                             
00000158  ADC12MEM12                             
0000015a  ADC12MEM13                             
0000015c  ADC12MEM14                             
0000015e  ADC12MEM15                             
00000160  TACTL                                  
00000162  TACCTL0                                
00000164  TACCTL1                                
00000166  TACCTL2                                
00000170  TAR                                    
00000172  TACCR0                                 
00000174  TACCR1                                 
00000176  TACCR2                                 
00000180  TBCTL                                  
00000182  TBCCTL0                                
00000184  TBCCTL1                                
00000186  TBCCTL2                                
00000188  TBCCTL3                                
0000018a  TBCCTL4                                
0000018c  TBCCTL5                                
0000018e  TBCCTL6                                
00000190  TBR                                    
00000192  TBCCR0                                 
00000194  TBCCR1                                 
00000196  TBCCR2                                 
00000198  TBCCR3                                 
0000019a  TBCCR4                                 
0000019c  TBCCR5                                 
0000019e  TBCCR6                                 
000001a0  ADC12CTL0                              
000001a2  ADC12CTL1                              
000001a4  ADC12IFG                               
000001a6  ADC12IE                                
000001a8  ADC12IV                                
000001c0  DAC12_0CTL                             
000001c2  DAC12_1CTL                             
000001c8  DAC12_0DAT                             
000001ca  DAC12_1DAT                             
000001d0  DMA0CTL                                
000001d2  DMA0SA                                 
000001d2  DMA0SAL                                
000001d6  DMA0DA                                 
000001d6  DMA0DAL                                
000001da  DMA0SZ                                 
000001dc  DMA1CTL                                
000001de  DMA1SA                                 
000001de  DMA1SAL                                
000001e2  DMA1DA                                 
000001e2  DMA1DAL                                
000001e6  DMA1SZ                                 
000001e8  DMA2CTL                                
000001ea  DMA2SA                                 
000001ea  DMA2SAL                                
000001ee  DMA2DA                                 
000001ee  DMA2DAL                                
000001f2  DMA2SZ                                 
00001100  ADCXval                                
00001104  ADCYval                                
00001108  ADCZval                                
0000110c  Xper                                   
00001110  Yper                                   
00001114  Zper                                   
00001118  aDev                                   
00003060  _stack                                 
00003100  __STACK_END                            
00003100  __mspabi_addd                          
00003836  atan                                   
00003836  atanl                                  
00003cee  __TI_frcdivd                           
00004166  __mspabi_mpyd                          
00004426  sendData                               
000046c8  __mspabi_divd                          
00004900  __TI_frcmpyd                           
00004a72  __mspabi_cmpd                          
00004b4e  __mspabi_cvtdf                         
00004c02  __mspabi_fltlid                        
00004cae  __mspabi_divf                          
00004d4a  __mspabi_mpyll_hw                      
00004de0  __mspabi_cvtfd                         
00004e50  __mspabi_srll_15                       
00004e56  __mspabi_srll_14                       
00004e5c  __mspabi_srll_13                       
00004e62  __mspabi_srll_12                       
00004e68  __mspabi_srll_11                       
00004e6e  __mspabi_srll_10                       
00004e74  __mspabi_srll_9                        
00004e7a  __mspabi_srll_8                        
00004e80  __mspabi_srll_7                        
00004e86  __mspabi_srll_6                        
00004e8c  __mspabi_srll_5                        
00004e92  __mspabi_srll_4                        
00004e98  __mspabi_srll_3                        
00004e9e  __mspabi_srll_2                        
00004ea4  __mspabi_srll_1                        
00004eac  __TI_auto_init_nobinit_nopinit_hold_wdt
00004f04  __mspabi_srli                          
00004f12  __mspabi_srli_15                       
00004f16  __mspabi_srli_14                       
00004f1a  __mspabi_srli_13                       
00004f1e  __mspabi_srli_12                       
00004f22  __mspabi_srli_11                       
00004f26  __mspabi_srli_10                       
00004f2a  __mspabi_srli_9                        
00004f2e  __mspabi_srli_8                        
00004f32  __mspabi_srli_7                        
00004f36  __mspabi_srli_6                        
00004f3a  __mspabi_srli_5                        
00004f3e  __mspabi_srli_4                        
00004f42  __mspabi_srli_3                        
00004f46  __mspabi_srli_2                        
00004f4a  __mspabi_srli_1                        
00004f50  __mspabi_mpyull_hw                     
00004f9a  __mspabi_srall                         
00004fe4  __mspabi_cmpf                          
0000502e  __mspabi_srlll                         
00005074  ADC_setup                              
000050b8  __mspabi_sllll                         
000050fc  __mspabi_sral_15                       
00005100  __mspabi_sral_14                       
00005104  __mspabi_sral_13                       
00005108  __mspabi_sral_12                       
0000510c  __mspabi_sral_11                       
00005110  __mspabi_sral_10                       
00005114  __mspabi_sral_9                        
00005118  __mspabi_sral_8                        
0000511c  __mspabi_sral_7                        
00005120  __mspabi_sral_6                        
00005124  __mspabi_sral_5                        
00005128  __mspabi_sral_4                        
0000512c  __mspabi_sral_3                        
00005130  __mspabi_sral_2                        
00005134  __mspabi_sral_1                        
0000513a  __mspabi_slll_15                       
0000513e  __mspabi_slll_14                       
00005142  __mspabi_slll_13                       
00005146  __mspabi_slll_12                       
0000514a  __mspabi_slll_11                       
0000514e  __mspabi_slll_10                       
00005152  __mspabi_slll_9                        
00005156  __mspabi_slll_8                        
0000515a  __mspabi_slll_7                        
0000515e  __mspabi_slll_6                        
00005162  __mspabi_slll_5                        
00005166  __mspabi_slll_4                        
0000516a  __mspabi_slll_3                        
0000516e  __mspabi_slll_2                        
00005172  __mspabi_slll_1                        
00005178  __mspabi_subd                          
000051a6  __mspabi_mpyl_hw                       
000051d4  main                                   
00005200  __mspabi_srai                          
0000520c  __mspabi_srai_15                       
0000520e  __mspabi_srai_14                       
00005210  __mspabi_srai_13                       
00005212  __mspabi_srai_12                       
00005214  __mspabi_srai_11                       
00005216  __mspabi_srai_10                       
00005218  __mspabi_srai_9                        
0000521a  __mspabi_srai_8                        
0000521c  __mspabi_srai_7                        
0000521e  __mspabi_srai_6                        
00005220  __mspabi_srai_5                        
00005222  __mspabi_srai_4                        
00005224  __mspabi_srai_3                        
00005226  __mspabi_srai_2                        
00005228  __mspabi_srai_1                        
0000522c  __mspabi_slli                          
00005238  __mspabi_slli_15                       
0000523a  __mspabi_slli_14                       
0000523c  __mspabi_slli_13                       
0000523e  __mspabi_slli_12                       
00005240  __mspabi_slli_11                       
00005242  __mspabi_slli_10                       
00005244  __mspabi_slli_9                        
00005246  __mspabi_slli_8                        
00005248  __mspabi_slli_7                        
0000524a  __mspabi_slli_6                        
0000524c  __mspabi_slli_5                        
0000524e  __mspabi_slli_4                        
00005250  __mspabi_slli_3                        
00005252  __mspabi_slli_2                        
00005254  __mspabi_slli_1                        
00005258  __mspabi_negd                          
00005282  ADC12ISR                               
000052a8  UART_setup                             
000052ce  timerA_ISR                             
000052ee  _c_int00_noargs                        
0000530a  TimerA_setup                           
0000531e  __TI_zero_init_nomemset                
00005332  __mspabi_mpyi_hw                       
00005346  __mspabi_func_epilog_7                 
00005348  __mspabi_func_epilog_6                 
0000534a  __mspabi_func_epilog_5                 
0000534c  __mspabi_func_epilog_4                 
0000534e  __mspabi_func_epilog_3                 
00005350  __mspabi_func_epilog_2                 
00005352  __mspabi_func_epilog_1                 
00005356  UART_Send_Character                    
00005362  C$$EXIT                                
00005362  abort                                  
00005368  watchdog_timer                         
0000536e  _system_pre_init                       
00005372  _system_post_cinit                     
0000540c  __TI_ISR_TRAP                          
00005418  __TI_Handler_Table_Base                
0000541a  __TI_CINIT_Base                        
0000541a  __TI_Handler_Table_Limit               
0000541e  __TI_CINIT_Limit                       
0000541e  __TI_CINIT_Warm                        
0000ffdc  __TI_int14                             
0000ffde  __TI_int15                             
0000ffe0  __TI_int16                             
0000ffe2  __TI_int17                             
0000ffe4  __TI_int18                             
0000ffe6  __TI_int19                             
0000ffe8  __TI_int20                             
0000ffea  __TI_int21                             
0000ffec  __TI_int22                             
0000ffee  __TI_int23                             
0000fff0  __TI_int24                             
0000fff2  __TI_int25                             
0000fff4  __TI_int26                             
0000fff6  __TI_int27                             
0000fff8  __TI_int28                             
0000fffa  __TI_int29                             
0000fffc  __TI_int30                             
0000fffe  _reset_vector                          
ffffffff  __TI_pprof_out_hndl                    
ffffffff  __TI_prof_data_size                    
ffffffff  __TI_prof_data_start                   
ffffffff  __c_args__                             

[422 symbols]
